Archive member included to satisfy reference by file (symbol)

D:/ST/STM32CubeIDE_1.15.1/STM32CubeIDE/plugins/com.st.stm32cube.ide.mcu.externaltools.gnu-tools-for-stm32.12.3.rel1.win32_1.0.100.202403111256/tools/bin/../lib/gcc/arm-none-eabi/12.3.1/../../../../arm-none-eabi/lib/thumb/v7e-m+fp/hard\libc_nano.a(libc_a-exit.o)
                              D:/ST/STM32CubeIDE_1.15.1/STM32CubeIDE/plugins/com.st.stm32cube.ide.mcu.externaltools.gnu-tools-for-stm32.12.3.rel1.win32_1.0.100.202403111256/tools/bin/../lib/gcc/arm-none-eabi/12.3.1/../../../../arm-none-eabi/lib/thumb/v7e-m+fp/hard/crt0.o (exit)
D:/ST/STM32CubeIDE_1.15.1/STM32CubeIDE/plugins/com.st.stm32cube.ide.mcu.externaltools.gnu-tools-for-stm32.12.3.rel1.win32_1.0.100.202403111256/tools/bin/../lib/gcc/arm-none-eabi/12.3.1/../../../../arm-none-eabi/lib/thumb/v7e-m+fp/hard\libc_nano.a(libc_a-findfp.o)
                              D:/ST/STM32CubeIDE_1.15.1/STM32CubeIDE/plugins/com.st.stm32cube.ide.mcu.externaltools.gnu-tools-for-stm32.12.3.rel1.win32_1.0.100.202403111256/tools/bin/../lib/gcc/arm-none-eabi/12.3.1/../../../../arm-none-eabi/lib/thumb/v7e-m+fp/hard\libc_nano.a(libc_a-exit.o) (__stdio_exit_handler)
D:/ST/STM32CubeIDE_1.15.1/STM32CubeIDE/plugins/com.st.stm32cube.ide.mcu.externaltools.gnu-tools-for-stm32.12.3.rel1.win32_1.0.100.202403111256/tools/bin/../lib/gcc/arm-none-eabi/12.3.1/../../../../arm-none-eabi/lib/thumb/v7e-m+fp/hard\libc_nano.a(libc_a-fwalk.o)
                              D:/ST/STM32CubeIDE_1.15.1/STM32CubeIDE/plugins/com.st.stm32cube.ide.mcu.externaltools.gnu-tools-for-stm32.12.3.rel1.win32_1.0.100.202403111256/tools/bin/../lib/gcc/arm-none-eabi/12.3.1/../../../../arm-none-eabi/lib/thumb/v7e-m+fp/hard\libc_nano.a(libc_a-findfp.o) (_fwalk_sglue)
D:/ST/STM32CubeIDE_1.15.1/STM32CubeIDE/plugins/com.st.stm32cube.ide.mcu.externaltools.gnu-tools-for-stm32.12.3.rel1.win32_1.0.100.202403111256/tools/bin/../lib/gcc/arm-none-eabi/12.3.1/../../../../arm-none-eabi/lib/thumb/v7e-m+fp/hard\libc_nano.a(libc_a-sprintf.o)
                              ./Core/Src/alarm.o (sprintf)
D:/ST/STM32CubeIDE_1.15.1/STM32CubeIDE/plugins/com.st.stm32cube.ide.mcu.externaltools.gnu-tools-for-stm32.12.3.rel1.win32_1.0.100.202403111256/tools/bin/../lib/gcc/arm-none-eabi/12.3.1/../../../../arm-none-eabi/lib/thumb/v7e-m+fp/hard\libc_nano.a(libc_a-stdio.o)
                              D:/ST/STM32CubeIDE_1.15.1/STM32CubeIDE/plugins/com.st.stm32cube.ide.mcu.externaltools.gnu-tools-for-stm32.12.3.rel1.win32_1.0.100.202403111256/tools/bin/../lib/gcc/arm-none-eabi/12.3.1/../../../../arm-none-eabi/lib/thumb/v7e-m+fp/hard\libc_nano.a(libc_a-findfp.o) (__sread)
D:/ST/STM32CubeIDE_1.15.1/STM32CubeIDE/plugins/com.st.stm32cube.ide.mcu.externaltools.gnu-tools-for-stm32.12.3.rel1.win32_1.0.100.202403111256/tools/bin/../lib/gcc/arm-none-eabi/12.3.1/../../../../arm-none-eabi/lib/thumb/v7e-m+fp/hard\libc_nano.a(libc_a-memset.o)
                              D:/ST/STM32CubeIDE_1.15.1/STM32CubeIDE/plugins/com.st.stm32cube.ide.mcu.externaltools.gnu-tools-for-stm32.12.3.rel1.win32_1.0.100.202403111256/tools/bin/../lib/gcc/arm-none-eabi/12.3.1/../../../../arm-none-eabi/lib/thumb/v7e-m+fp/hard/crt0.o (memset)
D:/ST/STM32CubeIDE_1.15.1/STM32CubeIDE/plugins/com.st.stm32cube.ide.mcu.externaltools.gnu-tools-for-stm32.12.3.rel1.win32_1.0.100.202403111256/tools/bin/../lib/gcc/arm-none-eabi/12.3.1/../../../../arm-none-eabi/lib/thumb/v7e-m+fp/hard\libc_nano.a(libc_a-closer.o)
                              D:/ST/STM32CubeIDE_1.15.1/STM32CubeIDE/plugins/com.st.stm32cube.ide.mcu.externaltools.gnu-tools-for-stm32.12.3.rel1.win32_1.0.100.202403111256/tools/bin/../lib/gcc/arm-none-eabi/12.3.1/../../../../arm-none-eabi/lib/thumb/v7e-m+fp/hard\libc_nano.a(libc_a-stdio.o) (_close_r)
D:/ST/STM32CubeIDE_1.15.1/STM32CubeIDE/plugins/com.st.stm32cube.ide.mcu.externaltools.gnu-tools-for-stm32.12.3.rel1.win32_1.0.100.202403111256/tools/bin/../lib/gcc/arm-none-eabi/12.3.1/../../../../arm-none-eabi/lib/thumb/v7e-m+fp/hard\libc_nano.a(libc_a-reent.o)
                              D:/ST/STM32CubeIDE_1.15.1/STM32CubeIDE/plugins/com.st.stm32cube.ide.mcu.externaltools.gnu-tools-for-stm32.12.3.rel1.win32_1.0.100.202403111256/tools/bin/../lib/gcc/arm-none-eabi/12.3.1/../../../../arm-none-eabi/lib/thumb/v7e-m+fp/hard\libc_nano.a(libc_a-closer.o) (errno)
D:/ST/STM32CubeIDE_1.15.1/STM32CubeIDE/plugins/com.st.stm32cube.ide.mcu.externaltools.gnu-tools-for-stm32.12.3.rel1.win32_1.0.100.202403111256/tools/bin/../lib/gcc/arm-none-eabi/12.3.1/../../../../arm-none-eabi/lib/thumb/v7e-m+fp/hard\libc_nano.a(libc_a-impure.o)
                              D:/ST/STM32CubeIDE_1.15.1/STM32CubeIDE/plugins/com.st.stm32cube.ide.mcu.externaltools.gnu-tools-for-stm32.12.3.rel1.win32_1.0.100.202403111256/tools/bin/../lib/gcc/arm-none-eabi/12.3.1/../../../../arm-none-eabi/lib/thumb/v7e-m+fp/hard\libc_nano.a(libc_a-sprintf.o) (_impure_ptr)
[...]
Memory Configuration

Name             Origin             Length             Attributes
CCMRAM           0x10000000         0x00010000         xrw
RAM              0x20000000         0x00020000         xrw
FLASH            0x08000000         0x00080000         xr
*default*        0x00000000         0xffffffff

Linker script and memory map

LOAD D:/ST/STM32CubeIDE_1.15.1/STM32CubeIDE/plugins/com.st.stm32cube.ide.mcu.externaltools.gnu-tools-for-stm32.12.3.rel1.win32_1.0.100.202403111256/tools/bin/../lib/gcc/arm-none-eabi/12.3.1/thumb/v7e-m+fp/hard/crti.o
LOAD D:/ST/STM32CubeIDE_1.15.1/STM32CubeIDE/plugins/com.st.stm32cube.ide.mcu.externaltools.gnu-tools-for-stm32.12.3.rel1.win32_1.0.100.202403111256/tools/bin/../lib/gcc/arm-none-eabi/12.3.1/thumb/v7e-m+fp/hard/crtbegin.o
LOAD D:/ST/STM32CubeIDE_1.15.1/STM32CubeIDE/plugins/com.st.stm32cube.ide.mcu.externaltools.gnu-tools-for-stm32.12.3.rel1.win32_1.0.100.202403111256/tools/bin/../lib/gcc/arm-none-eabi/12.3.1/../../../../arm-none-eabi/lib/thumb/v7e-m+fp/hard/crt0.o
LOAD ./Core/Src/7SEG.o
LOAD ./Core/Src/CLCD.o
LOAD ./Core/Src/alarm.o
LOAD ./Core/Src/buzzer.o
LOAD ./Core/Src/clock.o
LOAD ./Core/Src/main.o
LOAD ./Core/Src/stm32f4xx_hal_msp.o
LOAD ./Core/Src/stm32f4xx_it.o
LOAD ./Core/Src/stopWatch.o
LOAD ./Core/Src/swControll.o
LOAD ./Core/Src/syscalls.o
LOAD ./Core/Src/sysmem.o
LOAD ./Core/Src/system_stm32f4xx.o
LOAD ./Core/Src/uartLEDControll.o
LOAD ./Core/Startup/startup_stm32f407vetx.o
LOAD ./Drivers/STM32F4xx_HAL_Driver/Src/stm32f4xx_hal.o
LOAD ./Drivers/STM32F4xx_HAL_Driver/Src/stm32f4xx_hal_cortex.o
LOAD ./Drivers/STM32F4xx_HAL_Driver/Src/stm32f4xx_hal_dma.o
LOAD ./Drivers/STM32F4xx_HAL_Driver/Src/stm32f4xx_hal_dma_ex.o
LOAD ./Drivers/STM32F4xx_HAL_Driver/Src/stm32f4xx_hal_exti.o
LOAD ./Drivers/STM32F4xx_HAL_Driver/Src/stm32f4xx_hal_flash.o
LOAD ./Drivers/STM32F4xx_HAL_Driver/Src/stm32f4xx_hal_flash_ex.o
LOAD ./Drivers/STM32F4xx_HAL_Driver/Src/stm32f4xx_hal_flash_ramfunc.o
LOAD ./Drivers/STM32F4xx_HAL_Driver/Src/stm32f4xx_hal_gpio.o
LOAD ./Drivers/STM32F4xx_HAL_Driver/Src/stm32f4xx_hal_pwr.o
LOAD ./Drivers/STM32F4xx_HAL_Driver/Src/stm32f4xx_hal_pwr_ex.o
LOAD ./Drivers/STM32F4xx_HAL_Driver/Src/stm32f4xx_hal_rcc.o
LOAD ./Drivers/STM32F4xx_HAL_Driver/Src/stm32f4xx_hal_rcc_ex.o
LOAD ./Drivers/STM32F4xx_HAL_Driver/Src/stm32f4xx_hal_tim.o
LOAD ./Drivers/STM32F4xx_HAL_Driver/Src/stm32f4xx_hal_tim_ex.o
LOAD ./Drivers/STM32F4xx_HAL_Driver/Src/stm32f4xx_hal_uart.o
START GROUP
LOAD D:/ST/STM32CubeIDE_1.15.1/STM32CubeIDE/plugins/com.st.stm32cube.ide.mcu.externaltools.gnu-tools-for-stm32.12.3.rel1.win32_1.0.100.202403111256/tools/bin/../lib/gcc/arm-none-eabi/12.3.1/../../../../arm-none-eabi/lib/thumb/v7e-m+fp/hard\libc_nano.a
LOAD D:/ST/STM32CubeIDE_1.15.1/STM32CubeIDE/plugins/com.st.stm32cube.ide.mcu.externaltools.gnu-tools-for-stm32.12.3.rel1.win32_1.0.100.202403111256/tools/bin/../lib/gcc/arm-none-eabi/12.3.1/../../../../arm-none-eabi/lib/thumb/v7e-m+fp/hard\libm.a
END GROUP
START GROUP
LOAD D:/ST/STM32CubeIDE_1.15.1/STM32CubeIDE/plugins/com.st.stm32cube.ide.mcu.externaltools.gnu-tools-for-stm32.12.3.rel1.win32_1.0.100.202403111256/tools/bin/../lib/gcc/arm-none-eabi/12.3.1/thumb/v7e-m+fp/hard\libgcc.a
LOAD D:/ST/STM32CubeIDE_1.15.1/STM32CubeIDE/plugins/com.st.stm32cube.ide.mcu.externaltools.gnu-tools-for-stm32.12.3.rel1.win32_1.0.100.202403111256/tools/bin/../lib/gcc/arm-none-eabi/12.3.1/../../../../arm-none-eabi/lib/thumb/v7e-m+fp/hard\libc_nano.a
END GROUP
START GROUP
LOAD D:/ST/STM32CubeIDE_1.15.1/STM32CubeIDE/plugins/com.st.stm32cube.ide.mcu.externaltools.gnu-tools-for-stm32.12.3.rel1.win32_1.0.100.202403111256/tools/bin/../lib/gcc/arm-none-eabi/12.3.1/thumb/v7e-m+fp/hard\libgcc.a
LOAD D:/ST/STM32CubeIDE_1.15.1/STM32CubeIDE/plugins/com.st.stm32cube.ide.mcu.externaltools.gnu-tools-for-stm32.12.3.rel1.win32_1.0.100.202403111256/tools/bin/../lib/gcc/arm-none-eabi/12.3.1/../../../../arm-none-eabi/lib/thumb/v7e-m+fp/hard\libc_nano.a
LOAD D:/ST/STM32CubeIDE_1.15.1/STM32CubeIDE/plugins/com.st.stm32cube.ide.mcu.externaltools.gnu-tools-for-stm32.12.3.rel1.win32_1.0.100.202403111256/tools/bin/../lib/gcc/arm-none-eabi/12.3.1/../../../../arm-none-eabi/lib/thumb/v7e-m+fp/hard\libnosys.a
END GROUP
START GROUP
LOAD D:/ST/STM32CubeIDE_1.15.1/STM32CubeIDE/plugins/com.st.stm32cube.ide.mcu.externaltools.gnu-tools-for-stm32.12.3.rel1.win32_1.0.100.202403111256/tools/bin/../lib/gcc/arm-none-eabi/12.3.1/thumb/v7e-m+fp/hard\libgcc.a
LOAD D:/ST/STM32CubeIDE_1.15.1/STM32CubeIDE/plugins/com.st.stm32cube.ide.mcu.externaltools.gnu-tools-for-stm32.12.3.rel1.win32_1.0.100.202403111256/tools/bin/../lib/gcc/arm-none-eabi/12.3.1/../../../../arm-none-eabi/lib/thumb/v7e-m+fp/hard\libc_nano.a
LOAD D:/ST/STM32CubeIDE_1.15.1/STM32CubeIDE/plugins/com.st.stm32cube.ide.mcu.externaltools.gnu-tools-for-stm32.12.3.rel1.win32_1.0.100.202403111256/tools/bin/../lib/gcc/arm-none-eabi/12.3.1/../../../../arm-none-eabi/lib/thumb/v7e-m+fp/hard\libnosys.a
END GROUP
LOAD D:/ST/STM32CubeIDE_1.15.1/STM32CubeIDE/plugins/com.st.stm32cube.ide.mcu.externaltools.gnu-tools-for-stm32.12.3.rel1.win32_1.0.100.202403111256/tools/bin/../lib/gcc/arm-none-eabi/12.3.1/thumb/v7e-m+fp/hard/crtend.o
LOAD D:/ST/STM32CubeIDE_1.15.1/STM32CubeIDE/plugins/com.st.stm32cube.ide.mcu.externaltools.gnu-tools-for-stm32.12.3.rel1.win32_1.0.100.202403111256/tools/bin/../lib/gcc/arm-none-eabi/12.3.1/thumb/v7e-m+fp/hard/crtn.o
                0x20020000                        _estack = (ORIGIN (RAM) + LENGTH (RAM))
                0x00000200                        _Min_Heap_Size = 0x200
                0x00000400                        _Min_Stack_Size = 0x400

.isr_vector     0x08000000      0x188
                0x08000000                        . = ALIGN (0x4)
 *(.isr_vector)
 .isr_vector    0x08000000      0x188 ./Core/Startup/startup_stm32f407vetx.o
                0x08000000                g_pfnVectors
                0x08000188                        . = ALIGN (0x4)

.text           0x08000190     0x7888
                0x08000190                        . = ALIGN (0x4)
 *(.text)
 .text          0x08000190       0x40 D:/ST/STM32CubeIDE_1.15.1/STM32CubeIDE/plugins/com.st.stm32cube.ide.mcu.externaltools.gnu-tools-for-stm32.12.3.rel1.win32_1.0.100.202403111256/tools/bin/../lib/gcc/arm-none-eabi/12.3.1/thumb/v7e-m+fp/hard/crtbegin.o
 .text          0x080001d0       0xa0 D:/ST/STM32CubeIDE_1.15.1/STM32CubeIDE/plugins/com.st.stm32cube.ide.mcu.externaltools.gnu-tools-for-stm32.12.3.rel1.win32_1.0.100.202403111256/tools/bin/../lib/gcc/arm-none-eabi/12.3.1/../../../../arm-none-eabi/lib/thumb/v7e-m+fp/hard\libc_nano.a(libc_a-memchr.o)
                0x080001d0                memchr
 .text          0x08000270       0x30 D:/ST/STM32CubeIDE_1.15.1/STM32CubeIDE/plugins/com.st.stm32cube.ide.mcu.externaltools.gnu-tools-for-stm32.12.3.rel1.win32_1.0.100.202403111256/tools/bin/../lib/gcc/arm-none-eabi/12.3.1/thumb/v7e-m+fp/hard\libgcc.a(_aeabi_uldivmod.o)
                0x08000270                __aeabi_uldivmod
 .text          0x080002a0      0x2bc D:/ST/STM32CubeIDE_1.15.1/STM32CubeIDE/plugins/com.st.stm32cube.ide.mcu.externaltools.gnu-tools-for-stm32.12.3.rel1.win32_1.0.100.202403111256/tools/bin/../lib/gcc/arm-none-eabi/12.3.1/thumb/v7e-m+fp/hard\libgcc.a(_udivmoddi4.o)
                0x080002a0                __udivmoddi4
 .text          0x0800055c        0x4 D:/ST/STM32CubeIDE_1.15.1/STM32CubeIDE/plugins/com.st.stm32cube.ide.mcu.externaltools.gnu-tools-for-stm32.12.3.rel1.win32_1.0.100.202403111256/tools/bin/../lib/gcc/arm-none-eabi/12.3.1/thumb/v7e-m+fp/hard\libgcc.a(_dvmd_tls.o)
                0x0800055c                __aeabi_idiv0
                0x0800055c                __aeabi_ldiv0
 *(.text*)
 .text._7SEG_GPIO_Init
                0x08000560      0x1cc ./Core/Src/7SEG.o
                0x08000560                _7SEG_GPIO_Init
 .text._7SEG_SetNumber
                0x0800072c      0x7c4 ./Core/Src/7SEG.o
                0x0800072c                _7SEG_SetNumber
 .text.CLCD_GPIO_Init
                0x08000ef0       0xa0 ./Core/Src/CLCD.o
                0x08000ef0                CLCD_GPIO_Init
 .text.CLCD_Write_Instruction
                0x08000f90      0x194 ./Core/Src/CLCD.o
                0x08000f90                CLCD_Write_Instruction
 .text.CLCD_Write_Display
                0x08001124      0x194 ./Core/Src/CLCD.o
                0x08001124                CLCD_Write_Display
 .text.CLCD_Gotoxy
                0x080012b8       0x40 ./Core/Src/CLCD.o
                0x080012b8                CLCD_Gotoxy
 .text.CLCD_Puts
                0x080012f8       0x4a ./Core/Src/CLCD.o
                0x080012f8                CLCD_Puts
 .text.CLCD_Init
                0x08001342       0x44 ./Core/Src/CLCD.o
                0x08001342                CLCD_Init
 .text.CLCD_Clear
                0x08001386       0x14 ./Core/Src/CLCD.o
                0x08001386                CLCD_Clear
 *fill*         0x0800139a        0x2 
 .text.clcdDisplayAlarm
                0x0800139c       0xfc ./Core/Src/alarm.o
                0x0800139c                clcdDisplayAlarm
 .text.clcdDisplayAlarmTrigger
                0x08001498       0x4c ./Core/Src/alarm.o
                0x08001498                clcdDisplayAlarmTrigger
 .text.selectAlarm
                0x080014e4       0x30 ./Core/Src/alarm.o
                0x080014e4                selectAlarm
 .text.alarmTrigger
                0x08001514       0xb4 ./Core/Src/alarm.o
                0x08001514                alarmTrigger
 .text.returnToPreviousMode
                0x080015c8       0x20 ./Core/Src/alarm.o
                0x080015c8                returnToPreviousMode
 .text.getSelect
                0x080015e8       0x18 ./Core/Src/alarm.o
                0x080015e8                getSelect
 .text.getAlarmEnabled
                0x08001600       0x24 ./Core/Src/alarm.o
                0x08001600                getAlarmEnabled
 .text.setAlarmEnabled
                0x08001624       0x28 ./Core/Src/alarm.o
                0x08001624                setAlarmEnabled
 .text.getAlarmRepeat
                0x0800164c       0x24 ./Core/Src/alarm.o
                0x0800164c                getAlarmRepeat
 .text.setAlarmRepeat
                0x08001670       0x28 ./Core/Src/alarm.o
                0x08001670                setAlarmRepeat
 .text.buzOnOff
                0x08001698       0x60 ./Core/Src/buzzer.o
                0x08001698                buzOnOff
 .text.playMidTone
                0x080016f8       0x24 ./Core/Src/buzzer.o
                0x080016f8                playMidTone
 .text.playHighTone
                0x0800171c       0x24 ./Core/Src/buzzer.o
                0x0800171c                playHighTone
 .text.playAlram
                0x08001740      0x10c ./Core/Src/buzzer.o
                0x08001740                playAlram
 .text.buzReset
                0x0800184c       0x7c ./Core/Src/buzzer.o
                0x0800184c                buzReset
 .text.getBuzzEnabled
                0x080018c8       0x18 ./Core/Src/buzzer.o
                0x080018c8                getBuzzEnabled
 .text.setBuzzEnabled
                0x080018e0       0x20 ./Core/Src/buzzer.o
                0x080018e0                setBuzzEnabled
 .text.setbuzzerOnOff
                0x08001900       0x20 ./Core/Src/buzzer.o
                0x08001900                setbuzzerOnOff
 .text.startClock
                0x08001920      0x178 ./Core/Src/clock.o
                0x08001920                startClock
 .text.clcdDisplayClock
                0x08001a98      0x1c4 ./Core/Src/clock.o
                0x08001a98                clcdDisplayClock
 .text.tickClock
                0x08001c5c       0x54 ./Core/Src/clock.o
                0x08001c5c                tickClock
 .text.leapYearCalculator
                0x08001cb0       0x68 ./Core/Src/clock.o
                0x08001cb0                leapYearCalculator
 .text.isThirtyDays
                0x08001d18       0x44 ./Core/Src/clock.o
                0x08001d18                isThirtyDays
 .text.switchClockMode
                0x08001d5c       0x80 ./Core/Src/clock.o
                0x08001d5c                switchClockMode
 .text.clcdDisplayClockSetting
                0x08001ddc      0x2f8 ./Core/Src/clock.o
                0x08001ddc                clcdDisplayClockSetting
 .text.settingTime
                0x080020d4       0x30 ./Core/Src/clock.o
                0x080020d4                settingTime
 .text.incrementTime
                0x08002104      0x1a0 ./Core/Src/clock.o
                0x08002104                incrementTime
 .text.decrementTime
                0x080022a4      0x1b0 ./Core/Src/clock.o
                0x080022a4                decrementTime
 .text.getTimeFormet
                0x08002454       0x18 ./Core/Src/clock.o
                0x08002454                getTimeFormet
 .text.setTimeFormet
                0x0800246c       0x20 ./Core/Src/clock.o
                0x0800246c                setTimeFormet
 .text.main     0x0800248c       0xe0 ./Core/Src/main.o
                0x0800248c                main
 .text.SystemClock_Config
                0x0800256c       0xd4 ./Core/Src/main.o
                0x0800256c                SystemClock_Config
 .text.MX_NVIC_Init
                0x08002640       0x48 ./Core/Src/main.o
 .text.MX_TIM2_Init
                0x08002688       0xec ./Core/Src/main.o
 .text.MX_TIM6_Init
                0x08002774       0x6c ./Core/Src/main.o
 .text.MX_USART3_UART_Init
                0x080027e0       0x54 ./Core/Src/main.o
 .text.MX_GPIO_Init
                0x08002834      0x1b4 ./Core/Src/main.o
 .text.HAL_UART_RxCpltCallback
                0x080029e8       0x38 ./Core/Src/main.o
                0x080029e8                HAL_UART_RxCpltCallback
 .text.HAL_TIM_PeriodElapsedCallback
                0x08002a20       0x50 ./Core/Src/main.o
                0x08002a20                HAL_TIM_PeriodElapsedCallback
 .text.HAL_GPIO_EXTI_Callback
                0x08002a70       0xe4 ./Core/Src/main.o
                0x08002a70                HAL_GPIO_EXTI_Callback
 .text.Error_Handler
                0x08002b54        0xc ./Core/Src/main.o
                0x08002b54                Error_Handler
 .text.HAL_MspInit
                0x08002b60       0x50 ./Core/Src/stm32f4xx_hal_msp.o
                0x08002b60                HAL_MspInit
 .text.HAL_TIM_Base_MspInit
                0x08002bb0       0x6c ./Core/Src/stm32f4xx_hal_msp.o
                0x08002bb0                HAL_TIM_Base_MspInit
 .text.HAL_TIM_MspPostInit
                0x08002c1c       0x70 ./Core/Src/stm32f4xx_hal_msp.o
                0x08002c1c                HAL_TIM_MspPostInit
 .text.HAL_UART_MspInit
                0x08002c8c       0x90 ./Core/Src/stm32f4xx_hal_msp.o
                0x08002c8c                HAL_UART_MspInit
 .text.NMI_Handler
                0x08002d1c        0x8 ./Core/Src/stm32f4xx_it.o
                0x08002d1c                NMI_Handler
 .text.HardFault_Handler
                0x08002d24        0x8 ./Core/Src/stm32f4xx_it.o
                0x08002d24                HardFault_Handler
 .text.MemManage_Handler
                0x08002d2c        0x8 ./Core/Src/stm32f4xx_it.o
                0x08002d2c                MemManage_Handler
 .text.BusFault_Handler
                0x08002d34        0x8 ./Core/Src/stm32f4xx_it.o
                0x08002d34                BusFault_Handler
 .text.UsageFault_Handler
                0x08002d3c        0x8 ./Core/Src/stm32f4xx_it.o
                0x08002d3c                UsageFault_Handler
 .text.SVC_Handler
                0x08002d44        0xe ./Core/Src/stm32f4xx_it.o
                0x08002d44                SVC_Handler
 .text.DebugMon_Handler
                0x08002d52        0xe ./Core/Src/stm32f4xx_it.o
                0x08002d52                DebugMon_Handler
 .text.PendSV_Handler
                0x08002d60        0xe ./Core/Src/stm32f4xx_it.o
                0x08002d60                PendSV_Handler
 .text.SysTick_Handler
                0x08002d6e        0xc ./Core/Src/stm32f4xx_it.o
                0x08002d6e                SysTick_Handler
 .text.EXTI3_IRQHandler
                0x08002d7a        0xe ./Core/Src/stm32f4xx_it.o
                0x08002d7a                EXTI3_IRQHandler
 .text.EXTI4_IRQHandler
                0x08002d88        0xe ./Core/Src/stm32f4xx_it.o
                0x08002d88                EXTI4_IRQHandler
 *fill*         0x08002d96        0x2 
 .text.USART3_IRQHandler
                0x08002d98       0x14 ./Core/Src/stm32f4xx_it.o
                0x08002d98                USART3_IRQHandler
 .text.EXTI15_10_IRQHandler
                0x08002dac       0x18 ./Core/Src/stm32f4xx_it.o
                0x08002dac                EXTI15_10_IRQHandler
 .text.TIM6_DAC_IRQHandler
                0x08002dc4       0x14 ./Core/Src/stm32f4xx_it.o
                0x08002dc4                TIM6_DAC_IRQHandler
 .text.segUpCount
                0x08002dd8       0x74 ./Core/Src/stopWatch.o
                0x08002dd8                segUpCount
 .text.segReset
                0x08002e4c       0x1c ./Core/Src/stopWatch.o
                0x08002e4c                segReset
 .text.timerReset
                0x08002e68       0x2c ./Core/Src/stopWatch.o
                0x08002e68                timerReset
 .text.timerPaused
                0x08002e94       0x38 ./Core/Src/stopWatch.o
                0x08002e94                timerPaused
 .text.timerResum
                0x08002ecc       0x38 ./Core/Src/stopWatch.o
                0x08002ecc                timerResum
 .text.stopwatchTime
                0x08002f04       0x84 ./Core/Src/stopWatch.o
                0x08002f04                stopwatchTime
 .text.laptimeSave
                0x08002f88      0x120 ./Core/Src/stopWatch.o
                0x08002f88                laptimeSave
 .text.laptimeDisplay
                0x080030a8       0xd0 ./Core/Src/stopWatch.o
                0x080030a8                laptimeDisplay
 .text.clcdStopWatchClear
                0x08003178       0x84 ./Core/Src/stopWatch.o
                0x08003178                clcdStopWatchClear
 .text.clcdStopWatchMeasure
                0x080031fc       0x74 ./Core/Src/stopWatch.o
                0x080031fc                clcdStopWatchMeasure
 .text.running  0x08003270       0x5c ./Core/Src/swControll.o
                0x08003270                running
 .text.sw1Controll
                0x080032cc       0xc0 ./Core/Src/swControll.o
                0x080032cc                sw1Controll
 .text.sw2Controll
                0x0800338c      0x218 ./Core/Src/swControll.o
                0x0800338c                sw2Controll
 .text.sw3Controll
                0x080035a4      0x254 ./Core/Src/swControll.o
                0x080035a4                sw3Controll
 .text.sw4Controll
                0x080037f8      0x1c0 ./Core/Src/swControll.o
                0x080037f8                sw4Controll
 .text.getPressCount
                0x080039b8       0x68 ./Core/Src/swControll.o
                0x080039b8                getPressCount
 .text.holdEvent
                0x08003a20      0x21c ./Core/Src/swControll.o
                0x08003a20                holdEvent
 .text.releasePointing
                0x08003c3c       0x4c ./Core/Src/swControll.o
                0x08003c3c                releasePointing
 .text.sw1DefaultHandler
                0x08003c88       0x24 ./Core/Src/swControll.o
                0x08003c88                sw1DefaultHandler
 .text.sw2DefaultHandler
                0x08003cac       0x24 ./Core/Src/swControll.o
                0x08003cac                sw2DefaultHandler
 .text.sw3DefaultHandler
                0x08003cd0       0x24 ./Core/Src/swControll.o
                0x08003cd0                sw3DefaultHandler
 .text.sw4DefaultHandler
                0x08003cf4       0x24 ./Core/Src/swControll.o
                0x08003cf4                sw4DefaultHandler
 .text.getBlink
                0x08003d18       0x18 ./Core/Src/swControll.o
                0x08003d18                getBlink
 .text.getWaitingTime
                0x08003d30       0x18 ./Core/Src/swControll.o
                0x08003d30                getWaitingTime
 .text.setWaitingTime
                0x08003d48       0x20 ./Core/Src/swControll.o
                0x08003d48                setWaitingTime
 .text.systemMillisecondCount
                0x08003d68       0x30 ./Core/Src/swControll.o
                0x08003d68                systemMillisecondCount
 .text.blinking
                0x08003d98       0x2c ./Core/Src/swControll.o
                0x08003d98                blinking
 .text.waitingTimeCnt
                0x08003dc4       0x4c ./Core/Src/swControll.o
                0x08003dc4                waitingTimeCnt
 .text._sbrk    0x08003e10       0x6c ./Core/Src/sysmem.o
                0x08003e10                _sbrk
 .text.SystemInit
                0x08003e7c       0x24 ./Core/Src/system_stm32f4xx.o
                0x08003e7c                SystemInit
 .text.Reset_Handler
                0x08003ea0       0x50 ./Core/Startup/startup_stm32f407vetx.o
                0x08003ea0                Reset_Handler
 .text.Default_Handler
                0x08003ef0        0x2 ./Core/Startup/startup_stm32f407vetx.o
                0x08003ef0                RTC_Alarm_IRQHandler
                0x08003ef0                HASH_RNG_IRQHandler
                0x08003ef0                EXTI2_IRQHandler
                0x08003ef0                TIM8_CC_IRQHandler
                0x08003ef0                TIM1_CC_IRQHandler
                0x08003ef0                DMA2_Stream5_IRQHandler
                0x08003ef0                DMA1_Stream5_IRQHandler
                0x08003ef0                PVD_IRQHandler
                0x08003ef0                SDIO_IRQHandler
                0x08003ef0                TAMP_STAMP_IRQHandler
                0x08003ef0                CAN2_RX1_IRQHandler
                0x08003ef0                TIM8_TRG_COM_TIM14_IRQHandler
                0x08003ef0                TIM1_UP_TIM10_IRQHandler
                0x08003ef0                TIM8_UP_TIM13_IRQHandler
                0x08003ef0                I2C3_ER_IRQHandler
                0x08003ef0                EXTI0_IRQHandler
                0x08003ef0                I2C2_EV_IRQHandler
                0x08003ef0                DMA1_Stream2_IRQHandler
                0x08003ef0                CAN1_RX0_IRQHandler
                0x08003ef0                FPU_IRQHandler
                0x08003ef0                OTG_HS_WKUP_IRQHandler
                0x08003ef0                CAN2_SCE_IRQHandler
                0x08003ef0                DMA2_Stream2_IRQHandler
                0x08003ef0                SPI1_IRQHandler
                0x08003ef0                TIM1_BRK_TIM9_IRQHandler
                0x08003ef0                DCMI_IRQHandler
                0x08003ef0                CAN2_RX0_IRQHandler
                0x08003ef0                DMA2_Stream3_IRQHandler
                0x08003ef0                USART6_IRQHandler
                0x08003ef0                CAN1_RX1_IRQHandler
                0x08003ef0                UART5_IRQHandler
                0x08003ef0                DMA2_Stream0_IRQHandler
                0x08003ef0                TIM4_IRQHandler
                0x08003ef0                I2C1_EV_IRQHandler
                0x08003ef0                DMA1_Stream6_IRQHandler
                0x08003ef0                DMA1_Stream1_IRQHandler
                0x08003ef0                UART4_IRQHandler
                0x08003ef0                TIM3_IRQHandler
                0x08003ef0                RCC_IRQHandler
                0x08003ef0                TIM8_BRK_TIM12_IRQHandler
                0x08003ef0                Default_Handler
                0x08003ef0                ADC_IRQHandler
                0x08003ef0                DMA1_Stream7_IRQHandler
                0x08003ef0                TIM7_IRQHandler
                0x08003ef0                CAN2_TX_IRQHandler
                0x08003ef0                TIM5_IRQHandler
                0x08003ef0                DMA2_Stream7_IRQHandler
                0x08003ef0                I2C3_EV_IRQHandler
                0x08003ef0                EXTI9_5_IRQHandler
                0x08003ef0                RTC_WKUP_IRQHandler
                0x08003ef0                ETH_WKUP_IRQHandler
                0x08003ef0                SPI2_IRQHandler
                0x08003ef0                OTG_HS_EP1_IN_IRQHandler
                0x08003ef0                DMA1_Stream0_IRQHandler
                0x08003ef0                CAN1_TX_IRQHandler
                0x08003ef0                FSMC_IRQHandler
                0x08003ef0                ETH_IRQHandler
                0x08003ef0                OTG_HS_EP1_OUT_IRQHandler
                0x08003ef0                WWDG_IRQHandler
                0x08003ef0                TIM2_IRQHandler
                0x08003ef0                OTG_FS_WKUP_IRQHandler
                0x08003ef0                TIM1_TRG_COM_TIM11_IRQHandler
                0x08003ef0                OTG_HS_IRQHandler
                0x08003ef0                EXTI1_IRQHandler
                0x08003ef0                USART2_IRQHandler
                0x08003ef0                I2C2_ER_IRQHandler
                0x08003ef0                DMA2_Stream1_IRQHandler
                0x08003ef0                CAN1_SCE_IRQHandler
                0x08003ef0                FLASH_IRQHandler
                0x08003ef0                DMA2_Stream4_IRQHandler
                0x08003ef0                USART1_IRQHandler
                0x08003ef0                OTG_FS_IRQHandler
                0x08003ef0                SPI3_IRQHandler
                0x08003ef0                DMA1_Stream4_IRQHandler
                0x08003ef0                I2C1_ER_IRQHandler
                0x08003ef0                DMA2_Stream6_IRQHandler
                0x08003ef0                DMA1_Stream3_IRQHandler
 *fill*         0x08003ef2        0x2 
 .text.HAL_Init
                0x08003ef4       0x44 ./Drivers/STM32F4xx_HAL_Driver/Src/stm32f4xx_hal.o
                0x08003ef4                HAL_Init
 .text.HAL_InitTick
                0x08003f38       0x60 ./Drivers/STM32F4xx_HAL_Driver/Src/stm32f4xx_hal.o
                0x08003f38                HAL_InitTick
 .text.HAL_IncTick
                0x08003f98       0x28 ./Drivers/STM32F4xx_HAL_Driver/Src/stm32f4xx_hal.o
                0x08003f98                HAL_IncTick
 .text.HAL_GetTick
                0x08003fc0       0x18 ./Drivers/STM32F4xx_HAL_Driver/Src/stm32f4xx_hal.o
                0x08003fc0                HAL_GetTick
 .text.HAL_Delay
                0x08003fd8       0x48 ./Drivers/STM32F4xx_HAL_Driver/Src/stm32f4xx_hal.o
                0x08003fd8                HAL_Delay
 .text.__NVIC_SetPriorityGrouping
                0x08004020       0x48 ./Drivers/STM32F4xx_HAL_Driver/Src/stm32f4xx_hal_cortex.o
 .text.__NVIC_GetPriorityGrouping
                0x08004068       0x1c ./Drivers/STM32F4xx_HAL_Driver/Src/stm32f4xx_hal_cortex.o
 .text.__NVIC_EnableIRQ
                0x08004084       0x3c ./Drivers/STM32F4xx_HAL_Driver/Src/stm32f4xx_hal_cortex.o
 .text.__NVIC_SetPriority
                0x080040c0       0x54 ./Drivers/STM32F4xx_HAL_Driver/Src/stm32f4xx_hal_cortex.o
 .text.NVIC_EncodePriority
                0x08004114       0x66 ./Drivers/STM32F4xx_HAL_Driver/Src/stm32f4xx_hal_cortex.o
 *fill*         0x0800417a        0x2 
 .text.SysTick_Config
                0x0800417c       0x44 ./Drivers/STM32F4xx_HAL_Driver/Src/stm32f4xx_hal_cortex.o
 .text.HAL_NVIC_SetPriorityGrouping
                0x080041c0       0x16 ./Drivers/STM32F4xx_HAL_Driver/Src/stm32f4xx_hal_cortex.o
                0x080041c0                HAL_NVIC_SetPriorityGrouping
 .text.HAL_NVIC_SetPriority
                0x080041d6       0x38 ./Drivers/STM32F4xx_HAL_Driver/Src/stm32f4xx_hal_cortex.o
                0x080041d6                HAL_NVIC_SetPriority
 .text.HAL_NVIC_EnableIRQ
                0x0800420e       0x1c ./Drivers/STM32F4xx_HAL_Driver/Src/stm32f4xx_hal_cortex.o
                0x0800420e                HAL_NVIC_EnableIRQ
 .text.HAL_SYSTICK_Config
                0x0800422a       0x18 ./Drivers/STM32F4xx_HAL_Driver/Src/stm32f4xx_hal_cortex.o
                0x0800422a                HAL_SYSTICK_Config
 .text.HAL_DMA_Abort
                0x08004242       0xe0 ./Drivers/STM32F4xx_HAL_Driver/Src/stm32f4xx_hal_dma.o
                0x08004242                HAL_DMA_Abort
 .text.HAL_DMA_Abort_IT
                0x08004322       0x44 ./Drivers/STM32F4xx_HAL_Driver/Src/stm32f4xx_hal_dma.o
                0x08004322                HAL_DMA_Abort_IT
 *fill*         0x08004366        0x2 
 .text.HAL_GPIO_Init
                0x08004368      0x338 ./Drivers/STM32F4xx_HAL_Driver/Src/stm32f4xx_hal_gpio.o
                0x08004368                HAL_GPIO_Init
 .text.HAL_GPIO_ReadPin
                0x080046a0       0x30 ./Drivers/STM32F4xx_HAL_Driver/Src/stm32f4xx_hal_gpio.o
                0x080046a0                HAL_GPIO_ReadPin
 .text.HAL_GPIO_WritePin
                0x080046d0       0x32 ./Drivers/STM32F4xx_HAL_Driver/Src/stm32f4xx_hal_gpio.o
                0x080046d0                HAL_GPIO_WritePin
 .text.HAL_GPIO_TogglePin
                0x08004702       0x34 ./Drivers/STM32F4xx_HAL_Driver/Src/stm32f4xx_hal_gpio.o
                0x08004702                HAL_GPIO_TogglePin
 *fill*         0x08004736        0x2 
 .text.HAL_GPIO_EXTI_IRQHandler
                0x08004738       0x30 ./Drivers/STM32F4xx_HAL_Driver/Src/stm32f4xx_hal_gpio.o
                0x08004738                HAL_GPIO_EXTI_IRQHandler
 .text.HAL_RCC_OscConfig
                0x08004768      0x4f0 ./Drivers/STM32F4xx_HAL_Driver/Src/stm32f4xx_hal_rcc.o
                0x08004768                HAL_RCC_OscConfig
 .text.HAL_RCC_ClockConfig
                0x08004c58      0x1cc ./Drivers/STM32F4xx_HAL_Driver/Src/stm32f4xx_hal_rcc.o
                0x08004c58                HAL_RCC_ClockConfig
 .text.HAL_RCC_GetSysClockFreq
                0x08004e24      0x20c ./Drivers/STM32F4xx_HAL_Driver/Src/stm32f4xx_hal_rcc.o
                0x08004e24                HAL_RCC_GetSysClockFreq
 .text.HAL_RCC_GetHCLKFreq
                0x08005030       0x18 ./Drivers/STM32F4xx_HAL_Driver/Src/stm32f4xx_hal_rcc.o
                0x08005030                HAL_RCC_GetHCLKFreq
 .text.HAL_RCC_GetPCLK1Freq
                0x08005048       0x28 ./Drivers/STM32F4xx_HAL_Driver/Src/stm32f4xx_hal_rcc.o
                0x08005048                HAL_RCC_GetPCLK1Freq
 .text.HAL_RCC_GetPCLK2Freq
                0x08005070       0x28 ./Drivers/STM32F4xx_HAL_Driver/Src/stm32f4xx_hal_rcc.o
                0x08005070                HAL_RCC_GetPCLK2Freq
 .text.HAL_TIM_Base_Init
                0x08005098       0x9e ./Drivers/STM32F4xx_HAL_Driver/Src/stm32f4xx_hal_tim.o
                0x08005098                HAL_TIM_Base_Init
 *fill*         0x08005136        0x2 
 .text.HAL_TIM_Base_Start_IT
                0x08005138       0xe0 ./Drivers/STM32F4xx_HAL_Driver/Src/stm32f4xx_hal_tim.o
                0x08005138                HAL_TIM_Base_Start_IT
 .text.HAL_TIM_PWM_Init
                0x08005218       0x9e ./Drivers/STM32F4xx_HAL_Driver/Src/stm32f4xx_hal_tim.o
                0x08005218                HAL_TIM_PWM_Init
 .text.HAL_TIM_PWM_MspInit
                0x080052b6       0x14 ./Drivers/STM32F4xx_HAL_Driver/Src/stm32f4xx_hal_tim.o
                0x080052b6                HAL_TIM_PWM_MspInit
 *fill*         0x080052ca        0x2 
 .text.HAL_TIM_PWM_Start
                0x080052cc      0x190 ./Drivers/STM32F4xx_HAL_Driver/Src/stm32f4xx_hal_tim.o
                0x080052cc                HAL_TIM_PWM_Start
 .text.HAL_TIM_PWM_Stop
                0x0800545c       0xe0 ./Drivers/STM32F4xx_HAL_Driver/Src/stm32f4xx_hal_tim.o
                0x0800545c                HAL_TIM_PWM_Stop
 .text.HAL_TIM_IRQHandler
                0x0800553c      0x1e0 ./Drivers/STM32F4xx_HAL_Driver/Src/stm32f4xx_hal_tim.o
                0x0800553c                HAL_TIM_IRQHandler
 .text.HAL_TIM_PWM_ConfigChannel
                0x0800571c      0x184 ./Drivers/STM32F4xx_HAL_Driver/Src/stm32f4xx_hal_tim.o
                0x0800571c                HAL_TIM_PWM_ConfigChannel
 .text.HAL_TIM_ConfigClockSource
                0x080058a0      0x18e ./Drivers/STM32F4xx_HAL_Driver/Src/stm32f4xx_hal_tim.o
                0x080058a0                HAL_TIM_ConfigClockSource
 .text.HAL_TIM_OC_DelayElapsedCallback
                0x08005a2e       0x14 ./Drivers/STM32F4xx_HAL_Driver/Src/stm32f4xx_hal_tim.o
                0x08005a2e                HAL_TIM_OC_DelayElapsedCallback
 .text.HAL_TIM_IC_CaptureCallback
                0x08005a42       0x14 ./Drivers/STM32F4xx_HAL_Driver/Src/stm32f4xx_hal_tim.o
                0x08005a42                HAL_TIM_IC_CaptureCallback
 .text.HAL_TIM_PWM_PulseFinishedCallback
                0x08005a56       0x14 ./Drivers/STM32F4xx_HAL_Driver/Src/stm32f4xx_hal_tim.o
                0x08005a56                HAL_TIM_PWM_PulseFinishedCallback
 .text.HAL_TIM_TriggerCallback
                0x08005a6a       0x14 ./Drivers/STM32F4xx_HAL_Driver/Src/stm32f4xx_hal_tim.o
                0x08005a6a                HAL_TIM_TriggerCallback
 *fill*         0x08005a7e        0x2 
 .text.TIM_Base_SetConfig
                0x08005a80      0x158 ./Drivers/STM32F4xx_HAL_Driver/Src/stm32f4xx_hal_tim.o
                0x08005a80                TIM_Base_SetConfig
 .text.TIM_OC1_SetConfig
                0x08005bd8       0xe0 ./Drivers/STM32F4xx_HAL_Driver/Src/stm32f4xx_hal_tim.o
 .text.TIM_OC2_SetConfig
                0x08005cb8       0xec ./Drivers/STM32F4xx_HAL_Driver/Src/stm32f4xx_hal_tim.o
                0x08005cb8                TIM_OC2_SetConfig
 .text.TIM_OC3_SetConfig
                0x08005da4       0xe8 ./Drivers/STM32F4xx_HAL_Driver/Src/stm32f4xx_hal_tim.o
 .text.TIM_OC4_SetConfig
                0x08005e8c       0xac ./Drivers/STM32F4xx_HAL_Driver/Src/stm32f4xx_hal_tim.o
 .text.TIM_TI1_ConfigInputStage
                0x08005f38       0x5e ./Drivers/STM32F4xx_HAL_Driver/Src/stm32f4xx_hal_tim.o
 .text.TIM_TI2_ConfigInputStage
                0x08005f96       0x60 ./Drivers/STM32F4xx_HAL_Driver/Src/stm32f4xx_hal_tim.o
 .text.TIM_ITRx_SetConfig
                0x08005ff6       0x36 ./Drivers/STM32F4xx_HAL_Driver/Src/stm32f4xx_hal_tim.o
 .text.TIM_ETR_SetConfig
                0x0800602c       0x40 ./Drivers/STM32F4xx_HAL_Driver/Src/stm32f4xx_hal_tim.o
                0x0800602c                TIM_ETR_SetConfig
 .text.TIM_CCxChannelCmd
                0x0800606c       0x4a ./Drivers/STM32F4xx_HAL_Driver/Src/stm32f4xx_hal_tim.o
                0x0800606c                TIM_CCxChannelCmd
 *fill*         0x080060b6        0x2 
 .text.HAL_TIMEx_MasterConfigSynchronization
                0x080060b8       0xf8 ./Drivers/STM32F4xx_HAL_Driver/Src/stm32f4xx_hal_tim_ex.o
                0x080060b8                HAL_TIMEx_MasterConfigSynchronization
 .text.HAL_TIMEx_CommutCallback
                0x080061b0       0x14 ./Drivers/STM32F4xx_HAL_Driver/Src/stm32f4xx_hal_tim_ex.o
                0x080061b0                HAL_TIMEx_CommutCallback
 .text.HAL_TIMEx_BreakCallback
                0x080061c4       0x14 ./Drivers/STM32F4xx_HAL_Driver/Src/stm32f4xx_hal_tim_ex.o
                0x080061c4                HAL_TIMEx_BreakCallback
 .text.HAL_UART_Init
                0x080061d8       0xa0 ./Drivers/STM32F4xx_HAL_Driver/Src/stm32f4xx_hal_uart.o
                0x080061d8                HAL_UART_Init
 .text.HAL_UART_Receive_IT
                0x08006278       0x4a ./Drivers/STM32F4xx_HAL_Driver/Src/stm32f4xx_hal_uart.o
                0x08006278                HAL_UART_Receive_IT
 *fill*         0x080062c2        0x2 
 .text.HAL_UART_IRQHandler
                0x080062c4      0x524 ./Drivers/STM32F4xx_HAL_Driver/Src/stm32f4xx_hal_uart.o
                0x080062c4                HAL_UART_IRQHandler
 .text.HAL_UART_TxCpltCallback
                0x080067e8       0x14 ./Drivers/STM32F4xx_HAL_Driver/Src/stm32f4xx_hal_uart.o
                0x080067e8                HAL_UART_TxCpltCallback
 .text.HAL_UART_ErrorCallback
                0x080067fc       0x14 ./Drivers/STM32F4xx_HAL_Driver/Src/stm32f4xx_hal_uart.o
                0x080067fc                HAL_UART_ErrorCallback
 .text.HAL_UARTEx_RxEventCallback
                0x08006810       0x18 ./Drivers/STM32F4xx_HAL_Driver/Src/stm32f4xx_hal_uart.o
                0x08006810                HAL_UARTEx_RxEventCallback
 .text.UART_Start_Receive_IT
                0x08006828       0x74 ./Drivers/STM32F4xx_HAL_Driver/Src/stm32f4xx_hal_uart.o
                0x08006828                UART_Start_Receive_IT
 .text.UART_EndRxTransfer
                0x0800689c       0xc6 ./Drivers/STM32F4xx_HAL_Driver/Src/stm32f4xx_hal_uart.o
 .text.UART_DMAAbortOnError
                0x08006962       0x28 ./Drivers/STM32F4xx_HAL_Driver/Src/stm32f4xx_hal_uart.o
 .text.UART_Transmit_IT
                0x0800698a       0xa0 ./Drivers/STM32F4xx_HAL_Driver/Src/stm32f4xx_hal_uart.o
 .text.UART_EndTransmit_IT
                0x08006a2a       0x30 ./Drivers/STM32F4xx_HAL_Driver/Src/stm32f4xx_hal_uart.o
 .text.UART_Receive_IT
                0x08006a5a      0x17c ./Drivers/STM32F4xx_HAL_Driver/Src/stm32f4xx_hal_uart.o
 *fill*         0x08006bd6        0x2 
 .text.UART_SetConfig
                0x08006bd8      0x4e8 ./Drivers/STM32F4xx_HAL_Driver/Src/stm32f4xx_hal_uart.o
 .text.sprintf  0x080070c0       0x40 D:/ST/STM32CubeIDE_1.15.1/STM32CubeIDE/plugins/com.st.stm32cube.ide.mcu.externaltools.gnu-tools-for-stm32.12.3.rel1.win32_1.0.100.202403111256/tools/bin/../lib/gcc/arm-none-eabi/12.3.1/../../../../arm-none-eabi/lib/thumb/v7e-m+fp/hard\libc_nano.a(libc_a-sprintf.o)
                0x080070c0                siprintf
                0x080070c0                sprintf
 .text.memset   0x08007100       0x10 D:/ST/STM32CubeIDE_1.15.1/STM32CubeIDE/plugins/com.st.stm32cube.ide.mcu.externaltools.gnu-tools-for-stm32.12.3.rel1.win32_1.0.100.202403111256/tools/bin/../lib/gcc/arm-none-eabi/12.3.1/../../../../arm-none-eabi/lib/thumb/v7e-m+fp/hard\libc_nano.a(libc_a-memset.o)
                0x08007100                memset
 .text.__errno  0x08007110        0xc D:/ST/STM32CubeIDE_1.15.1/STM32CubeIDE/plugins/com.st.stm32cube.ide.mcu.externaltools.gnu-tools-for-stm32.12.3.rel1.win32_1.0.100.202403111256/tools/bin/../lib/gcc/arm-none-eabi/12.3.1/../../../../arm-none-eabi/lib/thumb/v7e-m+fp/hard\libc_nano.a(libc_a-errno.o)
                0x08007110                __errno
 .text.__libc_init_array
                0x0800711c       0x48 D:/ST/STM32CubeIDE_1.15.1/STM32CubeIDE/plugins/com.st.stm32cube.ide.mcu.externaltools.gnu-tools-for-stm32.12.3.rel1.win32_1.0.100.202403111256/tools/bin/../lib/gcc/arm-none-eabi/12.3.1/../../../../arm-none-eabi/lib/thumb/v7e-m+fp/hard\libc_nano.a(libc_a-init.o)
                0x0800711c                __libc_init_array
 .text.__retarget_lock_acquire_recursive
                0x08007164        0x2 D:/ST/STM32CubeIDE_1.15.1/STM32CubeIDE/plugins/com.st.stm32cube.ide.mcu.externaltools.gnu-tools-for-stm32.12.3.rel1.win32_1.0.100.202403111256/tools/bin/../lib/gcc/arm-none-eabi/12.3.1/../../../../arm-none-eabi/lib/thumb/v7e-m+fp/hard\libc_nano.a(libc_a-lock.o)
                0x08007164                __retarget_lock_acquire_recursive
 .text.__retarget_lock_release_recursive
                0x08007166        0x2 D:/ST/STM32CubeIDE_1.15.1/STM32CubeIDE/plugins/com.st.stm32cube.ide.mcu.externaltools.gnu-tools-for-stm32.12.3.rel1.win32_1.0.100.202403111256/tools/bin/../lib/gcc/arm-none-eabi/12.3.1/../../../../arm-none-eabi/lib/thumb/v7e-m+fp/hard\libc_nano.a(libc_a-lock.o)
                0x08007166                __retarget_lock_release_recursive
 .text._free_r  0x08007168       0x94 D:/ST/STM32CubeIDE_1.15.1/STM32CubeIDE/plugins/com.st.stm32cube.ide.mcu.externaltools.gnu-tools-for-stm32.12.3.rel1.win32_1.0.100.202403111256/tools/bin/../lib/gcc/arm-none-eabi/12.3.1/../../../../arm-none-eabi/lib/thumb/v7e-m+fp/hard\libc_nano.a(libc_a-freer.o)
                0x08007168                _free_r
 .text.sbrk_aligned
                0x080071fc       0x44 D:/ST/STM32CubeIDE_1.15.1/STM32CubeIDE/plugins/com.st.stm32cube.ide.mcu.externaltools.gnu-tools-for-stm32.12.3.rel1.win32_1.0.100.202403111256/tools/bin/../lib/gcc/arm-none-eabi/12.3.1/../../../../arm-none-eabi/lib/thumb/v7e-m+fp/hard\libc_nano.a(libc_a-mallocr.o)
 .text._malloc_r
                0x08007240      0x100 D:/ST/STM32CubeIDE_1.15.1/STM32CubeIDE/plugins/com.st.stm32cube.ide.mcu.externaltools.gnu-tools-for-stm32.12.3.rel1.win32_1.0.100.202403111256/tools/bin/../lib/gcc/arm-none-eabi/12.3.1/../../../../arm-none-eabi/lib/thumb/v7e-m+fp/hard\libc_nano.a(libc_a-mallocr.o)
                0x08007240                _malloc_r
 .text.__malloc_lock
                0x08007340        0xc D:/ST/STM32CubeIDE_1.15.1/STM32CubeIDE/plugins/com.st.stm32cube.ide.mcu.externaltools.gnu-tools-for-stm32.12.3.rel1.win32_1.0.100.202403111256/tools/bin/../lib/gcc/arm-none-eabi/12.3.1/../../../../arm-none-eabi/lib/thumb/v7e-m+fp/hard\libc_nano.a(libc_a-mlock.o)
                0x08007340                __malloc_lock
 .text.__malloc_unlock
                0x0800734c        0xc D:/ST/STM32CubeIDE_1.15.1/STM32CubeIDE/plugins/com.st.stm32cube.ide.mcu.externaltools.gnu-tools-for-stm32.12.3.rel1.win32_1.0.100.202403111256/tools/bin/../lib/gcc/arm-none-eabi/12.3.1/../../../../arm-none-eabi/lib/thumb/v7e-m+fp/hard\libc_nano.a(libc_a-mlock.o)
                0x0800734c                __malloc_unlock
 .text.__ssputs_r
                0x08007358       0xb6 D:/ST/STM32CubeIDE_1.15.1/STM32CubeIDE/plugins/com.st.stm32cube.ide.mcu.externaltools.gnu-tools-for-stm32.12.3.rel1.win32_1.0.100.202403111256/tools/bin/../lib/gcc/arm-none-eabi/12.3.1/../../../../arm-none-eabi/lib/thumb/v7e-m+fp/hard\libc_nano.a(libc_a-nano-svfprintf.o)
                0x08007358                __ssputs_r
 *fill*         0x0800740e        0x2 
 .text._svfprintf_r
                0x08007410      0x1f8 D:/ST/STM32CubeIDE_1.15.1/STM32CubeIDE/plugins/com.st.stm32cube.ide.mcu.externaltools.gnu-tools-for-stm32.12.3.rel1.win32_1.0.100.202403111256/tools/bin/../lib/gcc/arm-none-eabi/12.3.1/../../../../arm-none-eabi/lib/thumb/v7e-m+fp/hard\libc_nano.a(libc_a-nano-svfprintf.o)
                0x08007410                _svfiprintf_r
                0x08007410                _svfprintf_r
 .text._printf_common
                0x08007608       0xda D:/ST/STM32CubeIDE_1.15.1/STM32CubeIDE/plugins/com.st.stm32cube.ide.mcu.externaltools.gnu-tools-for-stm32.12.3.rel1.win32_1.0.100.202403111256/tools/bin/../lib/gcc/arm-none-eabi/12.3.1/../../../../arm-none-eabi/lib/thumb/v7e-m+fp/hard\libc_nano.a(libc_a-nano-vfprintf_i.o)
                0x08007608                _printf_common
 *fill*         0x080076e2        0x2 
 .text._printf_i
                0x080076e4      0x240 D:/ST/STM32CubeIDE_1.15.1/STM32CubeIDE/plugins/com.st.stm32cube.ide.mcu.externaltools.gnu-tools-for-stm32.12.3.rel1.win32_1.0.100.202403111256/tools/bin/../lib/gcc/arm-none-eabi/12.3.1/../../../../arm-none-eabi/lib/thumb/v7e-m+fp/hard\libc_nano.a(libc_a-nano-vfprintf_i.o)
                0x080076e4                _printf_i
 .text.memmove  0x08007924       0x34 D:/ST/STM32CubeIDE_1.15.1/STM32CubeIDE/plugins/com.st.stm32cube.ide.mcu.externaltools.gnu-tools-for-stm32.12.3.rel1.win32_1.0.100.202403111256/tools/bin/../lib/gcc/arm-none-eabi/12.3.1/../../../../arm-none-eabi/lib/thumb/v7e-m+fp/hard\libc_nano.a(libc_a-memmove.o)
                0x08007924                memmove
 .text._sbrk_r  0x08007958       0x20 D:/ST/STM32CubeIDE_1.15.1/STM32CubeIDE/plugins/com.st.stm32cube.ide.mcu.externaltools.gnu-tools-for-stm32.12.3.rel1.win32_1.0.100.202403111256/tools/bin/../lib/gcc/arm-none-eabi/12.3.1/../../../../arm-none-eabi/lib/thumb/v7e-m+fp/hard\libc_nano.a(libc_a-sbrkr.o)
                0x08007958                _sbrk_r
 .text.memcpy   0x08007978       0x1c D:/ST/STM32CubeIDE_1.15.1/STM32CubeIDE/plugins/com.st.stm32cube.ide.mcu.externaltools.gnu-tools-for-stm32.12.3.rel1.win32_1.0.100.202403111256/tools/bin/../lib/gcc/arm-none-eabi/12.3.1/../../../../arm-none-eabi/lib/thumb/v7e-m+fp/hard\libc_nano.a(libc_a-memcpy-stub.o)
                0x08007978                memcpy
 .text._realloc_r
                0x08007994       0x5c D:/ST/STM32CubeIDE_1.15.1/STM32CubeIDE/plugins/com.st.stm32cube.ide.mcu.externaltools.gnu-tools-for-stm32.12.3.rel1.win32_1.0.100.202403111256/tools/bin/../lib/gcc/arm-none-eabi/12.3.1/../../../../arm-none-eabi/lib/thumb/v7e-m+fp/hard\libc_nano.a(libc_a-reallocr.o)
                0x08007994                _realloc_r
 .text._malloc_usable_size_r
                0x080079f0       0x10 D:/ST/STM32CubeIDE_1.15.1/STM32CubeIDE/plugins/com.st.stm32cube.ide.mcu.externaltools.gnu-tools-for-stm32.12.3.rel1.win32_1.0.100.202403111256/tools/bin/../lib/gcc/arm-none-eabi/12.3.1/../../../../arm-none-eabi/lib/thumb/v7e-m+fp/hard\libc_nano.a(libc_a-msizer.o)
                0x080079f0                _malloc_usable_size_r
 *(.glue_7)
 .glue_7        0x08007a00        0x0 linker stubs
 *(.glue_7t)
 .glue_7t       0x08007a00        0x0 linker stubs
 *(.eh_frame)
 .eh_frame      0x08007a00        0x0 D:/ST/STM32CubeIDE_1.15.1/STM32CubeIDE/plugins/com.st.stm32cube.ide.mcu.externaltools.gnu-tools-for-stm32.12.3.rel1.win32_1.0.100.202403111256/tools/bin/../lib/gcc/arm-none-eabi/12.3.1/thumb/v7e-m+fp/hard/crtbegin.o
 *(.init)
 .init          0x08007a00        0x4 D:/ST/STM32CubeIDE_1.15.1/STM32CubeIDE/plugins/com.st.stm32cube.ide.mcu.externaltools.gnu-tools-for-stm32.12.3.rel1.win32_1.0.100.202403111256/tools/bin/../lib/gcc/arm-none-eabi/12.3.1/thumb/v7e-m+fp/hard/crti.o
                0x08007a00                _init
 .init          0x08007a04        0x8 D:/ST/STM32CubeIDE_1.15.1/STM32CubeIDE/plugins/com.st.stm32cube.ide.mcu.externaltools.gnu-tools-for-stm32.12.3.rel1.win32_1.0.100.202403111256/tools/bin/../lib/gcc/arm-none-eabi/12.3.1/thumb/v7e-m+fp/hard/crtn.o
 *(.fini)
 .fini          0x08007a0c        0x4 D:/ST/STM32CubeIDE_1.15.1/STM32CubeIDE/plugins/com.st.stm32cube.ide.mcu.externaltools.gnu-tools-for-stm32.12.3.rel1.win32_1.0.100.202403111256/tools/bin/../lib/gcc/arm-none-eabi/12.3.1/thumb/v7e-m+fp/hard/crti.o
                0x08007a0c                _fini
 .fini          0x08007a10        0x8 D:/ST/STM32CubeIDE_1.15.1/STM32CubeIDE/plugins/com.st.stm32cube.ide.mcu.externaltools.gnu-tools-for-stm32.12.3.rel1.win32_1.0.100.202403111256/tools/bin/../lib/gcc/arm-none-eabi/12.3.1/thumb/v7e-m+fp/hard/crtn.o
                0x08007a18                        . = ALIGN (0x4)
                0x08007a18                        _etext = .

.vfp11_veneer   0x08007a18        0x0
 .vfp11_veneer  0x08007a18        0x0 linker stubs

.v4_bx          0x08007a18        0x0
 .v4_bx         0x08007a18        0x0 linker stubs

.iplt           0x08007a18        0x0
 .iplt          0x08007a18        0x0 D:/ST/STM32CubeIDE_1.15.1/STM32CubeIDE/plugins/com.st.stm32cube.ide.mcu.externaltools.gnu-tools-for-stm32.12.3.rel1.win32_1.0.100.202403111256/tools/bin/../lib/gcc/arm-none-eabi/12.3.1/thumb/v7e-m+fp/hard/crtbegin.o

.rodata         0x08007a18      0x2b0
                0x08007a18                        . = ALIGN (0x4)
 *(.rodata)
 .rodata        0x08007a18       0x69 ./Core/Src/alarm.o
 *fill*         0x08007a81        0x3 
 .rodata        0x08007a84      0x14f ./Core/Src/clock.o
 *fill*         0x08007bd3        0x1 
 .rodata        0x08007bd4       0xa8 ./Core/Src/stopWatch.o
 *(.rodata*)
 .rodata.AHBPrescTable
                0x08007c7c       0x10 ./Core/Src/system_stm32f4xx.o
                0x08007c7c                AHBPrescTable
 .rodata.APBPrescTable
                0x08007c8c        0x8 ./Core/Src/system_stm32f4xx.o
                0x08007c8c                APBPrescTable
 .rodata._svfprintf_r.str1.1
                0x08007c94       0x11 D:/ST/STM32CubeIDE_1.15.1/STM32CubeIDE/plugins/com.st.stm32cube.ide.mcu.externaltools.gnu-tools-for-stm32.12.3.rel1.win32_1.0.100.202403111256/tools/bin/../lib/gcc/arm-none-eabi/12.3.1/../../../../arm-none-eabi/lib/thumb/v7e-m+fp/hard\libc_nano.a(libc_a-nano-svfprintf.o)
 .rodata._printf_i.str1.1
                0x08007ca5       0x22 D:/ST/STM32CubeIDE_1.15.1/STM32CubeIDE/plugins/com.st.stm32cube.ide.mcu.externaltools.gnu-tools-for-stm32.12.3.rel1.win32_1.0.100.202403111256/tools/bin/../lib/gcc/arm-none-eabi/12.3.1/../../../../arm-none-eabi/lib/thumb/v7e-m+fp/hard\libc_nano.a(libc_a-nano-vfprintf_i.o)
                0x08007cc8                        . = ALIGN (0x4)
 *fill*         0x08007cc7        0x1 

.ARM.extab      0x08007cc8        0x0
                0x08007cc8                        . = ALIGN (0x4)
 *(.ARM.extab* .gnu.linkonce.armextab.*)
                0x08007cc8                        . = ALIGN (0x4)

.ARM            0x08007cc8        0x8
                0x08007cc8                        . = ALIGN (0x4)
                0x08007cc8                        __exidx_start = .
 *(.ARM.exidx*)
 .ARM.exidx     0x08007cc8        0x8 D:/ST/STM32CubeIDE_1.15.1/STM32CubeIDE/plugins/com.st.stm32cube.ide.mcu.externaltools.gnu-tools-for-stm32.12.3.rel1.win32_1.0.100.202403111256/tools/bin/../lib/gcc/arm-none-eabi/12.3.1/../../../../arm-none-eabi/lib/thumb/v7e-m+fp/hard\libc_nano.a(libc_a-memchr.o)
 .ARM.exidx     0x08007cd0        0x0 D:/ST/STM32CubeIDE_1.15.1/STM32CubeIDE/plugins/com.st.stm32cube.ide.mcu.externaltools.gnu-tools-for-stm32.12.3.rel1.win32_1.0.100.202403111256/tools/bin/../lib/gcc/arm-none-eabi/12.3.1/thumb/v7e-m+fp/hard\libgcc.a(_udivmoddi4.o)
                                  0x8 (size before relaxing)
                0x08007cd0                        __exidx_end = .
                0x08007cd0                        . = ALIGN (0x4)

.preinit_array  0x08007cd0        0x0
                0x08007cd0                        . = ALIGN (0x4)
                0x08007cd0                        PROVIDE (__preinit_array_start = .)
 *(.preinit_array*)
                0x08007cd0                        PROVIDE (__preinit_array_end = .)
                0x08007cd0                        . = ALIGN (0x4)

.init_array     0x08007cd0        0x4
                0x08007cd0                        . = ALIGN (0x4)
                0x08007cd0                        PROVIDE (__init_array_start = .)
 *(SORT_BY_NAME(.init_array.*))
 *(.init_array*)
 .init_array    0x08007cd0        0x4 D:/ST/STM32CubeIDE_1.15.1/STM32CubeIDE/plugins/com.st.stm32cube.ide.mcu.externaltools.gnu-tools-for-stm32.12.3.rel1.win32_1.0.100.202403111256/tools/bin/../lib/gcc/arm-none-eabi/12.3.1/thumb/v7e-m+fp/hard/crtbegin.o
                0x08007cd4                        PROVIDE (__init_array_end = .)
                0x08007cd4                        . = ALIGN (0x4)

.fini_array     0x08007cd4        0x4
                0x08007cd4                        . = ALIGN (0x4)
                [!provide]                        PROVIDE (__fini_array_start = .)
 *(SORT_BY_NAME(.fini_array.*))
 *(.fini_array*)
 .fini_array    0x08007cd4        0x4 D:/ST/STM32CubeIDE_1.15.1/STM32CubeIDE/plugins/com.st.stm32cube.ide.mcu.externaltools.gnu-tools-for-stm32.12.3.rel1.win32_1.0.100.202403111256/tools/bin/../lib/gcc/arm-none-eabi/12.3.1/thumb/v7e-m+fp/hard/crtbegin.o
                [!provide]                        PROVIDE (__fini_array_end = .)
                0x08007cd8                        . = ALIGN (0x4)
                0x08007cd8                        _sidata = LOADADDR (.data)

.rel.dyn        0x08007cd8        0x0
 .rel.iplt      0x08007cd8        0x0 D:/ST/STM32CubeIDE_1.15.1/STM32CubeIDE/plugins/com.st.stm32cube.ide.mcu.externaltools.gnu-tools-for-stm32.12.3.rel1.win32_1.0.100.202403111256/tools/bin/../lib/gcc/arm-none-eabi/12.3.1/thumb/v7e-m+fp/hard/crtbegin.o

.data           0x20000000      0x190 load address 0x08007cd8
                0x20000000                        . = ALIGN (0x4)
                0x20000000                        _sdata = .
 *(.data)
 *(.data*)
 .data.alarm    0x20000000       0x29 ./Core/Src/alarm.o
                0x20000000                alarm
 *fill*         0x20000029        0x3 
 .data.buz      0x2000002c        0x3 ./Core/Src/buzzer.o
                0x2000002c                buz
 *fill*         0x2000002f        0x1 
 .data.buzTone  0x20000030        0x2 ./Core/Src/buzzer.o
                0x20000030                buzTone
 *fill*         0x20000032        0x2 
 .data.thirtyDays
                0x20000034       0x10 ./Core/Src/clock.o
                0x20000034                thirtyDays
 .data.clock    0x20000044       0x34 ./Core/Src/main.o
                0x20000044                clock
 .data.stopwatch
                0x20000078       0xbc ./Core/Src/main.o
                0x20000078                stopwatch
 .data.SystemCoreClock
                0x20000134        0x4 ./Core/Src/system_stm32f4xx.o
                0x20000134                SystemCoreClock
 .data.uwTickPrio
                0x20000138        0x4 ./Drivers/STM32F4xx_HAL_Driver/Src/stm32f4xx_hal.o
                0x20000138                uwTickPrio
 .data.uwTickFreq
                0x2000013c        0x1 ./Drivers/STM32F4xx_HAL_Driver/Src/stm32f4xx_hal.o
                0x2000013c                uwTickFreq
 *fill*         0x2000013d        0x3 
 .data._impure_ptr
                0x20000140        0x4 D:/ST/STM32CubeIDE_1.15.1/STM32CubeIDE/plugins/com.st.stm32cube.ide.mcu.externaltools.gnu-tools-for-stm32.12.3.rel1.win32_1.0.100.202403111256/tools/bin/../lib/gcc/arm-none-eabi/12.3.1/../../../../arm-none-eabi/lib/thumb/v7e-m+fp/hard\libc_nano.a(libc_a-impure.o)
                0x20000140                _impure_ptr
 .data._impure_data
                0x20000144       0x4c D:/ST/STM32CubeIDE_1.15.1/STM32CubeIDE/plugins/com.st.stm32cube.ide.mcu.externaltools.gnu-tools-for-stm32.12.3.rel1.win32_1.0.100.202403111256/tools/bin/../lib/gcc/arm-none-eabi/12.3.1/../../../../arm-none-eabi/lib/thumb/v7e-m+fp/hard\libc_nano.a(libc_a-impure.o)
                0x20000144                _impure_data
 *(.RamFunc)
 *(.RamFunc*)
                0x20000190                        . = ALIGN (0x4)
                0x20000190                        _edata = .
                0x08007e68                        _siccmram = LOADADDR (.ccmram)

.igot.plt       0x20000190        0x0 load address 0x08007e68
 .igot.plt      0x20000190        0x0 D:/ST/STM32CubeIDE_1.15.1/STM32CubeIDE/plugins/com.st.stm32cube.ide.mcu.externaltools.gnu-tools-for-stm32.12.3.rel1.win32_1.0.100.202403111256/tools/bin/../lib/gcc/arm-none-eabi/12.3.1/thumb/v7e-m+fp/hard/crtbegin.o

.ccmram         0x10000000        0x0 load address 0x08007e68
                0x10000000                        . = ALIGN (0x4)
                0x10000000                        _sccmram = .
 *(.ccmram)
 *(.ccmram*)
                0x10000000                        . = ALIGN (0x4)
                0x10000000                        _eccmram = .
                0x10000000                        . = ALIGN (0x4)

.bss            0x20000190      0x2dc
                0x20000190                        _sbss = .
                0x20000190                        __bss_start__ = _sbss
 *(.bss)
 .bss           0x20000190       0x1c D:/ST/STM32CubeIDE_1.15.1/STM32CubeIDE/plugins/com.st.stm32cube.ide.mcu.externaltools.gnu-tools-for-stm32.12.3.rel1.win32_1.0.100.202403111256/tools/bin/../lib/gcc/arm-none-eabi/12.3.1/thumb/v7e-m+fp/hard/crtbegin.o
 *(.bss*)
 .bss.tempMode  0x200001ac        0x1 ./Core/Src/alarm.o
                0x200001ac                tempMode
 .bss.clockSet  0x200001ad        0x1 ./Core/Src/clock.o
                0x200001ad                clockSet
 *fill*         0x200001ae        0x2 
 .bss.htim2     0x200001b0       0x48 ./Core/Src/main.o
                0x200001b0                htim2
 .bss.htim6     0x200001f8       0x48 ./Core/Src/main.o
                0x200001f8                htim6
 .bss.huart3    0x20000240       0x48 ./Core/Src/main.o
                0x20000240                huart3
 .bss.sys       0x20000288        0xc ./Core/Src/main.o
                0x20000288                sys
 .bss.sw1       0x20000294       0x1c ./Core/Src/main.o
                0x20000294                sw1
 .bss.sw2       0x200002b0       0x1c ./Core/Src/main.o
                0x200002b0                sw2
 .bss.sw3       0x200002cc       0x1c ./Core/Src/main.o
                0x200002cc                sw3
 .bss.sw4       0x200002e8       0x1c ./Core/Src/main.o
                0x200002e8                sw4
 .bss.pausedTimer
                0x20000304       0x10 ./Core/Src/stopWatch.o
                0x20000304                pausedTimer
 .bss.rsp       0x20000314        0x1 ./Core/Src/swControll.o
                0x20000314                rsp
 .bss.mode      0x20000315        0x1 ./Core/Src/swControll.o
                0x20000315                mode
 *fill*         0x20000316        0x2 
 .bss.__sbrk_heap_end
                0x20000318        0x4 ./Core/Src/sysmem.o
 .bss.uartRxfd  0x2000031c        0x2 ./Core/Src/uartLEDControll.o
                0x2000031c                uartRxfd
 *fill*         0x2000031e        0x2 
 .bss.uwTick    0x20000320        0x4 ./Drivers/STM32F4xx_HAL_Driver/Src/stm32f4xx_hal.o
                0x20000320                uwTick
 .bss.__sf      0x20000324      0x138 D:/ST/STM32CubeIDE_1.15.1/STM32CubeIDE/plugins/com.st.stm32cube.ide.mcu.externaltools.gnu-tools-for-stm32.12.3.rel1.win32_1.0.100.202403111256/tools/bin/../lib/gcc/arm-none-eabi/12.3.1/../../../../arm-none-eabi/lib/thumb/v7e-m+fp/hard\libc_nano.a(libc_a-findfp.o)
                0x20000324                __sf
 .bss.errno     0x2000045c        0x4 D:/ST/STM32CubeIDE_1.15.1/STM32CubeIDE/plugins/com.st.stm32cube.ide.mcu.externaltools.gnu-tools-for-stm32.12.3.rel1.win32_1.0.100.202403111256/tools/bin/../lib/gcc/arm-none-eabi/12.3.1/../../../../arm-none-eabi/lib/thumb/v7e-m+fp/hard\libc_nano.a(libc_a-reent.o)
                0x2000045c                errno
 .bss.__lock___malloc_recursive_mutex
                0x20000460        0x1 D:/ST/STM32CubeIDE_1.15.1/STM32CubeIDE/plugins/com.st.stm32cube.ide.mcu.externaltools.gnu-tools-for-stm32.12.3.rel1.win32_1.0.100.202403111256/tools/bin/../lib/gcc/arm-none-eabi/12.3.1/../../../../arm-none-eabi/lib/thumb/v7e-m+fp/hard\libc_nano.a(libc_a-lock.o)
                0x20000460                __lock___malloc_recursive_mutex
 *fill*         0x20000461        0x3 
 .bss.__malloc_sbrk_start
                0x20000464        0x4 D:/ST/STM32CubeIDE_1.15.1/STM32CubeIDE/plugins/com.st.stm32cube.ide.mcu.externaltools.gnu-tools-for-stm32.12.3.rel1.win32_1.0.100.202403111256/tools/bin/../lib/gcc/arm-none-eabi/12.3.1/../../../../arm-none-eabi/lib/thumb/v7e-m+fp/hard\libc_nano.a(libc_a-mallocr.o)
                0x20000464                __malloc_sbrk_start
 .bss.__malloc_free_list
                0x20000468        0x4 D:/ST/STM32CubeIDE_1.15.1/STM32CubeIDE/plugins/com.st.stm32cube.ide.mcu.externaltools.gnu-tools-for-stm32.12.3.rel1.win32_1.0.100.202403111256/tools/bin/../lib/gcc/arm-none-eabi/12.3.1/../../../../arm-none-eabi/lib/thumb/v7e-m+fp/hard\libc_nano.a(libc_a-mallocr.o)
                0x20000468                __malloc_free_list
 *(COMMON)
                0x2000046c                        . = ALIGN (0x4)
                0x2000046c                        _ebss = .
                0x2000046c                        __bss_end__ = _ebss

._user_heap_stack
                0x2000046c      0x604
                0x20000470                        . = ALIGN (0x8)
 *fill*         0x2000046c        0x4 
                [!provide]                        PROVIDE (end = .)
                0x20000470                        PROVIDE (_end = .)
                0x20000670                        . = (. + _Min_Heap_Size)
 *fill*         0x20000470      0x200 
                0x20000a70                        . = (. + _Min_Stack_Size)
 *fill*         0x20000670      0x400 
                0x20000a70                        . = ALIGN (0x8)

/DISCARD/
 libc.a(*)
 libm.a(*)
 libgcc.a(*)

.ARM.attributes
                0x00000000       0x30
 *(.ARM.attributes)
 .ARM.attributes
                0x00000000       0x22 D:/ST/STM32CubeIDE_1.15.1/STM32CubeIDE/plugins/com.st.stm32cube.ide.mcu.externaltools.gnu-tools-for-stm32.12.3.rel1.win32_1.0.100.202403111256/tools/bin/../lib/gcc/arm-none-eabi/12.3.1/thumb/v7e-m+fp/hard/crti.o
 .ARM.attributes
                0x00000022       0x34 D:/ST/STM32CubeIDE_1.15.1/STM32CubeIDE/plugins/com.st.stm32cube.ide.mcu.externaltools.gnu-tools-for-stm32.12.3.rel1.win32_1.0.100.202403111256/tools/bin/../lib/gcc/arm-none-eabi/12.3.1/thumb/v7e-m+fp/hard/crtbegin.o
 .ARM.attributes
                0x00000056       0x34 ./Core/Src/7SEG.o
 .ARM.attributes
                0x0000008a       0x34 ./Core/Src/CLCD.o
 .ARM.attributes
                0x000000be       0x34 ./Core/Src/alarm.o
 .ARM.attributes
                0x000000f2       0x34 ./Core/Src/buzzer.o
 .ARM.attributes
                0x00000126       0x34 ./Core/Src/clock.o
 .ARM.attributes
                0x0000015a       0x34 ./Core/Src/main.o
 .ARM.attributes
                0x0000018e       0x34 ./Core/Src/stm32f4xx_hal_msp.o
 .ARM.attributes
                0x000001c2       0x34 ./Core/Src/stm32f4xx_it.o
 .ARM.attributes
                0x000001f6       0x34 ./Core/Src/stopWatch.o
 .ARM.attributes
                0x0000022a       0x34 ./Core/Src/swControll.o
 .ARM.attributes
                0x0000025e       0x34 ./Core/Src/sysmem.o
 .ARM.attributes
                0x00000292       0x34 ./Core/Src/system_stm32f4xx.o
 .ARM.attributes
                0x000002c6       0x34 ./Core/Src/uartLEDControll.o
 .ARM.attributes
                0x000002fa       0x21 ./Core/Startup/startup_stm32f407vetx.o
 .ARM.attributes
                0x0000031b       0x34 ./Drivers/STM32F4xx_HAL_Driver/Src/stm32f4xx_hal.o
 .ARM.attributes
                0x0000034f       0x34 ./Drivers/STM32F4xx_HAL_Driver/Src/stm32f4xx_hal_cortex.o
 .ARM.attributes
                0x00000383       0x34 ./Drivers/STM32F4xx_HAL_Driver/Src/stm32f4xx_hal_dma.o
 .ARM.attributes
                0x000003b7       0x34 ./Drivers/STM32F4xx_HAL_Driver/Src/stm32f4xx_hal_gpio.o
 .ARM.attributes
                0x000003eb       0x34 ./Drivers/STM32F4xx_HAL_Driver/Src/stm32f4xx_hal_rcc.o
 .ARM.attributes
                0x0000041f       0x34 ./Drivers/STM32F4xx_HAL_Driver/Src/stm32f4xx_hal_tim.o
 .ARM.attributes
                0x00000453       0x34 ./Drivers/STM32F4xx_HAL_Driver/Src/stm32f4xx_hal_tim_ex.o
 .ARM.attributes
                0x00000487       0x34 ./Drivers/STM32F4xx_HAL_Driver/Src/stm32f4xx_hal_uart.o
 .ARM.attributes
                0x000004bb       0x34 D:/ST/STM32CubeIDE_1.15.1/STM32CubeIDE/plugins/com.st.stm32cube.ide.mcu.externaltools.gnu-tools-for-stm32.12.3.rel1.win32_1.0.100.202403111256/tools/bin/../lib/gcc/arm-none-eabi/12.3.1/../../../../arm-none-eabi/lib/thumb/v7e-m+fp/hard\libc_nano.a(libc_a-findfp.o)
 .ARM.attributes
                0x000004ef       0x34 D:/ST/STM32CubeIDE_1.15.1/STM32CubeIDE/plugins/com.st.stm32cube.ide.mcu.externaltools.gnu-tools-for-stm32.12.3.rel1.win32_1.0.100.202403111256/tools/bin/../lib/gcc/arm-none-eabi/12.3.1/../../../../arm-none-eabi/lib/thumb/v7e-m+fp/hard\libc_nano.a(libc_a-sprintf.o)
 .ARM.attributes
                0x00000523       0x34 D:/ST/STM32CubeIDE_1.15.1/STM32CubeIDE/plugins/com.st.stm32cube.ide.mcu.externaltools.gnu-tools-for-stm32.12.3.rel1.win32_1.0.100.202403111256/tools/bin/../lib/gcc/arm-none-eabi/12.3.1/../../../../arm-none-eabi/lib/thumb/v7e-m+fp/hard\libc_nano.a(libc_a-memset.o)
 .ARM.attributes
                0x00000557       0x34 D:/ST/STM32CubeIDE_1.15.1/STM32CubeIDE/plugins/com.st.stm32cube.ide.mcu.externaltools.gnu-tools-for-stm32.12.3.rel1.win32_1.0.100.202403111256/tools/bin/../lib/gcc/arm-none-eabi/12.3.1/../../../../arm-none-eabi/lib/thumb/v7e-m+fp/hard\libc_nano.a(libc_a-reent.o)
 .ARM.attributes
                0x0000058b       0x34 D:/ST/STM32CubeIDE_1.15.1/STM32CubeIDE/plugins/com.st.stm32cube.ide.mcu.externaltools.gnu-tools-for-stm32.12.3.rel1.win32_1.0.100.202403111256/tools/bin/../lib/gcc/arm-none-eabi/12.3.1/../../../../arm-none-eabi/lib/thumb/v7e-m+fp/hard\libc_nano.a(libc_a-impure.o)
 .ARM.attributes
                0x000005bf       0x34 D:/ST/STM32CubeIDE_1.15.1/STM32CubeIDE/plugins/com.st.stm32cube.ide.mcu.externaltools.gnu-tools-for-stm32.12.3.rel1.win32_1.0.100.202403111256/tools/bin/../lib/gcc/arm-none-eabi/12.3.1/../../../../arm-none-eabi/lib/thumb/v7e-m+fp/hard\libc_nano.a(libc_a-errno.o)
 .ARM.attributes
                0x000005f3       0x34 D:/ST/STM32CubeIDE_1.15.1/STM32CubeIDE/plugins/com.st.stm32cube.ide.mcu.externaltools.gnu-tools-for-stm32.12.3.rel1.win32_1.0.100.202403111256/tools/bin/../lib/gcc/arm-none-eabi/12.3.1/../../../../arm-none-eabi/lib/thumb/v7e-m+fp/hard\libc_nano.a(libc_a-init.o)
 .ARM.attributes
                0x00000627       0x34 D:/ST/STM32CubeIDE_1.15.1/STM32CubeIDE/plugins/com.st.stm32cube.ide.mcu.externaltools.gnu-tools-for-stm32.12.3.rel1.win32_1.0.100.202403111256/tools/bin/../lib/gcc/arm-none-eabi/12.3.1/../../../../arm-none-eabi/lib/thumb/v7e-m+fp/hard\libc_nano.a(libc_a-lock.o)
 .ARM.attributes
                0x0000065b       0x34 D:/ST/STM32CubeIDE_1.15.1/STM32CubeIDE/plugins/com.st.stm32cube.ide.mcu.externaltools.gnu-tools-for-stm32.12.3.rel1.win32_1.0.100.202403111256/tools/bin/../lib/gcc/arm-none-eabi/12.3.1/../../../../arm-none-eabi/lib/thumb/v7e-m+fp/hard\libc_nano.a(libc_a-freer.o)
 .ARM.attributes
                0x0000068f       0x34 D:/ST/STM32CubeIDE_1.15.1/STM32CubeIDE/plugins/com.st.stm32cube.ide.mcu.externaltools.gnu-tools-for-stm32.12.3.rel1.win32_1.0.100.202403111256/tools/bin/../lib/gcc/arm-none-eabi/12.3.1/../../../../arm-none-eabi/lib/thumb/v7e-m+fp/hard\libc_nano.a(libc_a-mallocr.o)
 .ARM.attributes
                0x000006c3       0x34 D:/ST/STM32CubeIDE_1.15.1/STM32CubeIDE/plugins/com.st.stm32cube.ide.mcu.externaltools.gnu-tools-for-stm32.12.3.rel1.win32_1.0.100.202403111256/tools/bin/../lib/gcc/arm-none-eabi/12.3.1/../../../../arm-none-eabi/lib/thumb/v7e-m+fp/hard\libc_nano.a(libc_a-mlock.o)
 .ARM.attributes
                0x000006f7       0x34 D:/ST/STM32CubeIDE_1.15.1/STM32CubeIDE/plugins/com.st.stm32cube.ide.mcu.externaltools.gnu-tools-for-stm32.12.3.rel1.win32_1.0.100.202403111256/tools/bin/../lib/gcc/arm-none-eabi/12.3.1/../../../../arm-none-eabi/lib/thumb/v7e-m+fp/hard\libc_nano.a(libc_a-nano-svfprintf.o)
 .ARM.attributes
                0x0000072b       0x34 D:/ST/STM32CubeIDE_1.15.1/STM32CubeIDE/plugins/com.st.stm32cube.ide.mcu.externaltools.gnu-tools-for-stm32.12.3.rel1.win32_1.0.100.202403111256/tools/bin/../lib/gcc/arm-none-eabi/12.3.1/../../../../arm-none-eabi/lib/thumb/v7e-m+fp/hard\libc_nano.a(libc_a-nano-vfprintf_i.o)
 .ARM.attributes
                0x0000075f       0x34 D:/ST/STM32CubeIDE_1.15.1/STM32CubeIDE/plugins/com.st.stm32cube.ide.mcu.externaltools.gnu-tools-for-stm32.12.3.rel1.win32_1.0.100.202403111256/tools/bin/../lib/gcc/arm-none-eabi/12.3.1/../../../../arm-none-eabi/lib/thumb/v7e-m+fp/hard\libc_nano.a(libc_a-memmove.o)
 .ARM.attributes
                0x00000793       0x34 D:/ST/STM32CubeIDE_1.15.1/STM32CubeIDE/plugins/com.st.stm32cube.ide.mcu.externaltools.gnu-tools-for-stm32.12.3.rel1.win32_1.0.100.202403111256/tools/bin/../lib/gcc/arm-none-eabi/12.3.1/../../../../arm-none-eabi/lib/thumb/v7e-m+fp/hard\libc_nano.a(libc_a-sbrkr.o)
 .ARM.attributes
                0x000007c7       0x1c D:/ST/STM32CubeIDE_1.15.1/STM32CubeIDE/plugins/com.st.stm32cube.ide.mcu.externaltools.gnu-tools-for-stm32.12.3.rel1.win32_1.0.100.202403111256/tools/bin/../lib/gcc/arm-none-eabi/12.3.1/../../../../arm-none-eabi/lib/thumb/v7e-m+fp/hard\libc_nano.a(libc_a-memchr.o)
 .ARM.attributes
                0x000007e3       0x34 D:/ST/STM32CubeIDE_1.15.1/STM32CubeIDE/plugins/com.st.stm32cube.ide.mcu.externaltools.gnu-tools-for-stm32.12.3.rel1.win32_1.0.100.202403111256/tools/bin/../lib/gcc/arm-none-eabi/12.3.1/../../../../arm-none-eabi/lib/thumb/v7e-m+fp/hard\libc_nano.a(libc_a-memcpy-stub.o)
 .ARM.attributes
                0x00000817       0x34 D:/ST/STM32CubeIDE_1.15.1/STM32CubeIDE/plugins/com.st.stm32cube.ide.mcu.externaltools.gnu-tools-for-stm32.12.3.rel1.win32_1.0.100.202403111256/tools/bin/../lib/gcc/arm-none-eabi/12.3.1/../../../../arm-none-eabi/lib/thumb/v7e-m+fp/hard\libc_nano.a(libc_a-reallocr.o)
 .ARM.attributes
                0x0000084b       0x34 D:/ST/STM32CubeIDE_1.15.1/STM32CubeIDE/plugins/com.st.stm32cube.ide.mcu.externaltools.gnu-tools-for-stm32.12.3.rel1.win32_1.0.100.202403111256/tools/bin/../lib/gcc/arm-none-eabi/12.3.1/../../../../arm-none-eabi/lib/thumb/v7e-m+fp/hard\libc_nano.a(libc_a-msizer.o)
 .ARM.attributes
                0x0000087f       0x22 D:/ST/STM32CubeIDE_1.15.1/STM32CubeIDE/plugins/com.st.stm32cube.ide.mcu.externaltools.gnu-tools-for-stm32.12.3.rel1.win32_1.0.100.202403111256/tools/bin/../lib/gcc/arm-none-eabi/12.3.1/thumb/v7e-m+fp/hard\libgcc.a(_aeabi_uldivmod.o)
 .ARM.attributes
                0x000008a1       0x34 D:/ST/STM32CubeIDE_1.15.1/STM32CubeIDE/plugins/com.st.stm32cube.ide.mcu.externaltools.gnu-tools-for-stm32.12.3.rel1.win32_1.0.100.202403111256/tools/bin/../lib/gcc/arm-none-eabi/12.3.1/thumb/v7e-m+fp/hard\libgcc.a(_udivmoddi4.o)
 .ARM.attributes
                0x000008d5       0x22 D:/ST/STM32CubeIDE_1.15.1/STM32CubeIDE/plugins/com.st.stm32cube.ide.mcu.externaltools.gnu-tools-for-stm32.12.3.rel1.win32_1.0.100.202403111256/tools/bin/../lib/gcc/arm-none-eabi/12.3.1/thumb/v7e-m+fp/hard\libgcc.a(_dvmd_tls.o)
 .ARM.attributes
                0x000008f7       0x22 D:/ST/STM32CubeIDE_1.15.1/STM32CubeIDE/plugins/com.st.stm32cube.ide.mcu.externaltools.gnu-tools-for-stm32.12.3.rel1.win32_1.0.100.202403111256/tools/bin/../lib/gcc/arm-none-eabi/12.3.1/thumb/v7e-m+fp/hard/crtn.o
OUTPUT(DigitalAlramProject.elf elf32-littlearm)
LOAD linker stubs
LOAD D:/ST/STM32CubeIDE_1.15.1/STM32CubeIDE/plugins/com.st.stm32cube.ide.mcu.externaltools.gnu-tools-for-stm32.12.3.rel1.win32_1.0.100.202403111256/tools/bin/../lib/gcc/arm-none-eabi/12.3.1/../../../../arm-none-eabi/lib/thumb/v7e-m+fp/hard\libc.a
LOAD D:/ST/STM32CubeIDE_1.15.1/STM32CubeIDE/plugins/com.st.stm32cube.ide.mcu.externaltools.gnu-tools-for-stm32.12.3.rel1.win32_1.0.100.202403111256/tools/bin/../lib/gcc/arm-none-eabi/12.3.1/../../../../arm-none-eabi/lib/thumb/v7e-m+fp/hard\libm.a
LOAD D:/ST/STM32CubeIDE_1.15.1/STM32CubeIDE/plugins/com.st.stm32cube.ide.mcu.externaltools.gnu-tools-for-stm32.12.3.rel1.win32_1.0.100.202403111256/tools/bin/../lib/gcc/arm-none-eabi/12.3.1/thumb/v7e-m+fp/hard\libgcc.a

.debug_info     0x00000000     0xfee5
 .debug_info    0x00000000      0x446 ./Core/Src/7SEG.o
 .debug_info    0x00000446      0x462 ./Core/Src/CLCD.o
 .debug_info    0x000008a8      0x422 ./Core/Src/alarm.o
 .debug_info    0x00000cca      0x8fb ./Core/Src/buzzer.o
 .debug_info    0x000015c5      0x542 ./Core/Src/clock.o
 .debug_info    0x00001b07     0x1901 ./Core/Src/main.o
 .debug_info    0x00003408      0xf62 ./Core/Src/stm32f4xx_hal_msp.o
 .debug_info    0x0000436a      0x9d0 ./Core/Src/stm32f4xx_it.o
 .debug_info    0x00004d3a      0x317 ./Core/Src/stopWatch.o
 .debug_info    0x00005051      0x8d1 ./Core/Src/swControll.o
 .debug_info    0x00005922      0x168 ./Core/Src/sysmem.o
 .debug_info    0x00005a8a      0x512 ./Core/Src/system_stm32f4xx.o
 .debug_info    0x00005f9c      0x229 ./Core/Src/uartLEDControll.o
 .debug_info    0x000061c5       0x30 ./Core/Startup/startup_stm32f407vetx.o
 .debug_info    0x000061f5      0x944 ./Drivers/STM32F4xx_HAL_Driver/Src/stm32f4xx_hal.o
 .debug_info    0x00006b39      0xd8c ./Drivers/STM32F4xx_HAL_Driver/Src/stm32f4xx_hal_cortex.o
 .debug_info    0x000078c5      0x8e7 ./Drivers/STM32F4xx_HAL_Driver/Src/stm32f4xx_hal_dma.o
 .debug_info    0x000081ac      0x6c3 ./Drivers/STM32F4xx_HAL_Driver/Src/stm32f4xx_hal_gpio.o
 .debug_info    0x0000886f      0x8af ./Drivers/STM32F4xx_HAL_Driver/Src/stm32f4xx_hal_rcc.o
 .debug_info    0x0000911e     0x299d ./Drivers/STM32F4xx_HAL_Driver/Src/stm32f4xx_hal_tim.o
 .debug_info    0x0000babb     0x14db ./Drivers/STM32F4xx_HAL_Driver/Src/stm32f4xx_hal_tim_ex.o
 .debug_info    0x0000cf96     0x2f4f ./Drivers/STM32F4xx_HAL_Driver/Src/stm32f4xx_hal_uart.o

.debug_abbrev   0x00000000     0x2cb4
 .debug_abbrev  0x00000000      0x17e ./Core/Src/7SEG.o
 .debug_abbrev  0x0000017e      0x185 ./Core/Src/CLCD.o
 .debug_abbrev  0x00000303      0x216 ./Core/Src/alarm.o
 .debug_abbrev  0x00000519      0x21c ./Core/Src/buzzer.o
 .debug_abbrev  0x00000735      0x27d ./Core/Src/clock.o
 .debug_abbrev  0x000009b2      0x37a ./Core/Src/main.o
 .debug_abbrev  0x00000d2c      0x1f7 ./Core/Src/stm32f4xx_hal_msp.o
 .debug_abbrev  0x00000f23      0x1ca ./Core/Src/stm32f4xx_it.o
 .debug_abbrev  0x000010ed      0x192 ./Core/Src/stopWatch.o
 .debug_abbrev  0x0000127f      0x2c1 ./Core/Src/swControll.o
 .debug_abbrev  0x00001540       0xbc ./Core/Src/sysmem.o
 .debug_abbrev  0x000015fc      0x11a ./Core/Src/system_stm32f4xx.o
 .debug_abbrev  0x00001716      0x151 ./Core/Src/uartLEDControll.o
 .debug_abbrev  0x00001867       0x24 ./Core/Startup/startup_stm32f407vetx.o
 .debug_abbrev  0x0000188b      0x214 ./Drivers/STM32F4xx_HAL_Driver/Src/stm32f4xx_hal.o
 .debug_abbrev  0x00001a9f      0x31d ./Drivers/STM32F4xx_HAL_Driver/Src/stm32f4xx_hal_cortex.o
 .debug_abbrev  0x00001dbc      0x264 ./Drivers/STM32F4xx_HAL_Driver/Src/stm32f4xx_hal_dma.o
 .debug_abbrev  0x00002020      0x1d4 ./Drivers/STM32F4xx_HAL_Driver/Src/stm32f4xx_hal_gpio.o
 .debug_abbrev  0x000021f4      0x2b7 ./Drivers/STM32F4xx_HAL_Driver/Src/stm32f4xx_hal_rcc.o
 .debug_abbrev  0x000024ab      0x278 ./Drivers/STM32F4xx_HAL_Driver/Src/stm32f4xx_hal_tim.o
 .debug_abbrev  0x00002723      0x283 ./Drivers/STM32F4xx_HAL_Driver/Src/stm32f4xx_hal_tim_ex.o
 .debug_abbrev  0x000029a6      0x30e ./Drivers/STM32F4xx_HAL_Driver/Src/stm32f4xx_hal_uart.o

.debug_aranges  0x00000000      0xfb0
 .debug_aranges
                0x00000000       0x28 ./Core/Src/7SEG.o
 .debug_aranges
                0x00000028       0x50 ./Core/Src/CLCD.o
 .debug_aranges
                0x00000078       0x70 ./Core/Src/alarm.o
 .debug_aranges
                0x000000e8       0x60 ./Core/Src/buzzer.o
 .debug_aranges
                0x00000148       0x78 ./Core/Src/clock.o
 .debug_aranges
                0x000001c0       0x70 ./Core/Src/main.o
 .debug_aranges
                0x00000230       0x48 ./Core/Src/stm32f4xx_hal_msp.o
 .debug_aranges
                0x00000278       0x88 ./Core/Src/stm32f4xx_it.o
 .debug_aranges
                0x00000300       0x68 ./Core/Src/stopWatch.o
 .debug_aranges
                0x00000368       0xe8 ./Core/Src/swControll.o
 .debug_aranges
                0x00000450       0x20 ./Core/Src/sysmem.o
 .debug_aranges
                0x00000470       0x28 ./Core/Src/system_stm32f4xx.o
 .debug_aranges
                0x00000498       0x20 ./Core/Src/uartLEDControll.o
 .debug_aranges
                0x000004b8       0x28 ./Core/Startup/startup_stm32f407vetx.o
 .debug_aranges
                0x000004e0       0xf0 ./Drivers/STM32F4xx_HAL_Driver/Src/stm32f4xx_hal.o
 .debug_aranges
                0x000005d0      0x130 ./Drivers/STM32F4xx_HAL_Driver/Src/stm32f4xx_hal_cortex.o
 .debug_aranges
                0x00000700       0x90 ./Drivers/STM32F4xx_HAL_Driver/Src/stm32f4xx_hal_dma.o
 .debug_aranges
                0x00000790       0x58 ./Drivers/STM32F4xx_HAL_Driver/Src/stm32f4xx_hal_gpio.o
 .debug_aranges
                0x000007e8       0x88 ./Drivers/STM32F4xx_HAL_Driver/Src/stm32f4xx_hal_rcc.o
 .debug_aranges
                0x00000870      0x3d0 ./Drivers/STM32F4xx_HAL_Driver/Src/stm32f4xx_hal_tim.o
 .debug_aranges
                0x00000c40      0x168 ./Drivers/STM32F4xx_HAL_Driver/Src/stm32f4xx_hal_tim_ex.o
 .debug_aranges
                0x00000da8      0x208 ./Drivers/STM32F4xx_HAL_Driver/Src/stm32f4xx_hal_uart.o

.debug_rnglists
                0x00000000      0xc26
 .debug_rnglists
                0x00000000       0x1b ./Core/Src/7SEG.o
 .debug_rnglists
                0x0000001b       0x3a ./Core/Src/CLCD.o
 .debug_rnglists
                0x00000055       0x51 ./Core/Src/alarm.o
 .debug_rnglists
                0x000000a6       0x44 ./Core/Src/buzzer.o
 .debug_rnglists
                0x000000ea       0x5b ./Core/Src/clock.o
 .debug_rnglists
                0x00000145       0x54 ./Core/Src/main.o
 .debug_rnglists
                0x00000199       0x32 ./Core/Src/stm32f4xx_hal_msp.o
 .debug_rnglists
                0x000001cb       0x61 ./Core/Src/stm32f4xx_it.o
 .debug_rnglists
                0x0000022c       0x4d ./Core/Src/stopWatch.o
 .debug_rnglists
                0x00000279       0xb4 ./Core/Src/swControll.o
 .debug_rnglists
                0x0000032d       0x13 ./Core/Src/sysmem.o
 .debug_rnglists
                0x00000340       0x1a ./Core/Src/system_stm32f4xx.o
 .debug_rnglists
                0x0000035a       0x14 ./Core/Src/uartLEDControll.o
 .debug_rnglists
                0x0000036e       0x19 ./Core/Startup/startup_stm32f407vetx.o
 .debug_rnglists
                0x00000387       0xaf ./Drivers/STM32F4xx_HAL_Driver/Src/stm32f4xx_hal.o
 .debug_rnglists
                0x00000436       0xe0 ./Drivers/STM32F4xx_HAL_Driver/Src/stm32f4xx_hal_cortex.o
 .debug_rnglists
                0x00000516       0x70 ./Drivers/STM32F4xx_HAL_Driver/Src/stm32f4xx_hal_dma.o
 .debug_rnglists
                0x00000586       0x3f ./Drivers/STM32F4xx_HAL_Driver/Src/stm32f4xx_hal_gpio.o
 .debug_rnglists
                0x000005c5       0x66 ./Drivers/STM32F4xx_HAL_Driver/Src/stm32f4xx_hal_rcc.o
 .debug_rnglists
                0x0000062b      0x31a ./Drivers/STM32F4xx_HAL_Driver/Src/stm32f4xx_hal_tim.o
 .debug_rnglists
                0x00000945      0x125 ./Drivers/STM32F4xx_HAL_Driver/Src/stm32f4xx_hal_tim_ex.o
 .debug_rnglists
                0x00000a6a      0x1bc ./Drivers/STM32F4xx_HAL_Driver/Src/stm32f4xx_hal_uart.o

.debug_macro    0x00000000    0x22d88
 .debug_macro   0x00000000      0x1dd ./Core/Src/7SEG.o
 .debug_macro   0x000001dd      0xab4 ./Core/Src/7SEG.o
 .debug_macro   0x00000c91      0x29b ./Core/Src/7SEG.o
 .debug_macro   0x00000f2c       0x2e ./Core/Src/7SEG.o
 .debug_macro   0x00000f5a       0x2f ./Core/Src/7SEG.o
 .debug_macro   0x00000f89       0x22 ./Core/Src/7SEG.o
 .debug_macro   0x00000fab       0x8e ./Core/Src/7SEG.o
 .debug_macro   0x00001039       0x51 ./Core/Src/7SEG.o
 .debug_macro   0x0000108a      0x103 ./Core/Src/7SEG.o
 .debug_macro   0x0000118d       0x6a ./Core/Src/7SEG.o
 .debug_macro   0x000011f7      0x1df ./Core/Src/7SEG.o
 .debug_macro   0x000013d6       0x1c ./Core/Src/7SEG.o
 .debug_macro   0x000013f2       0x22 ./Core/Src/7SEG.o
 .debug_macro   0x00001414       0xfb ./Core/Src/7SEG.o
 .debug_macro   0x0000150f     0x1011 ./Core/Src/7SEG.o
 .debug_macro   0x00002520      0x11f ./Core/Src/7SEG.o
 .debug_macro   0x0000263f    0x15e97 ./Core/Src/7SEG.o
 .debug_macro   0x000184d6       0x6d ./Core/Src/7SEG.o
 .debug_macro   0x00018543     0x369a ./Core/Src/7SEG.o
 .debug_macro   0x0001bbdd      0x189 ./Core/Src/7SEG.o
 .debug_macro   0x0001bd66       0x5c ./Core/Src/7SEG.o
 .debug_macro   0x0001bdc2      0x980 ./Core/Src/7SEG.o
 .debug_macro   0x0001c742      0x9e9 ./Core/Src/7SEG.o
 .debug_macro   0x0001d12b      0x115 ./Core/Src/7SEG.o
 .debug_macro   0x0001d240      0x13e ./Core/Src/7SEG.o
 .debug_macro   0x0001d37e       0xa5 ./Core/Src/7SEG.o
 .debug_macro   0x0001d423      0x174 ./Core/Src/7SEG.o
 .debug_macro   0x0001d597      0x287 ./Core/Src/7SEG.o
 .debug_macro   0x0001d81e       0x5f ./Core/Src/7SEG.o
 .debug_macro   0x0001d87d      0x236 ./Core/Src/7SEG.o
 .debug_macro   0x0001dab3      0x12c ./Core/Src/7SEG.o
 .debug_macro   0x0001dbdf      0x21e ./Core/Src/7SEG.o
 .debug_macro   0x0001ddfd       0x2e ./Core/Src/7SEG.o
 .debug_macro   0x0001de2b      0x127 ./Core/Src/7SEG.o
 .debug_macro   0x0001df52       0x7e ./Core/Src/7SEG.o
 .debug_macro   0x0001dfd0       0x89 ./Core/Src/7SEG.o
 .debug_macro   0x0001e059      0x8ed ./Core/Src/7SEG.o
 .debug_macro   0x0001e946       0x4d ./Core/Src/7SEG.o
 .debug_macro   0x0001e993      0x2aa ./Core/Src/7SEG.o
 .debug_macro   0x0001ec3d      0x12d ./Core/Src/7SEG.o
 .debug_macro   0x0001ed6a      0x19c ./Core/Src/7SEG.o
 .debug_macro   0x0001ef06      0x1dd ./Core/Src/CLCD.o
 .debug_macro   0x0001f0e3       0x58 ./Core/Src/CLCD.o
 .debug_macro   0x0001f13b      0x310 ./Core/Src/alarm.o
 .debug_macro   0x0001f44b       0x10 ./Core/Src/alarm.o
 .debug_macro   0x0001f45b       0x61 ./Core/Src/alarm.o
 .debug_macro   0x0001f4bc       0x2a ./Core/Src/alarm.o
 .debug_macro   0x0001f4e6       0x43 ./Core/Src/alarm.o
 .debug_macro   0x0001f529       0x34 ./Core/Src/alarm.o
 .debug_macro   0x0001f55d       0x16 ./Core/Src/alarm.o
 .debug_macro   0x0001f573       0x35 ./Core/Src/alarm.o
 .debug_macro   0x0001f5a8      0x369 ./Core/Src/alarm.o
 .debug_macro   0x0001f911       0x10 ./Core/Src/alarm.o
 .debug_macro   0x0001f921       0x16 ./Core/Src/alarm.o
 .debug_macro   0x0001f937       0x43 ./Core/Src/alarm.o
 .debug_macro   0x0001f97a       0x34 ./Core/Src/alarm.o
 .debug_macro   0x0001f9ae       0x10 ./Core/Src/alarm.o
 .debug_macro   0x0001f9be       0x58 ./Core/Src/alarm.o
 .debug_macro   0x0001fa16       0x8e ./Core/Src/alarm.o
 .debug_macro   0x0001faa4       0x1c ./Core/Src/alarm.o
 .debug_macro   0x0001fac0      0x177 ./Core/Src/alarm.o
 .debug_macro   0x0001fc37       0x16 ./Core/Src/alarm.o
 .debug_macro   0x0001fc4d       0x16 ./Core/Src/alarm.o
 .debug_macro   0x0001fc63      0x146 ./Core/Src/alarm.o
 .debug_macro   0x0001fda9      0x1a2 ./Core/Src/alarm.o
 .debug_macro   0x0001ff4b       0x5e ./Core/Src/alarm.o
 .debug_macro   0x0001ffa9       0x28 ./Core/Src/alarm.o
 .debug_macro   0x0001ffd1       0x10 ./Core/Src/alarm.o
 .debug_macro   0x0001ffe1       0x10 ./Core/Src/alarm.o
 .debug_macro   0x0001fff1      0x310 ./Core/Src/buzzer.o
 .debug_macro   0x00020301      0x314 ./Core/Src/clock.o
 .debug_macro   0x00020615      0x332 ./Core/Src/main.o
 .debug_macro   0x00020947      0x1dd ./Core/Src/stm32f4xx_hal_msp.o
 .debug_macro   0x00020b24      0x1e7 ./Core/Src/stm32f4xx_it.o
 .debug_macro   0x00020d0b      0x311 ./Core/Src/stopWatch.o
 .debug_macro   0x0002101c       0x5b ./Core/Src/stopWatch.o
 .debug_macro   0x00021077       0x94 ./Core/Src/stopWatch.o
 .debug_macro   0x0002110b       0x57 ./Core/Src/stopWatch.o
 .debug_macro   0x00021162       0x9e ./Core/Src/stopWatch.o
 .debug_macro   0x00021200      0x10b ./Core/Src/stopWatch.o
 .debug_macro   0x0002130b       0x56 ./Core/Src/stopWatch.o
 .debug_macro   0x00021361      0x306 ./Core/Src/swControll.o
 .debug_macro   0x00021667       0xff ./Core/Src/sysmem.o
 .debug_macro   0x00021766      0x23c ./Core/Src/sysmem.o
 .debug_macro   0x000219a2      0x1ce ./Core/Src/system_stm32f4xx.o
 .debug_macro   0x00021b70      0x316 ./Core/Src/uartLEDControll.o
 .debug_macro   0x00021e86      0x22e ./Drivers/STM32F4xx_HAL_Driver/Src/stm32f4xx_hal.o
 .debug_macro   0x000220b4      0x1ce ./Drivers/STM32F4xx_HAL_Driver/Src/stm32f4xx_hal_cortex.o
 .debug_macro   0x00022282      0x1d4 ./Drivers/STM32F4xx_HAL_Driver/Src/stm32f4xx_hal_dma.o
 .debug_macro   0x00022456      0x1d4 ./Drivers/STM32F4xx_HAL_Driver/Src/stm32f4xx_hal_gpio.o
 .debug_macro   0x0002262a      0x1f2 ./Drivers/STM32F4xx_HAL_Driver/Src/stm32f4xx_hal_rcc.o
 .debug_macro   0x0002281c      0x1cf ./Drivers/STM32F4xx_HAL_Driver/Src/stm32f4xx_hal_tim.o
 .debug_macro   0x000229eb      0x1ce ./Drivers/STM32F4xx_HAL_Driver/Src/stm32f4xx_hal_tim_ex.o
 .debug_macro   0x00022bb9      0x1cf ./Drivers/STM32F4xx_HAL_Driver/Src/stm32f4xx_hal_uart.o

.debug_line     0x00000000    0x1490d
 .debug_line    0x00000000      0x9d7 ./Core/Src/7SEG.o
 .debug_line    0x000009d7      0xdef ./Core/Src/CLCD.o
 .debug_line    0x000017c6      0xb0f ./Core/Src/alarm.o
 .debug_line    0x000022d5      0xa4a ./Core/Src/buzzer.o
 .debug_line    0x00002d1f      0xe86 ./Core/Src/clock.o
 .debug_line    0x00003ba5      0xc01 ./Core/Src/main.o
 .debug_line    0x000047a6      0x825 ./Core/Src/stm32f4xx_hal_msp.o
 .debug_line    0x00004fcb      0x88a ./Core/Src/stm32f4xx_it.o
 .debug_line    0x00005855      0xb13 ./Core/Src/stopWatch.o
 .debug_line    0x00006368     0x125d ./Core/Src/swControll.o
 .debug_line    0x000075c5      0x583 ./Core/Src/sysmem.o
 .debug_line    0x00007b48      0x7d3 ./Core/Src/system_stm32f4xx.o
 .debug_line    0x0000831b      0x9b3 ./Core/Src/uartLEDControll.o
 .debug_line    0x00008cce       0x7a ./Core/Startup/startup_stm32f407vetx.o
 .debug_line    0x00008d48      0xa3c ./Drivers/STM32F4xx_HAL_Driver/Src/stm32f4xx_hal.o
 .debug_line    0x00009784      0xd2e ./Drivers/STM32F4xx_HAL_Driver/Src/stm32f4xx_hal_cortex.o
 .debug_line    0x0000a4b2      0xfac ./Drivers/STM32F4xx_HAL_Driver/Src/stm32f4xx_hal_dma.o
 .debug_line    0x0000b45e      0xbc8 ./Drivers/STM32F4xx_HAL_Driver/Src/stm32f4xx_hal_gpio.o
 .debug_line    0x0000c026      0xdc7 ./Drivers/STM32F4xx_HAL_Driver/Src/stm32f4xx_hal_rcc.o
 .debug_line    0x0000cded     0x37e0 ./Drivers/STM32F4xx_HAL_Driver/Src/stm32f4xx_hal_tim.o
 .debug_line    0x000105cd     0x1a32 ./Drivers/STM32F4xx_HAL_Driver/Src/stm32f4xx_hal_tim_ex.o
 .debug_line    0x00011fff     0x290e ./Drivers/STM32F4xx_HAL_Driver/Src/stm32f4xx_hal_uart.o

.debug_str      0x00000000    0xcc745
 .debug_str     0x00000000    0xc47a2 ./Core/Src/7SEG.o
                              0xc4a2b (size before relaxing)
 .debug_str     0x000c47a2      0x18d ./Core/Src/CLCD.o
                              0xc4061 (size before relaxing)
 .debug_str     0x000c492f     0x3975 ./Core/Src/alarm.o
                              0xc82ee (size before relaxing)
 .debug_str     0x000c82a4      0x5b2 ./Core/Src/buzzer.o
                              0xc8817 (size before relaxing)
 .debug_str     0x000c8856      0x15b ./Core/Src/clock.o
                              0xc83e3 (size before relaxing)
 .debug_str     0x000c89b1      0xc6b ./Core/Src/main.o
                              0xc9690 (size before relaxing)
 .debug_str     0x000c961c       0xaa ./Core/Src/stm32f4xx_hal_msp.o
                              0xc4bd9 (size before relaxing)
 .debug_str     0x000c96c6      0x166 ./Core/Src/stm32f4xx_it.o
                              0xc4612 (size before relaxing)
 .debug_str     0x000c982c       0x9d ./Core/Src/stopWatch.o
                              0xc82c6 (size before relaxing)
 .debug_str     0x000c98c9      0x152 ./Core/Src/swControll.o
                              0xc870e (size before relaxing)
 .debug_str     0x000c9a1b      0x4dc ./Core/Src/sysmem.o
                               0x60d6 (size before relaxing)
 .debug_str     0x000c9ef7       0xdb ./Core/Src/system_stm32f4xx.o
                              0xc3f2b (size before relaxing)
 .debug_str     0x000c9fd2       0x2e ./Core/Src/uartLEDControll.o
                              0xc8231 (size before relaxing)
 .debug_str     0x000ca000       0x44 ./Core/Startup/startup_stm32f407vetx.o
                                 0x89 (size before relaxing)
 .debug_str     0x000ca044      0x60d ./Drivers/STM32F4xx_HAL_Driver/Src/stm32f4xx_hal.o
                              0xc4aaf (size before relaxing)
 .debug_str     0x000ca651      0x36b ./Drivers/STM32F4xx_HAL_Driver/Src/stm32f4xx_hal_cortex.o
                              0xc482b (size before relaxing)
 .debug_str     0x000ca9bc      0x323 ./Drivers/STM32F4xx_HAL_Driver/Src/stm32f4xx_hal_dma.o
                              0xc4345 (size before relaxing)
 .debug_str     0x000cacdf       0xbf ./Drivers/STM32F4xx_HAL_Driver/Src/stm32f4xx_hal_gpio.o
                              0xc40a6 (size before relaxing)
 .debug_str     0x000cad9e      0x233 ./Drivers/STM32F4xx_HAL_Driver/Src/stm32f4xx_hal_rcc.o
                              0xc435f (size before relaxing)
 .debug_str     0x000cafd1      0xd0a ./Drivers/STM32F4xx_HAL_Driver/Src/stm32f4xx_hal_tim.o
                              0xc52b5 (size before relaxing)
 .debug_str     0x000cbcdb      0x493 ./Drivers/STM32F4xx_HAL_Driver/Src/stm32f4xx_hal_tim_ex.o
                              0xc4ac1 (size before relaxing)
 .debug_str     0x000cc16e      0x5d7 ./Drivers/STM32F4xx_HAL_Driver/Src/stm32f4xx_hal_uart.o
                              0xc4940 (size before relaxing)

.comment        0x00000000       0x43
 .comment       0x00000000       0x43 ./Core/Src/7SEG.o
                                 0x44 (size before relaxing)
 .comment       0x00000043       0x44 ./Core/Src/CLCD.o
 .comment       0x00000043       0x44 ./Core/Src/alarm.o
 .comment       0x00000043       0x44 ./Core/Src/buzzer.o
 .comment       0x00000043       0x44 ./Core/Src/clock.o
 .comment       0x00000043       0x44 ./Core/Src/main.o
 .comment       0x00000043       0x44 ./Core/Src/stm32f4xx_hal_msp.o
 .comment       0x00000043       0x44 ./Core/Src/stm32f4xx_it.o
 .comment       0x00000043       0x44 ./Core/Src/stopWatch.o
 .comment       0x00000043       0x44 ./Core/Src/swControll.o
 .comment       0x00000043       0x44 ./Core/Src/sysmem.o
 .comment       0x00000043       0x44 ./Core/Src/system_stm32f4xx.o
 .comment       0x00000043       0x44 ./Core/Src/uartLEDControll.o
 .comment       0x00000043       0x44 ./Drivers/STM32F4xx_HAL_Driver/Src/stm32f4xx_hal.o
 .comment       0x00000043       0x44 ./Drivers/STM32F4xx_HAL_Driver/Src/stm32f4xx_hal_cortex.o
 .comment       0x00000043       0x44 ./Drivers/STM32F4xx_HAL_Driver/Src/stm32f4xx_hal_dma.o
 .comment       0x00000043       0x44 ./Drivers/STM32F4xx_HAL_Driver/Src/stm32f4xx_hal_gpio.o
 .comment       0x00000043       0x44 ./Drivers/STM32F4xx_HAL_Driver/Src/stm32f4xx_hal_rcc.o
 .comment       0x00000043       0x44 ./Drivers/STM32F4xx_HAL_Driver/Src/stm32f4xx_hal_tim.o
 .comment       0x00000043       0x44 ./Drivers/STM32F4xx_HAL_Driver/Src/stm32f4xx_hal_tim_ex.o
 .comment       0x00000043       0x44 ./Drivers/STM32F4xx_HAL_Driver/Src/stm32f4xx_hal_uart.o

.debug_frame    0x00000000     0x4434
 .debug_frame   0x00000000       0x5c ./Core/Src/7SEG.o
 .debug_frame   0x0000005c       0xfc ./Core/Src/CLCD.o
 .debug_frame   0x00000158      0x19c ./Core/Src/alarm.o
 .debug_frame   0x000002f4      0x12c ./Core/Src/buzzer.o
 .debug_frame   0x00000420      0x1a4 ./Core/Src/clock.o
 .debug_frame   0x000005c4      0x178 ./Core/Src/main.o
 .debug_frame   0x0000073c       0xf0 ./Core/Src/stm32f4xx_hal_msp.o
 .debug_frame   0x0000082c      0x190 ./Core/Src/stm32f4xx_it.o
 .debug_frame   0x000009bc      0x160 ./Core/Src/stopWatch.o
 .debug_frame   0x00000b1c      0x324 ./Core/Src/swControll.o
 .debug_frame   0x00000e40       0x34 ./Core/Src/sysmem.o
 .debug_frame   0x00000e74       0x58 ./Core/Src/system_stm32f4xx.o
 .debug_frame   0x00000ecc       0x2c ./Core/Src/uartLEDControll.o
 .debug_frame   0x00000ef8      0x374 ./Drivers/STM32F4xx_HAL_Driver/Src/stm32f4xx_hal.o
 .debug_frame   0x0000126c      0x508 ./Drivers/STM32F4xx_HAL_Driver/Src/stm32f4xx_hal_cortex.o
 .debug_frame   0x00001774      0x250 ./Drivers/STM32F4xx_HAL_Driver/Src/stm32f4xx_hal_dma.o
 .debug_frame   0x000019c4      0x14c ./Drivers/STM32F4xx_HAL_Driver/Src/stm32f4xx_hal_gpio.o
 .debug_frame   0x00001b10      0x1f4 ./Drivers/STM32F4xx_HAL_Driver/Src/stm32f4xx_hal_rcc.o
 .debug_frame   0x00001d04     0x11c0 ./Drivers/STM32F4xx_HAL_Driver/Src/stm32f4xx_hal_tim.o
 .debug_frame   0x00002ec4      0x638 ./Drivers/STM32F4xx_HAL_Driver/Src/stm32f4xx_hal_tim_ex.o
 .debug_frame   0x000034fc      0x954 ./Drivers/STM32F4xx_HAL_Driver/Src/stm32f4xx_hal_uart.o
 .debug_frame   0x00003e50      0x144 D:/ST/STM32CubeIDE_1.15.1/STM32CubeIDE/plugins/com.st.stm32cube.ide.mcu.externaltools.gnu-tools-for-stm32.12.3.rel1.win32_1.0.100.202403111256/tools/bin/../lib/gcc/arm-none-eabi/12.3.1/../../../../arm-none-eabi/lib/thumb/v7e-m+fp/hard\libc_nano.a(libc_a-findfp.o)
 .debug_frame   0x00003f94       0x6c D:/ST/STM32CubeIDE_1.15.1/STM32CubeIDE/plugins/com.st.stm32cube.ide.mcu.externaltools.gnu-tools-for-stm32.12.3.rel1.win32_1.0.100.202403111256/tools/bin/../lib/gcc/arm-none-eabi/12.3.1/../../../../arm-none-eabi/lib/thumb/v7e-m+fp/hard\libc_nano.a(libc_a-sprintf.o)
 .debug_frame   0x00004000       0x20 D:/ST/STM32CubeIDE_1.15.1/STM32CubeIDE/plugins/com.st.stm32cube.ide.mcu.externaltools.gnu-tools-for-stm32.12.3.rel1.win32_1.0.100.202403111256/tools/bin/../lib/gcc/arm-none-eabi/12.3.1/../../../../arm-none-eabi/lib/thumb/v7e-m+fp/hard\libc_nano.a(libc_a-memset.o)
 .debug_frame   0x00004020       0x38 D:/ST/STM32CubeIDE_1.15.1/STM32CubeIDE/plugins/com.st.stm32cube.ide.mcu.externaltools.gnu-tools-for-stm32.12.3.rel1.win32_1.0.100.202403111256/tools/bin/../lib/gcc/arm-none-eabi/12.3.1/../../../../arm-none-eabi/lib/thumb/v7e-m+fp/hard\libc_nano.a(libc_a-reent.o)
 .debug_frame   0x00004058       0x20 D:/ST/STM32CubeIDE_1.15.1/STM32CubeIDE/plugins/com.st.stm32cube.ide.mcu.externaltools.gnu-tools-for-stm32.12.3.rel1.win32_1.0.100.202403111256/tools/bin/../lib/gcc/arm-none-eabi/12.3.1/../../../../arm-none-eabi/lib/thumb/v7e-m+fp/hard\libc_nano.a(libc_a-errno.o)
 .debug_frame   0x00004078       0x2c D:/ST/STM32CubeIDE_1.15.1/STM32CubeIDE/plugins/com.st.stm32cube.ide.mcu.externaltools.gnu-tools-for-stm32.12.3.rel1.win32_1.0.100.202403111256/tools/bin/../lib/gcc/arm-none-eabi/12.3.1/../../../../arm-none-eabi/lib/thumb/v7e-m+fp/hard\libc_nano.a(libc_a-init.o)
 .debug_frame   0x000040a4       0xb0 D:/ST/STM32CubeIDE_1.15.1/STM32CubeIDE/plugins/com.st.stm32cube.ide.mcu.externaltools.gnu-tools-for-stm32.12.3.rel1.win32_1.0.100.202403111256/tools/bin/../lib/gcc/arm-none-eabi/12.3.1/../../../../arm-none-eabi/lib/thumb/v7e-m+fp/hard\libc_nano.a(libc_a-lock.o)
 .debug_frame   0x00004154       0x38 D:/ST/STM32CubeIDE_1.15.1/STM32CubeIDE/plugins/com.st.stm32cube.ide.mcu.externaltools.gnu-tools-for-stm32.12.3.rel1.win32_1.0.100.202403111256/tools/bin/../lib/gcc/arm-none-eabi/12.3.1/../../../../arm-none-eabi/lib/thumb/v7e-m+fp/hard\libc_nano.a(libc_a-freer.o)
 .debug_frame   0x0000418c       0x50 D:/ST/STM32CubeIDE_1.15.1/STM32CubeIDE/plugins/com.st.stm32cube.ide.mcu.externaltools.gnu-tools-for-stm32.12.3.rel1.win32_1.0.100.202403111256/tools/bin/../lib/gcc/arm-none-eabi/12.3.1/../../../../arm-none-eabi/lib/thumb/v7e-m+fp/hard\libc_nano.a(libc_a-mallocr.o)
 .debug_frame   0x000041dc       0x30 D:/ST/STM32CubeIDE_1.15.1/STM32CubeIDE/plugins/com.st.stm32cube.ide.mcu.externaltools.gnu-tools-for-stm32.12.3.rel1.win32_1.0.100.202403111256/tools/bin/../lib/gcc/arm-none-eabi/12.3.1/../../../../arm-none-eabi/lib/thumb/v7e-m+fp/hard\libc_nano.a(libc_a-mlock.o)