../Core/Src/alarm.c:15:6:clcdDisplayAlarm	24	static
../Core/Src/alarm.c:25:6:clcdDisplayAlarmTrigger	8	static
../Core/Src/alarm.c:35:6:selectAlarm	4	static
../Core/Src/alarm.c:43:6:alarmTrigger	16	static
../Core/Src/alarm.c:66:6:returnToPreviousMode	4	static
../Core/Src/alarm.c:70:6:clcdDisplayAlarmSetting	24	static
../Core/Src/alarm.c:157:6:switchAlarmMode	8	static
../Core/Src/alarm.c:174:6:settingAlarm	4	static
../Core/Src/alarm.c:182:6:incrementAlarmSetting	8	static
../Core/Src/alarm.c:214:6:decrementAlarmSetting	8	static
../Core/Src/alarm.c:247:9:getSelect	4	static
../Core/Src/alarm.c:251:6:setSelect	16	static
../Core/Src/alarm.c:254:9:getAlarmEnabled	16	static
../Core/Src/alarm.c:257:6:setAlarmEnabled	16	static
../Core/Src/alarm.c:261:9:getAlarmRepeat	16	static
../Core/Src/alarm.c:265:6:setAlarmRepeat	16	static
