../Core/Src/alarm.c:13:6:clcdDisplayAlarm	16	static
../Core/Src/alarm.c:23:6:clcdDisplayAlarmTrigger	8	static
../Core/Src/alarm.c:33:6:selectAlarm	4	static
../Core/Src/alarm.c:41:6:alarmTrigger	16	static
../Core/Src/alarm.c:64:6:returnToPreviousMode	4	static
../Core/Src/alarm.c:68:9:getSelect	4	static
../Core/Src/alarm.c:72:6:setSelect	16	static
../Core/Src/alarm.c:75:9:getAlarmEnabled	16	static
../Core/Src/alarm.c:78:6:setAlarmEnabled	16	static
../Core/Src/alarm.c:82:9:getAlarmRepeat	16	static
../Core/Src/alarm.c:86:6:setAlarmRepeat	16	static
