../Core/Src/clock.c:15:6:startClock	8	static
../Core/Src/clock.c:71:6:clcdDisplayClock	40	static
../Core/Src/clock.c:133:6:tickClock	16	static
../Core/Src/clock.c:141:5:leapYearCalculator	16	static
../Core/Src/clock.c:158:5:isThirtyDays	24	static
../Core/Src/clock.c:170:6:switchClockMode	8	static
../Core/Src/clock.c:188:6:clcdDisplayClockSetting	16	static
../Core/Src/clock.c:254:6:settingTime	4	static
../Core/Src/clock.c:262:6:incrementTime	8	static
../Core/Src/clock.c:338:6:decrementTime	8	static
../Core/Src/clock.c:417:9:getTimeFormet	4	static
../Core/Src/clock.c:421:6:setTimeFormet	16	static
