../Core/Src/clock.c:15:6:startClock	8	static
../Core/Src/clock.c:71:6:clcdDisplayClock	40	static
../Core/Src/clock.c:133:6:tickClock	16	static
../Core/Src/clock.c:140:5:leapYearCalculator	16	static
../Core/Src/clock.c:157:5:isThirtyDays	24	static
../Core/Src/clock.c:169:6:switchClockMode	8	static
../Core/Src/clock.c:187:6:clcdDisplayClockSetting	16	static
../Core/Src/clock.c:253:6:settingTime	4	static
../Core/Src/clock.c:261:6:incrementTime	8	static
../Core/Src/clock.c:337:6:decrementTime	8	static
../Core/Src/clock.c:416:9:getTimeFormet	4	static
../Core/Src/clock.c:420:6:setTimeFormet	16	static
