../Core/Src/main.c:89:5:main	8	static
../Core/Src/main.c:165:6:SystemClock_Config	88	static
../Core/Src/main.c:210:13:MX_NVIC_Init	8	static
../Core/Src/main.c:231:13:MX_TIM2_Init	64	static
../Core/Src/main.c:290:13:MX_TIM6_Init	16	static
../Core/Src/main.c:328:13:MX_USART3_UART_Init	8	static
../Core/Src/main.c:361:13:MX_GPIO_Init	56	static
../Core/Src/main.c:432:6:HAL_UART_RxCpltCallback	16	static
../Core/Src/main.c:440:6:HAL_TIM_PeriodElapsedCallback	16	static
../Core/Src/main.c:453:6:HAL_GPIO_EXTI_Callback	16	static
../Core/Src/main.c:490:6:Error_Handler	4	static,ignoring_inline_asm
