../Core/Src/main.c:81:5:main	8	static
../Core/Src/main.c:150:6:SystemClock_Config	88	static
../Core/Src/main.c:195:13:MX_NVIC_Init	8	static
../Core/Src/main.c:216:13:MX_TIM6_Init	16	static
../Core/Src/main.c:254:13:MX_USART3_UART_Init	8	static
../Core/Src/main.c:287:13:MX_GPIO_Init	48	static
../Core/Src/main.c:357:6:HAL_UART_RxCpltCallback	16	static
../Core/Src/main.c:365:6:HAL_TIM_PeriodElapsedCallback	16	static
../Core/Src/main.c:374:6:HAL_GPIO_EXTI_Callback	16	static
../Core/Src/main.c:408:6:Error_Handler	4	static,ignoring_inline_asm
