../Core/Src/stopWatch.c:16:6:segUpCount	8	static
../Core/Src/stopWatch.c:28:6:segReset	8	static
../Core/Src/stopWatch.c:34:6:timerReset	4	static
../Core/Src/stopWatch.c:42:6:timerPaused	4	static
../Core/Src/stopWatch.c:50:6:timerResum	4	static
../Core/Src/stopWatch.c:58:6:saveTime	4	static
../Core/Src/stopWatch.c:77:6:laptimeTimeSave	32	static
../Core/Src/stopWatch.c:100:6:laptimeTimeDisplay	32	static
../Core/Src/stopWatch.c:126:6:clcdStopWatchClear	16	static
../Core/Src/stopWatch.c:140:6:clcdStopWatchMeasure	16	static
../Core/Src/stopWatch.c:154:6:sw2StopWatchControll	8	static
../Core/Src/stopWatch.c:176:6:sw3StopWatchReset	8	static
../Core/Src/stopWatch.c:213:6:sw4LaptimeDisplay	8	static
