../Core/Src/swControll.c:25:6:running	8	static
../Core/Src/swControll.c:53:6:sw1Controll	8	static
../Core/Src/swControll.c:94:6:sw2Controll	8	static
../Core/Src/swControll.c:210:6:sw3Controll	16	static
../Core/Src/swControll.c:325:6:sw4Controll	16	static
../Core/Src/swControll.c:408:5:getPressCount	24	static
../Core/Src/swControll.c:428:6:holdEvent	8	static
../Core/Src/swControll.c:525:6:releasePointing	24	static
../Core/Src/swControll.c:536:6:sw1DefaultHandler	8	static
../Core/Src/swControll.c:542:6:sw2DefaultHandler	8	static
../Core/Src/swControll.c:548:6:sw3DefaultHandler	8	static
../Core/Src/swControll.c:554:6:sw4DefaultHandler	8	static
../Core/Src/swControll.c:561:5:getSystemMillisecond	4	static
../Core/Src/swControll.c:565:9:getBlink	4	static
../Core/Src/swControll.c:569:5:getWaitingTime	4	static
../Core/Src/swControll.c:573:6:setWaitingTime	16	static
../Core/Src/swControll.c:577:6:systemMillisecondCount	4	static
../Core/Src/swControll.c:585:6:blinking	4	static
../Core/Src/swControll.c:592:6:waitingTimeCnt	8	static
../Core/Src/swControll.c:604:6:sw1RedLEDControll	8	static
../Core/Src/swControll.c:628:6:sw2GreedLEDControll	8	static
../Core/Src/swControll.c:652:6:sw3BlueLEDControll	8	static
../Core/Src/swControll.c:676:6:sw4LEDSelect	8	static
../Core/Src/swControll.c:687:6:sw1LEDRedToggle	8	static
../Core/Src/swControll.c:710:6:sw2LEDGreenToggle	8	static
../Core/Src/swControll.c:733:6:sw3LEDBlueToggle	8	static
