../Core/Src/swControll.c:25:6:running	8	static
../Core/Src/swControll.c:53:6:sw1Controll	8	static
../Core/Src/swControll.c:94:6:sw2Controll	8	static
../Core/Src/swControll.c:210:6:sw3Controll	16	static
../Core/Src/swControll.c:325:6:sw4Controll	8	static
../Core/Src/swControll.c:405:5:getPressCount	24	static
../Core/Src/swControll.c:425:6:holdEvent	8	static
../Core/Src/swControll.c:522:6:releasePointing	24	static
../Core/Src/swControll.c:533:6:sw1DefaultHandler	8	static
../Core/Src/swControll.c:539:6:sw2DefaultHandler	8	static
../Core/Src/swControll.c:545:6:sw3DefaultHandler	8	static
../Core/Src/swControll.c:551:6:sw4DefaultHandler	8	static
../Core/Src/swControll.c:558:5:getSystemMillisecond	4	static
../Core/Src/swControll.c:562:9:getBlink	4	static
../Core/Src/swControll.c:566:5:getWaitingTime	4	static
../Core/Src/swControll.c:570:6:setWaitingTime	16	static
../Core/Src/swControll.c:574:6:systemMillisecondCount	4	static
../Core/Src/swControll.c:582:6:blinking	4	static
../Core/Src/swControll.c:589:6:waitingTimeCnt	8	static
../Core/Src/swControll.c:601:6:sw1RedLEDControll	8	static
../Core/Src/swControll.c:625:6:sw2GreedLEDControll	8	static
../Core/Src/swControll.c:649:6:sw3BlueLEDControll	8	static
../Core/Src/swControll.c:673:6:sw4LEDSelect	8	static
../Core/Src/swControll.c:684:6:sw1LEDRedToggle	8	static
../Core/Src/swControll.c:707:6:sw2LEDGreenToggle	8	static
../Core/Src/swControll.c:730:6:sw3LEDBlueToggle	8	static
