../Core/Src/swControll.c:25:6:running	8	static
../Core/Src/swControll.c:58:6:sw1Controll	8	static
../Core/Src/swControll.c:102:6:sw2Controll	8	static
../Core/Src/swControll.c:236:6:sw3Controll	16	static
../Core/Src/swControll.c:376:6:sw4Controll	16	static
../Core/Src/swControll.c:482:5:getPressCount	24	static
../Core/Src/swControll.c:502:6:holdEvent	8	static
../Core/Src/swControll.c:610:6:releasePointing	24	static
../Core/Src/swControll.c:621:6:sw1DefaultHandler	8	static
../Core/Src/swControll.c:627:6:sw2DefaultHandler	8	static
../Core/Src/swControll.c:633:6:sw3DefaultHandler	8	static
../Core/Src/swControll.c:639:6:sw4DefaultHandler	8	static
../Core/Src/swControll.c:646:5:getSystemMillisecond	4	static
../Core/Src/swControll.c:650:9:getBlink	4	static
../Core/Src/swControll.c:654:5:getWaitingTime	4	static
../Core/Src/swControll.c:658:6:setWaitingTime	16	static
../Core/Src/swControll.c:662:6:systemMillisecondCount	4	static
../Core/Src/swControll.c:670:6:blinking	4	static
../Core/Src/swControll.c:677:6:waitingTimeCnt	8	static
../Core/Src/swControll.c:697:6:sw1RedLEDControll	8	static
../Core/Src/swControll.c:721:6:sw2GreedLEDControll	8	static
../Core/Src/swControll.c:745:6:sw3BlueLEDControll	8	static
../Core/Src/swControll.c:769:6:sw4LEDSelect	8	static
../Core/Src/swControll.c:780:6:sw1LEDRedToggle	8	static
../Core/Src/swControll.c:803:6:sw2LEDGreenToggle	8	static
../Core/Src/swControll.c:826:6:sw3LEDBlueToggle	8	static
