../Core/Src/swControll.c:24:6:running	8	static
../Core/Src/swControll.c:41:6:sw1Controll	8	static
../Core/Src/swControll.c:73:6:sw2Controll	8	static
../Core/Src/swControll.c:151:6:sw3Controll	8	static
../Core/Src/swControll.c:236:6:sw4Controll	8	static
../Core/Src/swControll.c:292:5:getPressCount	24	static
../Core/Src/swControll.c:312:6:holdEvent	8	static
../Core/Src/swControll.c:400:6:releasePointing	24	static
../Core/Src/swControll.c:414:6:sw1RedLEDControll	8	static
../Core/Src/swControll.c:438:6:sw2GreedLEDControll	8	static
../Core/Src/swControll.c:462:6:sw3BlueLEDControll	8	static
../Core/Src/swControll.c:486:6:sw4LEDSelect	8	static
../Core/Src/swControll.c:497:6:sw1LEDRedToggle	8	static
../Core/Src/swControll.c:520:6:sw2LEDGreenToggle	8	static
../Core/Src/swControll.c:543:6:sw3LEDBlueToggle	8	static
