12:50:11 **** Incremental Build of configuration Debug for project DigitalAlramProject ****
make -j12 all 
arm-none-eabi-gcc "../Core/Src/stopWatch.c" -mcpu=cortex-m4 -std=gnu11 -g3 -DDEBUG -DUSE_HAL_DRIVER -DSTM32F407xx -c -I../Core/Inc -I../Drivers/STM32F4xx_HAL_Driver/Inc -I../Drivers/STM32F4xx_HAL_Driver/Inc/Legacy -I../Drivers/CMSIS/Device/ST/STM32F4xx/Include -I../Drivers/CMSIS/Include -O0 -ffunction-sections -fdata-sections -Wall -fstack-usage -fcyclomatic-complexity -MMD -MP -MF"Core/Src/stopWatch.d" -MT"Core/Src/stopWatch.o" --specs=nano.specs -mfpu=fpv4-sp-d16 -mfloat-abi=hard -mthumb -o "Core/Src/stopWatch.o"
../Core/Src/stopWatch.c: In function 'laptimeTimeSave':
../Core/Src/stopWatch.c:85:42: warning: pointer targets in passing argument 1 of 'sprintf' differ in signedness [-Wpointer-sign]
   85 |                 sprintf(stopwatch.laptime.buffer, "LP%d %02d:%02d:%02d.%03d", // ?ž©???ž„ ???ž¥
      |                         ~~~~~~~~~~~~~~~~~^~~~~~~
      |                                          |
      |                                          uint8_t * {aka unsigned char *}
In file included from ../Core/Inc/stopWatch.h:11,
                 from ../Core/Src/stopWatch.c:8:
D:\ST\STM32CubeIDE_1.15.1\STM32CubeIDE\plugins\com.st.stm32cube.ide.mcu.externaltools.gnu-tools-for-stm32.12.3.rel1.win32_1.0.100.202403111256\tools\bin/../lib/gcc/arm-none-eabi/12.3.1/../../../../arm-none-eabi/include/stdio.h:250:18: note: expected 'char * restrict' but argument is of type 'uint8_t *' {aka 'unsigned char *'}
  250 | int     sprintf (char *__restrict, const char *__restrict, ...)
      |                  ^
../Core/Src/stopWatch.c:95:33: warning: pointer targets in passing argument 3 of 'CLCD_Puts' differ in signedness [-Wpointer-sign]
   95 |                 CLCD_Puts(0, 1, "                ");
      |                                 ^~~~~~~~~~~~~~~~~~
      |                                 |
      |                                 char *
In file included from ../Core/Inc/stopWatch.h:17:
../Core/Inc/CLCD.h:57:65: note: expected 'unsigned char *' but argument is of type 'char *'
   57 | void CLCD_Puts(unsigned char x, unsigned char y, unsigned char *str);
      |                                                  ~~~~~~~~~~~~~~~^~~
../Core/Src/stopWatch.c:96:33: warning: pointer targets in passing argument 3 of 'CLCD_Puts' differ in signedness [-Wpointer-sign]
   96 |                 CLCD_Puts(0, 1, "LAP FULL(9/9)");
      |                                 ^~~~~~~~~~~~~~~
      |                                 |
      |                                 char *
../Core/Inc/CLCD.h:57:65: note: expected 'unsigned char *' but argument is of type 'char *'
   57 | void CLCD_Puts(unsigned char x, unsigned char y, unsigned char *str);
      |                                                  ~~~~~~~~~~~~~~~^~~
../Core/Src/stopWatch.c: In function 'laptimeTimeDisplay':
../Core/Src/stopWatch.c:108:42: warning: pointer targets in passing argument 1 of 'sprintf' differ in signedness [-Wpointer-sign]
  108 |                 sprintf(stopwatch.laptime.buffer, "%d/9 %02d:%02d:%02d.%03d",
      |                         ~~~~~~~~~~~~~~~~~^~~~~~~
      |                                          |
      |                                          uint8_t * {aka unsigned char *}
D:\ST\STM32CubeIDE_1.15.1\STM32CubeIDE\plugins\com.st.stm32cube.ide.mcu.externaltools.gnu-tools-for-stm32.12.3.rel1.win32_1.0.100.202403111256\tools\bin/../lib/gcc/arm-none-eabi/12.3.1/../../../../arm-none-eabi/include/stdio.h:250:18: note: expected 'char * restrict' but argument is of type 'uint8_t *' {aka 'unsigned char *'}
  250 | int     sprintf (char *__restrict, const char *__restrict, ...)
      |                  ^
../Core/Src/stopWatch.c:120:33: warning: pointer targets in passing argument 3 of 'CLCD_Puts' differ in signedness [-Wpointer-sign]
  120 |                 CLCD_Puts(0, 1, "                ");
      |                                 ^~~~~~~~~~~~~~~~~~
      |                                 |
      |                                 char *
../Core/Inc/CLCD.h:57:65: note: expected 'unsigned char *' but argument is of type 'char *'
   57 | void CLCD_Puts(unsigned char x, unsigned char y, unsigned char *str);
      |                                                  ~~~~~~~~~~~~~~~^~~
../Core/Src/stopWatch.c:121:33: warning: pointer targets in passing argument 3 of 'CLCD_Puts' differ in signedness [-Wpointer-sign]
  121 |                 CLCD_Puts(0, 1, "NO LAP");
      |                                 ^~~~~~~~
      |                                 |
      |                                 char *
../Core/Inc/CLCD.h:57:65: note: expected 'unsigned char *' but argument is of type 'char *'
   57 | void CLCD_Puts(unsigned char x, unsigned char y, unsigned char *str);
      |                                                  ~~~~~~~~~~~~~~~^~~
../Core/Src/stopWatch.c: In function 'clcdStopWatchClear':
../Core/Inc/stopWatch.h:19:41: warning: pointer targets in passing argument 3 of 'CLCD_Puts' differ in signedness [-Wpointer-sign]
   19 | #define CLCD_DEFAULT                    "STW 00:00:00.000"
      |                                         ^~~~~~~~~~~~~~~~~~
      |                                         |
      |                                         char *
../Core/Src/stopWatch.c:137:25: note: in expansion of macro 'CLCD_DEFAULT'
  137 |         CLCD_Puts(0, 0, CLCD_DEFAULT);
      |                         ^~~~~~~~~~~~
../Core/Inc/CLCD.h:57:65: note: expected 'unsigned char *' but argument is of type 'char *'
   57 | void CLCD_Puts(unsigned char x, unsigned char y, unsigned char *str);
      |                                                  ~~~~~~~~~~~~~~~^~~
../Core/Src/stopWatch.c: In function 'clcdStopWatchMeasure':
../Core/Src/stopWatch.c:143:42: warning: pointer targets in passing argument 1 of 'sprintf' differ in signedness [-Wpointer-sign]
  143 |                 sprintf(stopwatch.laptime.buffer, "STW %02d:%02d:%02d.%03d",
      |                         ~~~~~~~~~~~~~~~~~^~~~~~~
      |                                          |
      |                                          uint8_t * {aka unsigned char *}
D:\ST\STM32CubeIDE_1.15.1\STM32CubeIDE\plugins\com.st.stm32cube.ide.mcu.externaltools.gnu-tools-for-stm32.12.3.rel1.win32_1.0.100.202403111256\tools\bin/../lib/gcc/arm-none-eabi/12.3.1/../../../../arm-none-eabi/include/stdio.h:250:18: note: expected 'char * restrict' but argument is of type 'uint8_t *' {aka 'unsigned char *'}
  250 | int     sprintf (char *__restrict, const char *__restrict, ...)
      |                  ^
../Core/Src/stopWatch.c:147:42: warning: pointer targets in passing argument 1 of 'sprintf' differ in signedness [-Wpointer-sign]
  147 |                 sprintf(stopwatch.laptime.buffer, "STW %02d:%02d:%02d %03d",
      |                         ~~~~~~~~~~~~~~~~~^~~~~~~
      |                                          |
      |                                          uint8_t * {aka unsigned char *}
D:\ST\STM32CubeIDE_1.15.1\STM32CubeIDE\plugins\com.st.stm32cube.ide.mcu.externaltools.gnu-tools-for-stm32.12.3.rel1.win32_1.0.100.202403111256\tools\bin/../lib/gcc/arm-none-eabi/12.3.1/../../../../arm-none-eabi/include/stdio.h:250:18: note: expected 'char * restrict' but argument is of type 'uint8_t *' {aka 'unsigned char *'}
  250 | int     sprintf (char *__restrict, const char *__restrict, ...)
      |                  ^
arm-none-eabi-gcc -o "DigitalAlramProject.elf" @"objects.list"   -mcpu=cortex-m4 -T"C:\Users\ckckc\Desktop\digitalAlarmProject\DigitalAlramProject\STM32F407VETX_FLASH.ld" --specs=nosys.specs -Wl,-Map="DigitalAlramProject.map" -Wl,--gc-sections -static --specs=nano.specs -mfpu=fpv4-sp-d16 -mfloat-abi=hard -mthumb -Wl,--start-group -lc -lm -Wl,--end-group
Finished building target: DigitalAlramProject.elf
 
arm-none-eabi-size  DigitalAlramProject.elf 
arm-none-eabi-objdump -h -S DigitalAlramProject.elf  > "DigitalAlramProject.list"
   text	   data	    bss	    dec	    hex	filename
  21192	    280	   2080	  23552	   5c00	DigitalAlramProject.elf
Finished building: default.size.stdout
 
Finished building: DigitalAlramProject.list
 

12:50:12 Build Finished. 0 errors, 9 warnings. (took 1s.6ms)

