21:24:55 **** Incremental Build of configuration Debug for project DigitalAlramProject ****
make -j12 all 
arm-none-eabi-gcc "../Core/Src/alarm.c" -mcpu=cortex-m4 -std=gnu11 -g3 -DDEBUG -DUSE_HAL_DRIVER -DSTM32F407xx -c -I../Core/Inc -I../Drivers/STM32F4xx_HAL_Driver/Inc -I../Drivers/STM32F4xx_HAL_Driver/Inc/Legacy -I../Drivers/CMSIS/Device/ST/STM32F4xx/Include -I../Drivers/CMSIS/Include -O0 -ffunction-sections -fdata-sections -Wall -fstack-usage -fcyclomatic-complexity -MMD -MP -MF"Core/Src/alarm.d" -MT"Core/Src/alarm.o" --specs=nano.specs -mfpu=fpv4-sp-d16 -mfloat-abi=hard -mthumb -o "Core/Src/alarm.o"
../Core/Src/alarm.c: In function 'clcdDisplayAlarm':
../Core/Src/alarm.c:14:22: warning: pointer targets in passing argument 1 of 'sprintf' differ in signedness [-Wpointer-sign]
   14 |         sprintf(alarm.buffer, "ALARM #%d %-3s %3s", alarm.select + 1, (alarm.set[alarm.select].enabled == FALSE ? "OFF" : "ON"), (alarm.set[alarm.select].repeat == TRUE ? "RPT" : "ONC"));
      |                 ~~~~~^~~~~~~
      |                      |
      |                      uint8_t * {aka unsigned char *}
In file included from ../Core/Inc/swControll.h:11,
                 from ../Core/Inc/alarm.h:12,
                 from ../Core/Src/alarm.c:7:
D:\ST\STM32CubeIDE_1.15.1\STM32CubeIDE\plugins\com.st.stm32cube.ide.mcu.externaltools.gnu-tools-for-stm32.12.3.rel1.win32_1.0.100.202403111256\tools\bin/../lib/gcc/arm-none-eabi/12.3.1/../../../../arm-none-eabi/include/stdio.h:250:18: note: expected 'char * restrict' but argument is of type 'uint8_t *' {aka 'unsigned char *'}
  250 | int     sprintf (char *__restrict, const char *__restrict, ...)
      |                  ^
../Core/Src/alarm.c:16:22: warning: pointer targets in passing argument 1 of 'sprintf' differ in signedness [-Wpointer-sign]
   16 |         sprintf(alarm.buffer, "        %s %02d:%02d", (alarm.set[alarm.select].hour < 12 ? "AM" : "PM"),
      |                 ~~~~~^~~~~~~
      |                      |
      |                      uint8_t * {aka unsigned char *}
D:\ST\STM32CubeIDE_1.15.1\STM32CubeIDE\plugins\com.st.stm32cube.ide.mcu.externaltools.gnu-tools-for-stm32.12.3.rel1.win32_1.0.100.202403111256\tools\bin/../lib/gcc/arm-none-eabi/12.3.1/../../../../arm-none-eabi/include/stdio.h:250:18: note: expected 'char * restrict' but argument is of type 'uint8_t *' {aka 'unsigned char *'}
  250 | int     sprintf (char *__restrict, const char *__restrict, ...)
      |                  ^
../Core/Src/alarm.c: In function 'clcdDisplayAlarmTrigger':
../Core/Src/alarm.c:25:30: warning: pointer targets in passing argument 1 of 'sprintf' differ in signedness [-Wpointer-sign]
   25 |                 sprintf(alarm.buffer, "ALARM TRIGGERED!");
      |                         ~~~~~^~~~~~~
      |                              |
      |                              uint8_t * {aka unsigned char *}
D:\ST\STM32CubeIDE_1.15.1\STM32CubeIDE\plugins\com.st.stm32cube.ide.mcu.externaltools.gnu-tools-for-stm32.12.3.rel1.win32_1.0.100.202403111256\tools\bin/../lib/gcc/arm-none-eabi/12.3.1/../../../../arm-none-eabi/include/stdio.h:250:18: note: expected 'char * restrict' but argument is of type 'uint8_t *' {aka 'unsigned char *'}
  250 | int     sprintf (char *__restrict, const char *__restrict, ...)
      |                  ^
../Core/Src/alarm.c:27:30: warning: pointer targets in passing argument 1 of 'sprintf' differ in signedness [-Wpointer-sign]
   27 |                 sprintf(alarm.buffer, "                ");
      |                         ~~~~~^~~~~~~
      |                              |
      |                              uint8_t * {aka unsigned char *}
D:\ST\STM32CubeIDE_1.15.1\STM32CubeIDE\plugins\com.st.stm32cube.ide.mcu.externaltools.gnu-tools-for-stm32.12.3.rel1.win32_1.0.100.202403111256\tools\bin/../lib/gcc/arm-none-eabi/12.3.1/../../../../arm-none-eabi/include/stdio.h:250:18: note: expected 'char * restrict' but argument is of type 'uint8_t *' {aka 'unsigned char *'}
  250 | int     sprintf (char *__restrict, const char *__restrict, ...)
      |                  ^
../Core/Src/alarm.c:30:22: warning: pointer targets in passing argument 1 of 'sprintf' differ in signedness [-Wpointer-sign]
   30 |         sprintf(alarm.buffer, "                ");
      |                 ~~~~~^~~~~~~
      |                      |
      |                      uint8_t * {aka unsigned char *}
D:\ST\STM32CubeIDE_1.15.1\STM32CubeIDE\plugins\com.st.stm32cube.ide.mcu.externaltools.gnu-tools-for-stm32.12.3.rel1.win32_1.0.100.202403111256\tools\bin/../lib/gcc/arm-none-eabi/12.3.1/../../../../arm-none-eabi/include/stdio.h:250:18: note: expected 'char * restrict' but argument is of type 'uint8_t *' {aka 'unsigned char *'}
  250 | int     sprintf (char *__restrict, const char *__restrict, ...)
      |                  ^
arm-none-eabi-gcc -o "DigitalAlramProject.elf" @"objects.list"   -mcpu=cortex-m4 -T"C:\Users\ckckc\Desktop\digitalAlarmProject\DigitalAlramProject\STM32F407VETX_FLASH.ld" --specs=nosys.specs -Wl,-Map="DigitalAlramProject.map" -Wl,--gc-sections -static --specs=nano.specs -mfpu=fpv4-sp-d16 -mfloat-abi=hard -mthumb -Wl,--start-group -lc -lm -Wl,--end-group
Finished building target: DigitalAlramProject.elf
 
arm-none-eabi-size  DigitalAlramProject.elf 
arm-none-eabi-objdump -h -S DigitalAlramProject.elf  > "DigitalAlramProject.list"
   text	   data	    bss	    dec	    hex	filename
  31952	    400	   2272	  34624	   8740	DigitalAlramProject.elf
Finished building: default.size.stdout
 
Finished building: DigitalAlramProject.list
 

21:24:56 Build Finished. 0 errors, 5 warnings. (took 1s.60ms)

