11:25:39 **** Build of configuration Debug for project DigitalAlramProject ****
make -j12 all 
arm-none-eabi-gcc "../Drivers/STM32F4xx_HAL_Driver/Src/stm32f4xx_hal.c" -mcpu=cortex-m4 -std=gnu11 -g3 -DDEBUG -DUSE_HAL_DRIVER -DSTM32F407xx -c -I../Core/Inc -I../Drivers/STM32F4xx_HAL_Driver/Inc -I../Drivers/STM32F4xx_HAL_Driver/Inc/Legacy -I../Drivers/CMSIS/Device/ST/STM32F4xx/Include -I../Drivers/CMSIS/Include -O0 -ffunction-sections -fdata-sections -Wall -fstack-usage -fcyclomatic-complexity -MMD -MP -MF"Drivers/STM32F4xx_HAL_Driver/Src/stm32f4xx_hal.d" -MT"Drivers/STM32F4xx_HAL_Driver/Src/stm32f4xx_hal.o" --specs=nano.specs -mfpu=fpv4-sp-d16 -mfloat-abi=hard -mthumb -o "Drivers/STM32F4xx_HAL_Driver/Src/stm32f4xx_hal.o"
arm-none-eabi-gcc "../Drivers/STM32F4xx_HAL_Driver/Src/stm32f4xx_hal_cortex.c" -mcpu=cortex-m4 -std=gnu11 -g3 -DDEBUG -DUSE_HAL_DRIVER -DSTM32F407xx -c -I../Core/Inc -I../Drivers/STM32F4xx_HAL_Driver/Inc -I../Drivers/STM32F4xx_HAL_Driver/Inc/Legacy -I../Drivers/CMSIS/Device/ST/STM32F4xx/Include -I../Drivers/CMSIS/Include -O0 -ffunction-sections -fdata-sections -Wall -fstack-usage -fcyclomatic-complexity -MMD -MP -MF"Drivers/STM32F4xx_HAL_Driver/Src/stm32f4xx_hal_cortex.d" -MT"Drivers/STM32F4xx_HAL_Driver/Src/stm32f4xx_hal_cortex.o" --specs=nano.specs -mfpu=fpv4-sp-d16 -mfloat-abi=hard -mthumb -o "Drivers/STM32F4xx_HAL_Driver/Src/stm32f4xx_hal_cortex.o"
arm-none-eabi-gcc "../Drivers/STM32F4xx_HAL_Driver/Src/stm32f4xx_hal_dma.c" -mcpu=cortex-m4 -std=gnu11 -g3 -DDEBUG -DUSE_HAL_DRIVER -DSTM32F407xx -c -I../Core/Inc -I../Drivers/STM32F4xx_HAL_Driver/Inc -I../Drivers/STM32F4xx_HAL_Driver/Inc/Legacy -I../Drivers/CMSIS/Device/ST/STM32F4xx/Include -I../Drivers/CMSIS/Include -O0 -ffunction-sections -fdata-sections -Wall -fstack-usage -fcyclomatic-complexity -MMD -MP -MF"Drivers/STM32F4xx_HAL_Driver/Src/stm32f4xx_hal_dma.d" -MT"Drivers/STM32F4xx_HAL_Driver/Src/stm32f4xx_hal_dma.o" --specs=nano.specs -mfpu=fpv4-sp-d16 -mfloat-abi=hard -mthumb -o "Drivers/STM32F4xx_HAL_Driver/Src/stm32f4xx_hal_dma.o"
arm-none-eabi-gcc "../Drivers/STM32F4xx_HAL_Driver/Src/stm32f4xx_hal_dma_ex.c" -mcpu=cortex-m4 -std=gnu11 -g3 -DDEBUG -DUSE_HAL_DRIVER -DSTM32F407xx -c -I../Core/Inc -I../Drivers/STM32F4xx_HAL_Driver/Inc -I../Drivers/STM32F4xx_HAL_Driver/Inc/Legacy -I../Drivers/CMSIS/Device/ST/STM32F4xx/Include -I../Drivers/CMSIS/Include -O0 -ffunction-sections -fdata-sections -Wall -fstack-usage -fcyclomatic-complexity -MMD -MP -MF"Drivers/STM32F4xx_HAL_Driver/Src/stm32f4xx_hal_dma_ex.d" -MT"Drivers/STM32F4xx_HAL_Driver/Src/stm32f4xx_hal_dma_ex.o" --specs=nano.specs -mfpu=fpv4-sp-d16 -mfloat-abi=hard -mthumb -o "Drivers/STM32F4xx_HAL_Driver/Src/stm32f4xx_hal_dma_ex.o"
arm-none-eabi-gcc "../Drivers/STM32F4xx_HAL_Driver/Src/stm32f4xx_hal_exti.c" -mcpu=cortex-m4 -std=gnu11 -g3 -DDEBUG -DUSE_HAL_DRIVER -DSTM32F407xx -c -I../Core/Inc -I../Drivers/STM32F4xx_HAL_Driver/Inc -I../Drivers/STM32F4xx_HAL_Driver/Inc/Legacy -I../Drivers/CMSIS/Device/ST/STM32F4xx/Include -I../Drivers/CMSIS/Include -O0 -ffunction-sections -fdata-sections -Wall -fstack-usage -fcyclomatic-complexity -MMD -MP -MF"Drivers/STM32F4xx_HAL_Driver/Src/stm32f4xx_hal_exti.d" -MT"Drivers/STM32F4xx_HAL_Driver/Src/stm32f4xx_hal_exti.o" --specs=nano.specs -mfpu=fpv4-sp-d16 -mfloat-abi=hard -mthumb -o "Drivers/STM32F4xx_HAL_Driver/Src/stm32f4xx_hal_exti.o"
arm-none-eabi-gcc "../Drivers/STM32F4xx_HAL_Driver/Src/stm32f4xx_hal_flash.c" -mcpu=cortex-m4 -std=gnu11 -g3 -DDEBUG -DUSE_HAL_DRIVER -DSTM32F407xx -c -I../Core/Inc -I../Drivers/STM32F4xx_HAL_Driver/Inc -I../Drivers/STM32F4xx_HAL_Driver/Inc/Legacy -I../Drivers/CMSIS/Device/ST/STM32F4xx/Include -I../Drivers/CMSIS/Include -O0 -ffunction-sections -fdata-sections -Wall -fstack-usage -fcyclomatic-complexity -MMD -MP -MF"Drivers/STM32F4xx_HAL_Driver/Src/stm32f4xx_hal_flash.d" -MT"Drivers/STM32F4xx_HAL_Driver/Src/stm32f4xx_hal_flash.o" --specs=nano.specs -mfpu=fpv4-sp-d16 -mfloat-abi=hard -mthumb -o "Drivers/STM32F4xx_HAL_Driver/Src/stm32f4xx_hal_flash.o"
arm-none-eabi-gcc "../Drivers/STM32F4xx_HAL_Driver/Src/stm32f4xx_hal_flash_ex.c" -mcpu=cortex-m4 -std=gnu11 -g3 -DDEBUG -DUSE_HAL_DRIVER -DSTM32F407xx -c -I../Core/Inc -I../Drivers/STM32F4xx_HAL_Driver/Inc -I../Drivers/STM32F4xx_HAL_Driver/Inc/Legacy -I../Drivers/CMSIS/Device/ST/STM32F4xx/Include -I../Drivers/CMSIS/Include -O0 -ffunction-sections -fdata-sections -Wall -fstack-usage -fcyclomatic-complexity -MMD -MP -MF"Drivers/STM32F4xx_HAL_Driver/Src/stm32f4xx_hal_flash_ex.d" -MT"Drivers/STM32F4xx_HAL_Driver/Src/stm32f4xx_hal_flash_ex.o" --specs=nano.specs -mfpu=fpv4-sp-d16 -mfloat-abi=hard -mthumb -o "Drivers/STM32F4xx_HAL_Driver/Src/stm32f4xx_hal_flash_ex.o"
arm-none-eabi-gcc "../Drivers/STM32F4xx_HAL_Driver/Src/stm32f4xx_hal_flash_ramfunc.c" -mcpu=cortex-m4 -std=gnu11 -g3 -DDEBUG -DUSE_HAL_DRIVER -DSTM32F407xx -c -I../Core/Inc -I../Drivers/STM32F4xx_HAL_Driver/Inc -I../Drivers/STM32F4xx_HAL_Driver/Inc/Legacy -I../Drivers/CMSIS/Device/ST/STM32F4xx/Include -I../Drivers/CMSIS/Include -O0 -ffunction-sections -fdata-sections -Wall -fstack-usage -fcyclomatic-complexity -MMD -MP -MF"Drivers/STM32F4xx_HAL_Driver/Src/stm32f4xx_hal_flash_ramfunc.d" -MT"Drivers/STM32F4xx_HAL_Driver/Src/stm32f4xx_hal_flash_ramfunc.o" --specs=nano.specs -mfpu=fpv4-sp-d16 -mfloat-abi=hard -mthumb -o "Drivers/STM32F4xx_HAL_Driver/Src/stm32f4xx_hal_flash_ramfunc.o"
arm-none-eabi-gcc "../Drivers/STM32F4xx_HAL_Driver/Src/stm32f4xx_hal_gpio.c" -mcpu=cortex-m4 -std=gnu11 -g3 -DDEBUG -DUSE_HAL_DRIVER -DSTM32F407xx -c -I../Core/Inc -I../Drivers/STM32F4xx_HAL_Driver/Inc -I../Drivers/STM32F4xx_HAL_Driver/Inc/Legacy -I../Drivers/CMSIS/Device/ST/STM32F4xx/Include -I../Drivers/CMSIS/Include -O0 -ffunction-sections -fdata-sections -Wall -fstack-usage -fcyclomatic-complexity -MMD -MP -MF"Drivers/STM32F4xx_HAL_Driver/Src/stm32f4xx_hal_gpio.d" -MT"Drivers/STM32F4xx_HAL_Driver/Src/stm32f4xx_hal_gpio.o" --specs=nano.specs -mfpu=fpv4-sp-d16 -mfloat-abi=hard -mthumb -o "Drivers/STM32F4xx_HAL_Driver/Src/stm32f4xx_hal_gpio.o"
arm-none-eabi-gcc "../Drivers/STM32F4xx_HAL_Driver/Src/stm32f4xx_hal_pwr.c" -mcpu=cortex-m4 -std=gnu11 -g3 -DDEBUG -DUSE_HAL_DRIVER -DSTM32F407xx -c -I../Core/Inc -I../Drivers/STM32F4xx_HAL_Driver/Inc -I../Drivers/STM32F4xx_HAL_Driver/Inc/Legacy -I../Drivers/CMSIS/Device/ST/STM32F4xx/Include -I../Drivers/CMSIS/Include -O0 -ffunction-sections -fdata-sections -Wall -fstack-usage -fcyclomatic-complexity -MMD -MP -MF"Drivers/STM32F4xx_HAL_Driver/Src/stm32f4xx_hal_pwr.d" -MT"Drivers/STM32F4xx_HAL_Driver/Src/stm32f4xx_hal_pwr.o" --specs=nano.specs -mfpu=fpv4-sp-d16 -mfloat-abi=hard -mthumb -o "Drivers/STM32F4xx_HAL_Driver/Src/stm32f4xx_hal_pwr.o"
arm-none-eabi-gcc "../Drivers/STM32F4xx_HAL_Driver/Src/stm32f4xx_hal_pwr_ex.c" -mcpu=cortex-m4 -std=gnu11 -g3 -DDEBUG -DUSE_HAL_DRIVER -DSTM32F407xx -c -I../Core/Inc -I../Drivers/STM32F4xx_HAL_Driver/Inc -I../Drivers/STM32F4xx_HAL_Driver/Inc/Legacy -I../Drivers/CMSIS/Device/ST/STM32F4xx/Include -I../Drivers/CMSIS/Include -O0 -ffunction-sections -fdata-sections -Wall -fstack-usage -fcyclomatic-complexity -MMD -MP -MF"Drivers/STM32F4xx_HAL_Driver/Src/stm32f4xx_hal_pwr_ex.d" -MT"Drivers/STM32F4xx_HAL_Driver/Src/stm32f4xx_hal_pwr_ex.o" --specs=nano.specs -mfpu=fpv4-sp-d16 -mfloat-abi=hard -mthumb -o "Drivers/STM32F4xx_HAL_Driver/Src/stm32f4xx_hal_pwr_ex.o"
arm-none-eabi-gcc "../Drivers/STM32F4xx_HAL_Driver/Src/stm32f4xx_hal_rcc.c" -mcpu=cortex-m4 -std=gnu11 -g3 -DDEBUG -DUSE_HAL_DRIVER -DSTM32F407xx -c -I../Core/Inc -I../Drivers/STM32F4xx_HAL_Driver/Inc -I../Drivers/STM32F4xx_HAL_Driver/Inc/Legacy -I../Drivers/CMSIS/Device/ST/STM32F4xx/Include -I../Drivers/CMSIS/Include -O0 -ffunction-sections -fdata-sections -Wall -fstack-usage -fcyclomatic-complexity -MMD -MP -MF"Drivers/STM32F4xx_HAL_Driver/Src/stm32f4xx_hal_rcc.d" -MT"Drivers/STM32F4xx_HAL_Driver/Src/stm32f4xx_hal_rcc.o" --specs=nano.specs -mfpu=fpv4-sp-d16 -mfloat-abi=hard -mthumb -o "Drivers/STM32F4xx_HAL_Driver/Src/stm32f4xx_hal_rcc.o"
arm-none-eabi-gcc "../Drivers/STM32F4xx_HAL_Driver/Src/stm32f4xx_hal_rcc_ex.c" -mcpu=cortex-m4 -std=gnu11 -g3 -DDEBUG -DUSE_HAL_DRIVER -DSTM32F407xx -c -I../Core/Inc -I../Drivers/STM32F4xx_HAL_Driver/Inc -I../Drivers/STM32F4xx_HAL_Driver/Inc/Legacy -I../Drivers/CMSIS/Device/ST/STM32F4xx/Include -I../Drivers/CMSIS/Include -O0 -ffunction-sections -fdata-sections -Wall -fstack-usage -fcyclomatic-complexity -MMD -MP -MF"Drivers/STM32F4xx_HAL_Driver/Src/stm32f4xx_hal_rcc_ex.d" -MT"Drivers/STM32F4xx_HAL_Driver/Src/stm32f4xx_hal_rcc_ex.o" --specs=nano.specs -mfpu=fpv4-sp-d16 -mfloat-abi=hard -mthumb -o "Drivers/STM32F4xx_HAL_Driver/Src/stm32f4xx_hal_rcc_ex.o"
arm-none-eabi-gcc -mcpu=cortex-m4 -g3 -DDEBUG -c -x assembler-with-cpp -MMD -MP -MF"Core/Startup/startup_stm32f407vetx.d" -MT"Core/Startup/startup_stm32f407vetx.o" --specs=nano.specs -mfpu=fpv4-sp-d16 -mfloat-abi=hard -mthumb -o "Core/Startup/startup_stm32f407vetx.o" "../Core/Startup/startup_stm32f407vetx.s"
arm-none-eabi-gcc "../Core/Src/main.c" -mcpu=cortex-m4 -std=gnu11 -g3 -DDEBUG -DUSE_HAL_DRIVER -DSTM32F407xx -c -I../Core/Inc -I../Drivers/STM32F4xx_HAL_Driver/Inc -I../Drivers/STM32F4xx_HAL_Driver/Inc/Legacy -I../Drivers/CMSIS/Device/ST/STM32F4xx/Include -I../Drivers/CMSIS/Include -O0 -ffunction-sections -fdata-sections -Wall -fstack-usage -fcyclomatic-complexity -MMD -MP -MF"Core/Src/main.d" -MT"Core/Src/main.o" --specs=nano.specs -mfpu=fpv4-sp-d16 -mfloat-abi=hard -mthumb -o "Core/Src/main.o"
arm-none-eabi-gcc "../Core/Src/stm32f4xx_hal_msp.c" -mcpu=cortex-m4 -std=gnu11 -g3 -DDEBUG -DUSE_HAL_DRIVER -DSTM32F407xx -c -I../Core/Inc -I../Drivers/STM32F4xx_HAL_Driver/Inc -I../Drivers/STM32F4xx_HAL_Driver/Inc/Legacy -I../Drivers/CMSIS/Device/ST/STM32F4xx/Include -I../Drivers/CMSIS/Include -O0 -ffunction-sections -fdata-sections -Wall -fstack-usage -fcyclomatic-complexity -MMD -MP -MF"Core/Src/stm32f4xx_hal_msp.d" -MT"Core/Src/stm32f4xx_hal_msp.o" --specs=nano.specs -mfpu=fpv4-sp-d16 -mfloat-abi=hard -mthumb -o "Core/Src/stm32f4xx_hal_msp.o"
arm-none-eabi-gcc "../Core/Src/stm32f4xx_it.c" -mcpu=cortex-m4 -std=gnu11 -g3 -DDEBUG -DUSE_HAL_DRIVER -DSTM32F407xx -c -I../Core/Inc -I../Drivers/STM32F4xx_HAL_Driver/Inc -I../Drivers/STM32F4xx_HAL_Driver/Inc/Legacy -I../Drivers/CMSIS/Device/ST/STM32F4xx/Include -I../Drivers/CMSIS/Include -O0 -ffunction-sections -fdata-sections -Wall -fstack-usage -fcyclomatic-complexity -MMD -MP -MF"Core/Src/stm32f4xx_it.d" -MT"Core/Src/stm32f4xx_it.o" --specs=nano.specs -mfpu=fpv4-sp-d16 -mfloat-abi=hard -mthumb -o "Core/Src/stm32f4xx_it.o"
arm-none-eabi-gcc "../Core/Src/syscalls.c" -mcpu=cortex-m4 -std=gnu11 -g3 -DDEBUG -DUSE_HAL_DRIVER -DSTM32F407xx -c -I../Core/Inc -I../Drivers/STM32F4xx_HAL_Driver/Inc -I../Drivers/STM32F4xx_HAL_Driver/Inc/Legacy -I../Drivers/CMSIS/Device/ST/STM32F4xx/Include -I../Drivers/CMSIS/Include -O0 -ffunction-sections -fdata-sections -Wall -fstack-usage -fcyclomatic-complexity -MMD -MP -MF"Core/Src/syscalls.d" -MT"Core/Src/syscalls.o" --specs=nano.specs -mfpu=fpv4-sp-d16 -mfloat-abi=hard -mthumb -o "Core/Src/syscalls.o"
arm-none-eabi-gcc "../Core/Src/sysmem.c" -mcpu=cortex-m4 -std=gnu11 -g3 -DDEBUG -DUSE_HAL_DRIVER -DSTM32F407xx -c -I../Core/Inc -I../Drivers/STM32F4xx_HAL_Driver/Inc -I../Drivers/STM32F4xx_HAL_Driver/Inc/Legacy -I../Drivers/CMSIS/Device/ST/STM32F4xx/Include -I../Drivers/CMSIS/Include -O0 -ffunction-sections -fdata-sections -Wall -fstack-usage -fcyclomatic-complexity -MMD -MP -MF"Core/Src/sysmem.d" -MT"Core/Src/sysmem.o" --specs=nano.specs -mfpu=fpv4-sp-d16 -mfloat-abi=hard -mthumb -o "Core/Src/sysmem.o"
arm-none-eabi-gcc "../Core/Src/system_stm32f4xx.c" -mcpu=cortex-m4 -std=gnu11 -g3 -DDEBUG -DUSE_HAL_DRIVER -DSTM32F407xx -c -I../Core/Inc -I../Drivers/STM32F4xx_HAL_Driver/Inc -I../Drivers/STM32F4xx_HAL_Driver/Inc/Legacy -I../Drivers/CMSIS/Device/ST/STM32F4xx/Include -I../Drivers/CMSIS/Include -O0 -ffunction-sections -fdata-sections -Wall -fstack-usage -fcyclomatic-complexity -MMD -MP -MF"Core/Src/system_stm32f4xx.d" -MT"Core/Src/system_stm32f4xx.o" --specs=nano.specs -mfpu=fpv4-sp-d16 -mfloat-abi=hard -mthumb -o "Core/Src/system_stm32f4xx.o"
arm-none-eabi-gcc -o "DigitalAlramProject.elf" @"objects.list"   -mcpu=cortex-m4 -T"C:\Users\ckckc\Desktop\digitalAlarmProject\DigitalAlramProject\STM32F407VETX_FLASH.ld" --specs=nosys.specs -Wl,-Map="DigitalAlramProject.map" -Wl,--gc-sections -static --specs=nano.specs -mfpu=fpv4-sp-d16 -mfloat-abi=hard -mthumb -Wl,--start-group -lc -lm -Wl,--end-group
Finished building target: DigitalAlramProject.elf
 
arm-none-eabi-size  DigitalAlramProject.elf 
arm-none-eabi-objdump -h -S DigitalAlramProject.elf  > "DigitalAlramProject.list"
   text	   data	    bss	    dec	    hex	filename
   5892	     12	   1572	   7476	   1d34	DigitalAlramProject.elf
Finished building: default.size.stdout
 
Finished building: DigitalAlramProject.list
 
11:28:26 **** Incremental Build of configuration Debug for project DigitalAlramProject ****
make -j12 all 
arm-none-eabi-size  DigitalAlramProject.elf 
   text	   data	    bss	    dec	    hex	filename
   5892	     12	   1572	   7476	   1d34	DigitalAlramProject.elf
Finished building: default.size.stdout
 
11:29:00 **** Incremental Build of configuration Debug for project DigitalAlramProject ****
make -j12 all 
arm-none-eabi-gcc "../Core/Src/main.c" -mcpu=cortex-m4 -std=gnu11 -g3 -DDEBUG -DUSE_HAL_DRIVER -DSTM32F407xx -c -I../Core/Inc -I../Drivers/STM32F4xx_HAL_Driver/Inc -I../Drivers/STM32F4xx_HAL_Driver/Inc/Legacy -I../Drivers/CMSIS/Device/ST/STM32F4xx/Include -I../Drivers/CMSIS/Include -O0 -ffunction-sections -fdata-sections -Wall -fstack-usage -fcyclomatic-complexity -MMD -MP -MF"Core/Src/main.d" -MT"Core/Src/main.o" --specs=nano.specs -mfpu=fpv4-sp-d16 -mfloat-abi=hard -mthumb -o "Core/Src/main.o"
arm-none-eabi-gcc -o "DigitalAlramProject.elf" @"objects.list"   -mcpu=cortex-m4 -T"C:\Users\ckckc\Desktop\digitalAlarmProject\DigitalAlramProject\STM32F407VETX_FLASH.ld" --specs=nosys.specs -Wl,-Map="DigitalAlramProject.map" -Wl,--gc-sections -static --specs=nano.specs -mfpu=fpv4-sp-d16 -mfloat-abi=hard -mthumb -Wl,--start-group -lc -lm -Wl,--end-group
Finished building target: DigitalAlramProject.elf
 
arm-none-eabi-size  DigitalAlramProject.elf 
arm-none-eabi-objdump -h -S DigitalAlramProject.elf  > "DigitalAlramProject.list"
   text	   data	    bss	    dec	    hex	filename
   5892	     12	   1572	   7476	   1d34	DigitalAlramProject.elf
Finished building: default.size.stdout
 
Finished building: DigitalAlramProject.list
 
11:33:23 **** Incremental Build of configuration Debug for project DigitalAlramProject ****
make -j12 all 
arm-none-eabi-gcc "../Core/Src/main.c" -mcpu=cortex-m4 -std=gnu11 -g3 -DDEBUG -DUSE_HAL_DRIVER -DSTM32F407xx -c -I../Core/Inc -I../Drivers/STM32F4xx_HAL_Driver/Inc -I../Drivers/STM32F4xx_HAL_Driver/Inc/Legacy -I../Drivers/CMSIS/Device/ST/STM32F4xx/Include -I../Drivers/CMSIS/Include -O0 -ffunction-sections -fdata-sections -Wall -fstack-usage -fcyclomatic-complexity -MMD -MP -MF"Core/Src/main.d" -MT"Core/Src/main.o" --specs=nano.specs -mfpu=fpv4-sp-d16 -mfloat-abi=hard -mthumb -o "Core/Src/main.o"
arm-none-eabi-gcc -o "DigitalAlramProject.elf" @"objects.list"   -mcpu=cortex-m4 -T"C:\Users\ckckc\Desktop\digitalAlarmProject\DigitalAlramProject\STM32F407VETX_FLASH.ld" --specs=nosys.specs -Wl,-Map="DigitalAlramProject.map" -Wl,--gc-sections -static --specs=nano.specs -mfpu=fpv4-sp-d16 -mfloat-abi=hard -mthumb -Wl,--start-group -lc -lm -Wl,--end-group
Finished building target: DigitalAlramProject.elf
 
arm-none-eabi-size  DigitalAlramProject.elf 
arm-none-eabi-objdump -h -S DigitalAlramProject.elf  > "DigitalAlramProject.list"
   text	   data	    bss	    dec	    hex	filename
   5964	     12	   1572	   7548	   1d7c	DigitalAlramProject.elf
Finished building: default.size.stdout
 
Finished building: DigitalAlramProject.list
 
11:45:36 **** Incremental Build of configuration Debug for project DigitalAlramProject ****
make -j12 all 
arm-none-eabi-gcc "../Core/Src/main.c" -mcpu=cortex-m4 -std=gnu11 -g3 -DDEBUG -DUSE_HAL_DRIVER -DSTM32F407xx -c -I../Core/Inc -I../Drivers/STM32F4xx_HAL_Driver/Inc -I../Drivers/STM32F4xx_HAL_Driver/Inc/Legacy -I../Drivers/CMSIS/Device/ST/STM32F4xx/Include -I../Drivers/CMSIS/Include -O0 -ffunction-sections -fdata-sections -Wall -fstack-usage -fcyclomatic-complexity -MMD -MP -MF"Core/Src/main.d" -MT"Core/Src/main.o" --specs=nano.specs -mfpu=fpv4-sp-d16 -mfloat-abi=hard -mthumb -o "Core/Src/main.o"
arm-none-eabi-gcc -o "DigitalAlramProject.elf" @"objects.list"   -mcpu=cortex-m4 -T"C:\Users\ckckc\Desktop\digitalAlarmProject\DigitalAlramProject\STM32F407VETX_FLASH.ld" --specs=nosys.specs -Wl,-Map="DigitalAlramProject.map" -Wl,--gc-sections -static --specs=nano.specs -mfpu=fpv4-sp-d16 -mfloat-abi=hard -mthumb -Wl,--start-group -lc -lm -Wl,--end-group
Finished building target: DigitalAlramProject.elf
 
arm-none-eabi-size  DigitalAlramProject.elf 
arm-none-eabi-objdump -h -S DigitalAlramProject.elf  > "DigitalAlramProject.list"
   text	   data	    bss	    dec	    hex	filename
   6032	     12	   1572	   7616	   1dc0	DigitalAlramProject.elf
Finished building: default.size.stdout
 
Finished building: DigitalAlramProject.list
 
11:46:29 **** Incremental Build of configuration Debug for project DigitalAlramProject ****
make -j12 all 
arm-none-eabi-gcc "../Core/Src/main.c" -mcpu=cortex-m4 -std=gnu11 -g3 -DDEBUG -DUSE_HAL_DRIVER -DSTM32F407xx -c -I../Core/Inc -I../Drivers/STM32F4xx_HAL_Driver/Inc -I../Drivers/STM32F4xx_HAL_Driver/Inc/Legacy -I../Drivers/CMSIS/Device/ST/STM32F4xx/Include -I../Drivers/CMSIS/Include -O0 -ffunction-sections -fdata-sections -Wall -fstack-usage -fcyclomatic-complexity -MMD -MP -MF"Core/Src/main.d" -MT"Core/Src/main.o" --specs=nano.specs -mfpu=fpv4-sp-d16 -mfloat-abi=hard -mthumb -o "Core/Src/main.o"
arm-none-eabi-gcc -o "DigitalAlramProject.elf" @"objects.list"   -mcpu=cortex-m4 -T"C:\Users\ckckc\Desktop\digitalAlarmProject\DigitalAlramProject\STM32F407VETX_FLASH.ld" --specs=nosys.specs -Wl,-Map="DigitalAlramProject.map" -Wl,--gc-sections -static --specs=nano.specs -mfpu=fpv4-sp-d16 -mfloat-abi=hard -mthumb -Wl,--start-group -lc -lm -Wl,--end-group
Finished building target: DigitalAlramProject.elf
 
arm-none-eabi-size  DigitalAlramProject.elf 
arm-none-eabi-objdump -h -S DigitalAlramProject.elf  > "DigitalAlramProject.list"
   text	   data	    bss	    dec	    hex	filename
   6028	     12	   1572	   7612	   1dbc	DigitalAlramProject.elf
Finished building: default.size.stdout
 
Finished building: DigitalAlramProject.list
 
12:05:29 **** Incremental Build of configuration Debug for project DigitalAlramProject ****
make -j12 all 
arm-none-eabi-gcc "../Core/Src/main.c" -mcpu=cortex-m4 -std=gnu11 -g3 -DDEBUG -DUSE_HAL_DRIVER -DSTM32F407xx -c -I../Core/Inc -I../Drivers/STM32F4xx_HAL_Driver/Inc -I../Drivers/STM32F4xx_HAL_Driver/Inc/Legacy -I../Drivers/CMSIS/Device/ST/STM32F4xx/Include -I../Drivers/CMSIS/Include -O0 -ffunction-sections -fdata-sections -Wall -fstack-usage -fcyclomatic-complexity -MMD -MP -MF"Core/Src/main.d" -MT"Core/Src/main.o" --specs=nano.specs -mfpu=fpv4-sp-d16 -mfloat-abi=hard -mthumb -o "Core/Src/main.o"
arm-none-eabi-gcc -o "DigitalAlramProject.elf" @"objects.list"   -mcpu=cortex-m4 -T"C:\Users\ckckc\Desktop\digitalAlarmProject\DigitalAlramProject\STM32F407VETX_FLASH.ld" --specs=nosys.specs -Wl,-Map="DigitalAlramProject.map" -Wl,--gc-sections -static --specs=nano.specs -mfpu=fpv4-sp-d16 -mfloat-abi=hard -mthumb -Wl,--start-group -lc -lm -Wl,--end-group
Finished building target: DigitalAlramProject.elf
 
arm-none-eabi-size  DigitalAlramProject.elf 
arm-none-eabi-objdump -h -S DigitalAlramProject.elf  > "DigitalAlramProject.list"
   text	   data	    bss	    dec	    hex	filename
   5964	     12	   1572	   7548	   1d7c	DigitalAlramProject.elf
Finished building: default.size.stdout
 
Finished building: DigitalAlramProject.list
 
12:31:08 **** Incremental Build of configuration Debug for project DigitalAlramProject ****
make -j12 all 
arm-none-eabi-gcc "../Core/Src/main.c" -mcpu=cortex-m4 -std=gnu11 -g3 -DDEBUG -DUSE_HAL_DRIVER -DSTM32F407xx -c -I../Core/Inc -I../Drivers/STM32F4xx_HAL_Driver/Inc -I../Drivers/STM32F4xx_HAL_Driver/Inc/Legacy -I../Drivers/CMSIS/Device/ST/STM32F4xx/Include -I../Drivers/CMSIS/Include -O0 -ffunction-sections -fdata-sections -Wall -fstack-usage -fcyclomatic-complexity -MMD -MP -MF"Core/Src/main.d" -MT"Core/Src/main.o" --specs=nano.specs -mfpu=fpv4-sp-d16 -mfloat-abi=hard -mthumb -o "Core/Src/main.o"
arm-none-eabi-gcc -o "DigitalAlramProject.elf" @"objects.list"   -mcpu=cortex-m4 -T"C:\Users\ckckc\Desktop\digitalAlarmProject\DigitalAlramProject\STM32F407VETX_FLASH.ld" --specs=nosys.specs -Wl,-Map="DigitalAlramProject.map" -Wl,--gc-sections -static --specs=nano.specs -mfpu=fpv4-sp-d16 -mfloat-abi=hard -mthumb -Wl,--start-group -lc -lm -Wl,--end-group
Finished building target: DigitalAlramProject.elf
 
arm-none-eabi-size  DigitalAlramProject.elf 
arm-none-eabi-objdump -h -S DigitalAlramProject.elf  > "DigitalAlramProject.list"
   text	   data	    bss	    dec	    hex	filename
   5972	     12	   1572	   7556	   1d84	DigitalAlramProject.elf
Finished building: default.size.stdout
 
Finished building: DigitalAlramProject.list
 
12:49:42 **** Incremental Build of configuration Debug for project DigitalAlramProject ****
make -j12 all 
arm-none-eabi-gcc "../Core/Src/main.c" -mcpu=cortex-m4 -std=gnu11 -g3 -DDEBUG -DUSE_HAL_DRIVER -DSTM32F407xx -c -I../Core/Inc -I../Drivers/STM32F4xx_HAL_Driver/Inc -I../Drivers/STM32F4xx_HAL_Driver/Inc/Legacy -I../Drivers/CMSIS/Device/ST/STM32F4xx/Include -I../Drivers/CMSIS/Include -O0 -ffunction-sections -fdata-sections -Wall -fstack-usage -fcyclomatic-complexity -MMD -MP -MF"Core/Src/main.d" -MT"Core/Src/main.o" --specs=nano.specs -mfpu=fpv4-sp-d16 -mfloat-abi=hard -mthumb -o "Core/Src/main.o"
../Core/Src/main.c: In function 'main':
../Core/Src/main.c:92:11: warning: unused variable 'start_flag' [-Wunused-variable]
   92 |   uint8_t start_flag = 0;
      |           ^~~~~~~~~~
arm-none-eabi-gcc -o "DigitalAlramProject.elf" @"objects.list"   -mcpu=cortex-m4 -T"C:\Users\ckckc\Desktop\digitalAlarmProject\DigitalAlramProject\STM32F407VETX_FLASH.ld" --specs=nosys.specs -Wl,-Map="DigitalAlramProject.map" -Wl,--gc-sections -static --specs=nano.specs -mfpu=fpv4-sp-d16 -mfloat-abi=hard -mthumb -Wl,--start-group -lc -lm -Wl,--end-group
Finished building target: DigitalAlramProject.elf
 
arm-none-eabi-size  DigitalAlramProject.elf 
arm-none-eabi-objdump -h -S DigitalAlramProject.elf  > "DigitalAlramProject.list"
   text	   data	    bss	    dec	    hex	filename
   5952	     12	   1572	   7536	   1d70	DigitalAlramProject.elf
Finished building: default.size.stdout
 
Finished building: DigitalAlramProject.list
 
12:50:38 **** Incremental Build of configuration Debug for project DigitalAlramProject ****
make -j12 all 
arm-none-eabi-gcc "../Core/Src/main.c" -mcpu=cortex-m4 -std=gnu11 -g3 -DDEBUG -DUSE_HAL_DRIVER -DSTM32F407xx -c -I../Core/Inc -I../Drivers/STM32F4xx_HAL_Driver/Inc -I../Drivers/STM32F4xx_HAL_Driver/Inc/Legacy -I../Drivers/CMSIS/Device/ST/STM32F4xx/Include -I../Drivers/CMSIS/Include -O0 -ffunction-sections -fdata-sections -Wall -fstack-usage -fcyclomatic-complexity -MMD -MP -MF"Core/Src/main.d" -MT"Core/Src/main.o" --specs=nano.specs -mfpu=fpv4-sp-d16 -mfloat-abi=hard -mthumb -o "Core/Src/main.o"
../Core/Src/main.c: In function 'main':
../Core/Src/main.c:92:11: warning: unused variable 'start_flag' [-Wunused-variable]
   92 |   uint8_t start_flag = 0;
      |           ^~~~~~~~~~
arm-none-eabi-gcc -o "DigitalAlramProject.elf" @"objects.list"   -mcpu=cortex-m4 -T"C:\Users\ckckc\Desktop\digitalAlarmProject\DigitalAlramProject\STM32F407VETX_FLASH.ld" --specs=nosys.specs -Wl,-Map="DigitalAlramProject.map" -Wl,--gc-sections -static --specs=nano.specs -mfpu=fpv4-sp-d16 -mfloat-abi=hard -mthumb -Wl,--start-group -lc -lm -Wl,--end-group
Finished building target: DigitalAlramProject.elf
 
arm-none-eabi-size  DigitalAlramProject.elf 
arm-none-eabi-objdump -h -S DigitalAlramProject.elf  > "DigitalAlramProject.list"
   text	   data	    bss	    dec	    hex	filename
   5952	     12	   1572	   7536	   1d70	DigitalAlramProject.elf
Finished building: default.size.stdout
 
Finished building: DigitalAlramProject.list
 
13:21:30 **** Incremental Build of configuration Debug for project DigitalAlramProject ****
make -j12 all 
arm-none-eabi-gcc "../Core/Src/main.c" -mcpu=cortex-m4 -std=gnu11 -g3 -DDEBUG -DUSE_HAL_DRIVER -DSTM32F407xx -c -I../Core/Inc -I../Drivers/STM32F4xx_HAL_Driver/Inc -I../Drivers/STM32F4xx_HAL_Driver/Inc/Legacy -I../Drivers/CMSIS/Device/ST/STM32F4xx/Include -I../Drivers/CMSIS/Include -O0 -ffunction-sections -fdata-sections -Wall -fstack-usage -fcyclomatic-complexity -MMD -MP -MF"Core/Src/main.d" -MT"Core/Src/main.o" --specs=nano.specs -mfpu=fpv4-sp-d16 -mfloat-abi=hard -mthumb -o "Core/Src/main.o"
../Core/Src/main.c: In function 'main':
../Core/Src/main.c:100:27: warning: unused variable 'sw1_flag' [-Wunused-variable]
  100 |                   uint8_t sw1_flag = 0;
      |                           ^~~~~~~~
../Core/Src/main.c:92:11: warning: unused variable 'sw1_flag' [-Wunused-variable]
   92 |   uint8_t sw1_flag = 0;
      |           ^~~~~~~~
arm-none-eabi-gcc -o "DigitalAlramProject.elf" @"objects.list"   -mcpu=cortex-m4 -T"C:\Users\ckckc\Desktop\digitalAlarmProject\DigitalAlramProject\STM32F407VETX_FLASH.ld" --specs=nosys.specs -Wl,-Map="DigitalAlramProject.map" -Wl,--gc-sections -static --specs=nano.specs -mfpu=fpv4-sp-d16 -mfloat-abi=hard -mthumb -Wl,--start-group -lc -lm -Wl,--end-group
Finished building target: DigitalAlramProject.elf
 
arm-none-eabi-size  DigitalAlramProject.elf 
arm-none-eabi-objdump -h -S DigitalAlramProject.elf  > "DigitalAlramProject.list"
   text	   data	    bss	    dec	    hex	filename
   5956	     12	   1572	   7540	   1d74	DigitalAlramProject.elf
Finished building: default.size.stdout
 
Finished building: DigitalAlramProject.list
 
13:23:15 **** Incremental Build of configuration Debug for project DigitalAlramProject ****
make -j12 all 
arm-none-eabi-gcc "../Core/Src/main.c" -mcpu=cortex-m4 -std=gnu11 -g3 -DDEBUG -DUSE_HAL_DRIVER -DSTM32F407xx -c -I../Core/Inc -I../Drivers/STM32F4xx_HAL_Driver/Inc -I../Drivers/STM32F4xx_HAL_Driver/Inc/Legacy -I../Drivers/CMSIS/Device/ST/STM32F4xx/Include -I../Drivers/CMSIS/Include -O0 -ffunction-sections -fdata-sections -Wall -fstack-usage -fcyclomatic-complexity -MMD -MP -MF"Core/Src/main.d" -MT"Core/Src/main.o" --specs=nano.specs -mfpu=fpv4-sp-d16 -mfloat-abi=hard -mthumb -o "Core/Src/main.o"
arm-none-eabi-gcc -o "DigitalAlramProject.elf" @"objects.list"   -mcpu=cortex-m4 -T"C:\Users\ckckc\Desktop\digitalAlarmProject\DigitalAlramProject\STM32F407VETX_FLASH.ld" --specs=nosys.specs -Wl,-Map="DigitalAlramProject.map" -Wl,--gc-sections -static --specs=nano.specs -mfpu=fpv4-sp-d16 -mfloat-abi=hard -mthumb -Wl,--start-group -lc -lm -Wl,--end-group
Finished building target: DigitalAlramProject.elf
 
arm-none-eabi-size  DigitalAlramProject.elf 
arm-none-eabi-objdump -h -S DigitalAlramProject.elf  > "DigitalAlramProject.list"
   text	   data	    bss	    dec	    hex	filename
   5960	     12	   1572	   7544	   1d78	DigitalAlramProject.elf
Finished building: default.size.stdout
 
Finished building: DigitalAlramProject.list
 
13:23:56 **** Incremental Build of configuration Debug for project DigitalAlramProject ****
make -j12 all 
arm-none-eabi-gcc "../Core/Src/main.c" -mcpu=cortex-m4 -std=gnu11 -g3 -DDEBUG -DUSE_HAL_DRIVER -DSTM32F407xx -c -I../Core/Inc -I../Drivers/STM32F4xx_HAL_Driver/Inc -I../Drivers/STM32F4xx_HAL_Driver/Inc/Legacy -I../Drivers/CMSIS/Device/ST/STM32F4xx/Include -I../Drivers/CMSIS/Include -O0 -ffunction-sections -fdata-sections -Wall -fstack-usage -fcyclomatic-complexity -MMD -MP -MF"Core/Src/main.d" -MT"Core/Src/main.o" --specs=nano.specs -mfpu=fpv4-sp-d16 -mfloat-abi=hard -mthumb -o "Core/Src/main.o"
arm-none-eabi-gcc -o "DigitalAlramProject.elf" @"objects.list"   -mcpu=cortex-m4 -T"C:\Users\ckckc\Desktop\digitalAlarmProject\DigitalAlramProject\STM32F407VETX_FLASH.ld" --specs=nosys.specs -Wl,-Map="DigitalAlramProject.map" -Wl,--gc-sections -static --specs=nano.specs -mfpu=fpv4-sp-d16 -mfloat-abi=hard -mthumb -Wl,--start-group -lc -lm -Wl,--end-group
Finished building target: DigitalAlramProject.elf
 
arm-none-eabi-size  DigitalAlramProject.elf 
arm-none-eabi-objdump -h -S DigitalAlramProject.elf  > "DigitalAlramProject.list"
   text	   data	    bss	    dec	    hex	filename
   5960	     12	   1572	   7544	   1d78	DigitalAlramProject.elf
Finished building: default.size.stdout
 
Finished building: DigitalAlramProject.list
 
13:24:17 **** Incremental Build of configuration Debug for project DigitalAlramProject ****
make -j12 all 
arm-none-eabi-gcc "../Core/Src/main.c" -mcpu=cortex-m4 -std=gnu11 -g3 -DDEBUG -DUSE_HAL_DRIVER -DSTM32F407xx -c -I../Core/Inc -I../Drivers/STM32F4xx_HAL_Driver/Inc -I../Drivers/STM32F4xx_HAL_Driver/Inc/Legacy -I../Drivers/CMSIS/Device/ST/STM32F4xx/Include -I../Drivers/CMSIS/Include -O0 -ffunction-sections -fdata-sections -Wall -fstack-usage -fcyclomatic-complexity -MMD -MP -MF"Core/Src/main.d" -MT"Core/Src/main.o" --specs=nano.specs -mfpu=fpv4-sp-d16 -mfloat-abi=hard -mthumb -o "Core/Src/main.o"
arm-none-eabi-gcc -o "DigitalAlramProject.elf" @"objects.list"   -mcpu=cortex-m4 -T"C:\Users\ckckc\Desktop\digitalAlarmProject\DigitalAlramProject\STM32F407VETX_FLASH.ld" --specs=nosys.specs -Wl,-Map="DigitalAlramProject.map" -Wl,--gc-sections -static --specs=nano.specs -mfpu=fpv4-sp-d16 -mfloat-abi=hard -mthumb -Wl,--start-group -lc -lm -Wl,--end-group
Finished building target: DigitalAlramProject.elf
 
arm-none-eabi-size  DigitalAlramProject.elf 
arm-none-eabi-objdump -h -S DigitalAlramProject.elf  > "DigitalAlramProject.list"
   text	   data	    bss	    dec	    hex	filename
   5956	     12	   1572	   7540	   1d74	DigitalAlramProject.elf
Finished building: default.size.stdout
 
Finished building: DigitalAlramProject.list
 
13:24:21 **** Incremental Build of configuration Debug for project DigitalAlramProject ****
make -j12 all 
arm-none-eabi-gcc "../Core/Src/main.c" -mcpu=cortex-m4 -std=gnu11 -g3 -DDEBUG -DUSE_HAL_DRIVER -DSTM32F407xx -c -I../Core/Inc -I../Drivers/STM32F4xx_HAL_Driver/Inc -I../Drivers/STM32F4xx_HAL_Driver/Inc/Legacy -I../Drivers/CMSIS/Device/ST/STM32F4xx/Include -I../Drivers/CMSIS/Include -O0 -ffunction-sections -fdata-sections -Wall -fstack-usage -fcyclomatic-complexity -MMD -MP -MF"Core/Src/main.d" -MT"Core/Src/main.o" --specs=nano.specs -mfpu=fpv4-sp-d16 -mfloat-abi=hard -mthumb -o "Core/Src/main.o"
arm-none-eabi-gcc -o "DigitalAlramProject.elf" @"objects.list"   -mcpu=cortex-m4 -T"C:\Users\ckckc\Desktop\digitalAlarmProject\DigitalAlramProject\STM32F407VETX_FLASH.ld" --specs=nosys.specs -Wl,-Map="DigitalAlramProject.map" -Wl,--gc-sections -static --specs=nano.specs -mfpu=fpv4-sp-d16 -mfloat-abi=hard -mthumb -Wl,--start-group -lc -lm -Wl,--end-group
Finished building target: DigitalAlramProject.elf
 
arm-none-eabi-size  DigitalAlramProject.elf 
arm-none-eabi-objdump -h -S DigitalAlramProject.elf  > "DigitalAlramProject.list"
   text	   data	    bss	    dec	    hex	filename
   5960	     12	   1572	   7544	   1d78	DigitalAlramProject.elf
Finished building: default.size.stdout
 
Finished building: DigitalAlramProject.list
 
13:26:44 **** Incremental Build of configuration Debug for project DigitalAlramProject ****
make -j12 all 
arm-none-eabi-gcc "../Core/Src/main.c" -mcpu=cortex-m4 -std=gnu11 -g3 -DDEBUG -DUSE_HAL_DRIVER -DSTM32F407xx -c -I../Core/Inc -I../Drivers/STM32F4xx_HAL_Driver/Inc -I../Drivers/STM32F4xx_HAL_Driver/Inc/Legacy -I../Drivers/CMSIS/Device/ST/STM32F4xx/Include -I../Drivers/CMSIS/Include -O0 -ffunction-sections -fdata-sections -Wall -fstack-usage -fcyclomatic-complexity -MMD -MP -MF"Core/Src/main.d" -MT"Core/Src/main.o" --specs=nano.specs -mfpu=fpv4-sp-d16 -mfloat-abi=hard -mthumb -o "Core/Src/main.o"
arm-none-eabi-gcc -o "DigitalAlramProject.elf" @"objects.list"   -mcpu=cortex-m4 -T"C:\Users\ckckc\Desktop\digitalAlarmProject\DigitalAlramProject\STM32F407VETX_FLASH.ld" --specs=nosys.specs -Wl,-Map="DigitalAlramProject.map" -Wl,--gc-sections -static --specs=nano.specs -mfpu=fpv4-sp-d16 -mfloat-abi=hard -mthumb -Wl,--start-group -lc -lm -Wl,--end-group
Finished building target: DigitalAlramProject.elf
 
arm-none-eabi-size  DigitalAlramProject.elf 
arm-none-eabi-objdump -h -S DigitalAlramProject.elf  > "DigitalAlramProject.list"
   text	   data	    bss	    dec	    hex	filename
   5936	     12	   1572	   7520	   1d60	DigitalAlramProject.elf
Finished building: default.size.stdout
 
Finished building: DigitalAlramProject.list
 
13:30:18 **** Incremental Build of configuration Debug for project DigitalAlramProject ****
make -j12 all 
arm-none-eabi-gcc "../Core/Src/main.c" -mcpu=cortex-m4 -std=gnu11 -g3 -DDEBUG -DUSE_HAL_DRIVER -DSTM32F407xx -c -I../Core/Inc -I../Drivers/STM32F4xx_HAL_Driver/Inc -I../Drivers/STM32F4xx_HAL_Driver/Inc/Legacy -I../Drivers/CMSIS/Device/ST/STM32F4xx/Include -I../Drivers/CMSIS/Include -O0 -ffunction-sections -fdata-sections -Wall -fstack-usage -fcyclomatic-complexity -MMD -MP -MF"Core/Src/main.d" -MT"Core/Src/main.o" --specs=nano.specs -mfpu=fpv4-sp-d16 -mfloat-abi=hard -mthumb -o "Core/Src/main.o"
arm-none-eabi-gcc -o "DigitalAlramProject.elf" @"objects.list"   -mcpu=cortex-m4 -T"C:\Users\ckckc\Desktop\digitalAlarmProject\DigitalAlramProject\STM32F407VETX_FLASH.ld" --specs=nosys.specs -Wl,-Map="DigitalAlramProject.map" -Wl,--gc-sections -static --specs=nano.specs -mfpu=fpv4-sp-d16 -mfloat-abi=hard -mthumb -Wl,--start-group -lc -lm -Wl,--end-group
Finished building target: DigitalAlramProject.elf
 
arm-none-eabi-size  DigitalAlramProject.elf 
arm-none-eabi-objdump -h -S DigitalAlramProject.elf  > "DigitalAlramProject.list"
   text	   data	    bss	    dec	    hex	filename
   5952	     12	   1572	   7536	   1d70	DigitalAlramProject.elf
Finished building: default.size.stdout
 
Finished building: DigitalAlramProject.list
 
13:31:09 **** Incremental Build of configuration Debug for project DigitalAlramProject ****
make -j12 all 
arm-none-eabi-gcc "../Core/Src/main.c" -mcpu=cortex-m4 -std=gnu11 -g3 -DDEBUG -DUSE_HAL_DRIVER -DSTM32F407xx -c -I../Core/Inc -I../Drivers/STM32F4xx_HAL_Driver/Inc -I../Drivers/STM32F4xx_HAL_Driver/Inc/Legacy -I../Drivers/CMSIS/Device/ST/STM32F4xx/Include -I../Drivers/CMSIS/Include -O0 -ffunction-sections -fdata-sections -Wall -fstack-usage -fcyclomatic-complexity -MMD -MP -MF"Core/Src/main.d" -MT"Core/Src/main.o" --specs=nano.specs -mfpu=fpv4-sp-d16 -mfloat-abi=hard -mthumb -o "Core/Src/main.o"
arm-none-eabi-gcc -o "DigitalAlramProject.elf" @"objects.list"   -mcpu=cortex-m4 -T"C:\Users\ckckc\Desktop\digitalAlarmProject\DigitalAlramProject\STM32F407VETX_FLASH.ld" --specs=nosys.specs -Wl,-Map="DigitalAlramProject.map" -Wl,--gc-sections -static --specs=nano.specs -mfpu=fpv4-sp-d16 -mfloat-abi=hard -mthumb -Wl,--start-group -lc -lm -Wl,--end-group
Finished building target: DigitalAlramProject.elf
 
arm-none-eabi-size  DigitalAlramProject.elf 
arm-none-eabi-objdump -h -S DigitalAlramProject.elf  > "DigitalAlramProject.list"
   text	   data	    bss	    dec	    hex	filename
   5992	     12	   1572	   7576	   1d98	DigitalAlramProject.elf
Finished building: default.size.stdout
 
Finished building: DigitalAlramProject.list
 
13:33:41 **** Incremental Build of configuration Debug for project DigitalAlramProject ****
make -j12 all 
arm-none-eabi-gcc "../Core/Src/main.c" -mcpu=cortex-m4 -std=gnu11 -g3 -DDEBUG -DUSE_HAL_DRIVER -DSTM32F407xx -c -I../Core/Inc -I../Drivers/STM32F4xx_HAL_Driver/Inc -I../Drivers/STM32F4xx_HAL_Driver/Inc/Legacy -I../Drivers/CMSIS/Device/ST/STM32F4xx/Include -I../Drivers/CMSIS/Include -O0 -ffunction-sections -fdata-sections -Wall -fstack-usage -fcyclomatic-complexity -MMD -MP -MF"Core/Src/main.d" -MT"Core/Src/main.o" --specs=nano.specs -mfpu=fpv4-sp-d16 -mfloat-abi=hard -mthumb -o "Core/Src/main.o"
arm-none-eabi-gcc -o "DigitalAlramProject.elf" @"objects.list"   -mcpu=cortex-m4 -T"C:\Users\ckckc\Desktop\digitalAlarmProject\DigitalAlramProject\STM32F407VETX_FLASH.ld" --specs=nosys.specs -Wl,-Map="DigitalAlramProject.map" -Wl,--gc-sections -static --specs=nano.specs -mfpu=fpv4-sp-d16 -mfloat-abi=hard -mthumb -Wl,--start-group -lc -lm -Wl,--end-group
Finished building target: DigitalAlramProject.elf
 
arm-none-eabi-size  DigitalAlramProject.elf 
arm-none-eabi-objdump -h -S DigitalAlramProject.elf  > "DigitalAlramProject.list"
   text	   data	    bss	    dec	    hex	filename
   5996	     12	   1572	   7580	   1d9c	DigitalAlramProject.elf
Finished building: default.size.stdout
 
Finished building: DigitalAlramProject.list
 
13:38:06 **** Incremental Build of configuration Debug for project DigitalAlramProject ****
make -j12 all 
arm-none-eabi-gcc "../Core/Src/main.c" -mcpu=cortex-m4 -std=gnu11 -g3 -DDEBUG -DUSE_HAL_DRIVER -DSTM32F407xx -c -I../Core/Inc -I../Drivers/STM32F4xx_HAL_Driver/Inc -I../Drivers/STM32F4xx_HAL_Driver/Inc/Legacy -I../Drivers/CMSIS/Device/ST/STM32F4xx/Include -I../Drivers/CMSIS/Include -O0 -ffunction-sections -fdata-sections -Wall -fstack-usage -fcyclomatic-complexity -MMD -MP -MF"Core/Src/main.d" -MT"Core/Src/main.o" --specs=nano.specs -mfpu=fpv4-sp-d16 -mfloat-abi=hard -mthumb -o "Core/Src/main.o"
arm-none-eabi-gcc -o "DigitalAlramProject.elf" @"objects.list"   -mcpu=cortex-m4 -T"C:\Users\ckckc\Desktop\digitalAlarmProject\DigitalAlramProject\STM32F407VETX_FLASH.ld" --specs=nosys.specs -Wl,-Map="DigitalAlramProject.map" -Wl,--gc-sections -static --specs=nano.specs -mfpu=fpv4-sp-d16 -mfloat-abi=hard -mthumb -Wl,--start-group -lc -lm -Wl,--end-group
Finished building target: DigitalAlramProject.elf
 
arm-none-eabi-size  DigitalAlramProject.elf 
arm-none-eabi-objdump -h -S DigitalAlramProject.elf  > "DigitalAlramProject.list"
   text	   data	    bss	    dec	    hex	filename
   5988	     12	   1572	   7572	   1d94	DigitalAlramProject.elf
Finished building: default.size.stdout
 
Finished building: DigitalAlramProject.list
 
13:40:42 **** Incremental Build of configuration Debug for project DigitalAlramProject ****
make -j12 all 
arm-none-eabi-gcc "../Core/Src/main.c" -mcpu=cortex-m4 -std=gnu11 -g3 -DDEBUG -DUSE_HAL_DRIVER -DSTM32F407xx -c -I../Core/Inc -I../Drivers/STM32F4xx_HAL_Driver/Inc -I../Drivers/STM32F4xx_HAL_Driver/Inc/Legacy -I../Drivers/CMSIS/Device/ST/STM32F4xx/Include -I../Drivers/CMSIS/Include -O0 -ffunction-sections -fdata-sections -Wall -fstack-usage -fcyclomatic-complexity -MMD -MP -MF"Core/Src/main.d" -MT"Core/Src/main.o" --specs=nano.specs -mfpu=fpv4-sp-d16 -mfloat-abi=hard -mthumb -o "Core/Src/main.o"
arm-none-eabi-gcc -o "DigitalAlramProject.elf" @"objects.list"   -mcpu=cortex-m4 -T"C:\Users\ckckc\Desktop\digitalAlarmProject\DigitalAlramProject\STM32F407VETX_FLASH.ld" --specs=nosys.specs -Wl,-Map="DigitalAlramProject.map" -Wl,--gc-sections -static --specs=nano.specs -mfpu=fpv4-sp-d16 -mfloat-abi=hard -mthumb -Wl,--start-group -lc -lm -Wl,--end-group
Finished building target: DigitalAlramProject.elf
 
arm-none-eabi-size  DigitalAlramProject.elf 
arm-none-eabi-objdump -h -S DigitalAlramProject.elf  > "DigitalAlramProject.list"
   text	   data	    bss	    dec	    hex	filename
   6176	     12	   1572	   7760	   1e50	DigitalAlramProject.elf
Finished building: default.size.stdout
 
Finished building: DigitalAlramProject.list
 
13:41:15 **** Incremental Build of configuration Debug for project DigitalAlramProject ****
make -j12 all 
arm-none-eabi-gcc "../Core/Src/main.c" -mcpu=cortex-m4 -std=gnu11 -g3 -DDEBUG -DUSE_HAL_DRIVER -DSTM32F407xx -c -I../Core/Inc -I../Drivers/STM32F4xx_HAL_Driver/Inc -I../Drivers/STM32F4xx_HAL_Driver/Inc/Legacy -I../Drivers/CMSIS/Device/ST/STM32F4xx/Include -I../Drivers/CMSIS/Include -O0 -ffunction-sections -fdata-sections -Wall -fstack-usage -fcyclomatic-complexity -MMD -MP -MF"Core/Src/main.d" -MT"Core/Src/main.o" --specs=nano.specs -mfpu=fpv4-sp-d16 -mfloat-abi=hard -mthumb -o "Core/Src/main.o"
arm-none-eabi-gcc -o "DigitalAlramProject.elf" @"objects.list"   -mcpu=cortex-m4 -T"C:\Users\ckckc\Desktop\digitalAlarmProject\DigitalAlramProject\STM32F407VETX_FLASH.ld" --specs=nosys.specs -Wl,-Map="DigitalAlramProject.map" -Wl,--gc-sections -static --specs=nano.specs -mfpu=fpv4-sp-d16 -mfloat-abi=hard -mthumb -Wl,--start-group -lc -lm -Wl,--end-group
Finished building target: DigitalAlramProject.elf
 
arm-none-eabi-size  DigitalAlramProject.elf 
arm-none-eabi-objdump -h -S DigitalAlramProject.elf  > "DigitalAlramProject.list"
   text	   data	    bss	    dec	    hex	filename
   6176	     12	   1572	   7760	   1e50	DigitalAlramProject.elf
Finished building: default.size.stdout
 
Finished building: DigitalAlramProject.list
 
13:50:06 **** Incremental Build of configuration Debug for project DigitalAlramProject ****
make -j12 all 
arm-none-eabi-gcc "../Core/Src/main.c" -mcpu=cortex-m4 -std=gnu11 -g3 -DDEBUG -DUSE_HAL_DRIVER -DSTM32F407xx -c -I../Core/Inc -I../Drivers/STM32F4xx_HAL_Driver/Inc -I../Drivers/STM32F4xx_HAL_Driver/Inc/Legacy -I../Drivers/CMSIS/Device/ST/STM32F4xx/Include -I../Drivers/CMSIS/Include -O0 -ffunction-sections -fdata-sections -Wall -fstack-usage -fcyclomatic-complexity -MMD -MP -MF"Core/Src/main.d" -MT"Core/Src/main.o" --specs=nano.specs -mfpu=fpv4-sp-d16 -mfloat-abi=hard -mthumb -o "Core/Src/main.o"
arm-none-eabi-gcc -o "DigitalAlramProject.elf" @"objects.list"   -mcpu=cortex-m4 -T"C:\Users\ckckc\Desktop\digitalAlarmProject\DigitalAlramProject\STM32F407VETX_FLASH.ld" --specs=nosys.specs -Wl,-Map="DigitalAlramProject.map" -Wl,--gc-sections -static --specs=nano.specs -mfpu=fpv4-sp-d16 -mfloat-abi=hard -mthumb -Wl,--start-group -lc -lm -Wl,--end-group
Finished building target: DigitalAlramProject.elf
 
arm-none-eabi-size  DigitalAlramProject.elf 
arm-none-eabi-objdump -h -S DigitalAlramProject.elf  > "DigitalAlramProject.list"
   text	   data	    bss	    dec	    hex	filename
   6228	     12	   1572	   7812	   1e84	DigitalAlramProject.elf
Finished building: default.size.stdout
 
Finished building: DigitalAlramProject.list
 
13:56:43 **** Incremental Build of configuration Debug for project DigitalAlramProject ****
make -j12 all 
arm-none-eabi-gcc "../Core/Src/main.c" -mcpu=cortex-m4 -std=gnu11 -g3 -DDEBUG -DUSE_HAL_DRIVER -DSTM32F407xx -c -I../Core/Inc -I../Drivers/STM32F4xx_HAL_Driver/Inc -I../Drivers/STM32F4xx_HAL_Driver/Inc/Legacy -I../Drivers/CMSIS/Device/ST/STM32F4xx/Include -I../Drivers/CMSIS/Include -O0 -ffunction-sections -fdata-sections -Wall -fstack-usage -fcyclomatic-complexity -MMD -MP -MF"Core/Src/main.d" -MT"Core/Src/main.o" --specs=nano.specs -mfpu=fpv4-sp-d16 -mfloat-abi=hard -mthumb -o "Core/Src/main.o"
arm-none-eabi-gcc -o "DigitalAlramProject.elf" @"objects.list"   -mcpu=cortex-m4 -T"C:\Users\ckckc\Desktop\digitalAlarmProject\DigitalAlramProject\STM32F407VETX_FLASH.ld" --specs=nosys.specs -Wl,-Map="DigitalAlramProject.map" -Wl,--gc-sections -static --specs=nano.specs -mfpu=fpv4-sp-d16 -mfloat-abi=hard -mthumb -Wl,--start-group -lc -lm -Wl,--end-group
Finished building target: DigitalAlramProject.elf
 
arm-none-eabi-size  DigitalAlramProject.elf 
arm-none-eabi-objdump -h -S DigitalAlramProject.elf  > "DigitalAlramProject.list"
   text	   data	    bss	    dec	    hex	filename
   6248	     12	   1572	   7832	   1e98	DigitalAlramProject.elf
Finished building: default.size.stdout
 
Finished building: DigitalAlramProject.list
 
13:59:53 **** Incremental Build of configuration Debug for project DigitalAlramProject ****
make -j12 all 
arm-none-eabi-gcc "../Core/Src/main.c" -mcpu=cortex-m4 -std=gnu11 -g3 -DDEBUG -DUSE_HAL_DRIVER -DSTM32F407xx -c -I../Core/Inc -I../Drivers/STM32F4xx_HAL_Driver/Inc -I../Drivers/STM32F4xx_HAL_Driver/Inc/Legacy -I../Drivers/CMSIS/Device/ST/STM32F4xx/Include -I../Drivers/CMSIS/Include -O0 -ffunction-sections -fdata-sections -Wall -fstack-usage -fcyclomatic-complexity -MMD -MP -MF"Core/Src/main.d" -MT"Core/Src/main.o" --specs=nano.specs -mfpu=fpv4-sp-d16 -mfloat-abi=hard -mthumb -o "Core/Src/main.o"
../Core/Src/main.c: In function 'main':
../Core/Src/main.c:94:11: warning: unused variable 'start_flag' [-Wunused-variable]
   94 |   uint8_t start_flag = 0;
      |           ^~~~~~~~~~
arm-none-eabi-gcc -o "DigitalAlramProject.elf" @"objects.list"   -mcpu=cortex-m4 -T"C:\Users\ckckc\Desktop\digitalAlarmProject\DigitalAlramProject\STM32F407VETX_FLASH.ld" --specs=nosys.specs -Wl,-Map="DigitalAlramProject.map" -Wl,--gc-sections -static --specs=nano.specs -mfpu=fpv4-sp-d16 -mfloat-abi=hard -mthumb -Wl,--start-group -lc -lm -Wl,--end-group
Finished building target: DigitalAlramProject.elf
 
arm-none-eabi-size  DigitalAlramProject.elf 
arm-none-eabi-objdump -h -S DigitalAlramProject.elf  > "DigitalAlramProject.list"
   text	   data	    bss	    dec	    hex	filename
   6232	     12	   1572	   7816	   1e88	DigitalAlramProject.elf
Finished building: default.size.stdout
 
Finished building: DigitalAlramProject.list
 
14:01:48 **** Incremental Build of configuration Debug for project DigitalAlramProject ****
make -j12 all 
arm-none-eabi-gcc "../Core/Src/main.c" -mcpu=cortex-m4 -std=gnu11 -g3 -DDEBUG -DUSE_HAL_DRIVER -DSTM32F407xx -c -I../Core/Inc -I../Drivers/STM32F4xx_HAL_Driver/Inc -I../Drivers/STM32F4xx_HAL_Driver/Inc/Legacy -I../Drivers/CMSIS/Device/ST/STM32F4xx/Include -I../Drivers/CMSIS/Include -O0 -ffunction-sections -fdata-sections -Wall -fstack-usage -fcyclomatic-complexity -MMD -MP -MF"Core/Src/main.d" -MT"Core/Src/main.o" --specs=nano.specs -mfpu=fpv4-sp-d16 -mfloat-abi=hard -mthumb -o "Core/Src/main.o"
arm-none-eabi-gcc -o "DigitalAlramProject.elf" @"objects.list"   -mcpu=cortex-m4 -T"C:\Users\ckckc\Desktop\digitalAlarmProject\DigitalAlramProject\STM32F407VETX_FLASH.ld" --specs=nosys.specs -Wl,-Map="DigitalAlramProject.map" -Wl,--gc-sections -static --specs=nano.specs -mfpu=fpv4-sp-d16 -mfloat-abi=hard -mthumb -Wl,--start-group -lc -lm -Wl,--end-group
Finished building target: DigitalAlramProject.elf
 
arm-none-eabi-size  DigitalAlramProject.elf 
arm-none-eabi-objdump -h -S DigitalAlramProject.elf  > "DigitalAlramProject.list"
   text	   data	    bss	    dec	    hex	filename
   6216	     12	   1572	   7800	   1e78	DigitalAlramProject.elf
Finished building: default.size.stdout
 
Finished building: DigitalAlramProject.list
 
14:07:28 **** Incremental Build of configuration Debug for project DigitalAlramProject ****
make -j12 all 
arm-none-eabi-gcc "../Core/Src/main.c" -mcpu=cortex-m4 -std=gnu11 -g3 -DDEBUG -DUSE_HAL_DRIVER -DSTM32F407xx -c -I../Core/Inc -I../Drivers/STM32F4xx_HAL_Driver/Inc -I../Drivers/STM32F4xx_HAL_Driver/Inc/Legacy -I../Drivers/CMSIS/Device/ST/STM32F4xx/Include -I../Drivers/CMSIS/Include -O0 -ffunction-sections -fdata-sections -Wall -fstack-usage -fcyclomatic-complexity -MMD -MP -MF"Core/Src/main.d" -MT"Core/Src/main.o" --specs=nano.specs -mfpu=fpv4-sp-d16 -mfloat-abi=hard -mthumb -o "Core/Src/main.o"
arm-none-eabi-gcc -o "DigitalAlramProject.elf" @"objects.list"   -mcpu=cortex-m4 -T"C:\Users\ckckc\Desktop\digitalAlarmProject\DigitalAlramProject\STM32F407VETX_FLASH.ld" --specs=nosys.specs -Wl,-Map="DigitalAlramProject.map" -Wl,--gc-sections -static --specs=nano.specs -mfpu=fpv4-sp-d16 -mfloat-abi=hard -mthumb -Wl,--start-group -lc -lm -Wl,--end-group
Finished building target: DigitalAlramProject.elf
 
arm-none-eabi-size  DigitalAlramProject.elf 
arm-none-eabi-objdump -h -S DigitalAlramProject.elf  > "DigitalAlramProject.list"
   text	   data	    bss	    dec	    hex	filename
   6356	     12	   1572	   7940	   1f04	DigitalAlramProject.elf
Finished building: default.size.stdout
 
Finished building: DigitalAlramProject.list
 
14:07:52 **** Incremental Build of configuration Debug for project DigitalAlramProject ****
make -j12 all 
arm-none-eabi-gcc "../Core/Src/main.c" -mcpu=cortex-m4 -std=gnu11 -g3 -DDEBUG -DUSE_HAL_DRIVER -DSTM32F407xx -c -I../Core/Inc -I../Drivers/STM32F4xx_HAL_Driver/Inc -I../Drivers/STM32F4xx_HAL_Driver/Inc/Legacy -I../Drivers/CMSIS/Device/ST/STM32F4xx/Include -I../Drivers/CMSIS/Include -O0 -ffunction-sections -fdata-sections -Wall -fstack-usage -fcyclomatic-complexity -MMD -MP -MF"Core/Src/main.d" -MT"Core/Src/main.o" --specs=nano.specs -mfpu=fpv4-sp-d16 -mfloat-abi=hard -mthumb -o "Core/Src/main.o"
arm-none-eabi-gcc -o "DigitalAlramProject.elf" @"objects.list"   -mcpu=cortex-m4 -T"C:\Users\ckckc\Desktop\digitalAlarmProject\DigitalAlramProject\STM32F407VETX_FLASH.ld" --specs=nosys.specs -Wl,-Map="DigitalAlramProject.map" -Wl,--gc-sections -static --specs=nano.specs -mfpu=fpv4-sp-d16 -mfloat-abi=hard -mthumb -Wl,--start-group -lc -lm -Wl,--end-group
Finished building target: DigitalAlramProject.elf
 
arm-none-eabi-size  DigitalAlramProject.elf 
arm-none-eabi-objdump -h -S DigitalAlramProject.elf  > "DigitalAlramProject.list"
   text	   data	    bss	    dec	    hex	filename
   6368	     12	   1572	   7952	   1f10	DigitalAlramProject.elf
Finished building: default.size.stdout
 
Finished building: DigitalAlramProject.list
 
10:02:05 **** Incremental Build of configuration Debug for project DigitalAlramProject ****
make -j12 all 
arm-none-eabi-gcc "../Core/Src/btnControll.c" -mcpu=cortex-m4 -std=gnu11 -g3 -DDEBUG -DUSE_HAL_DRIVER -DSTM32F407xx -c -I../Core/Inc -I../Drivers/STM32F4xx_HAL_Driver/Inc -I../Drivers/STM32F4xx_HAL_Driver/Inc/Legacy -I../Drivers/CMSIS/Device/ST/STM32F4xx/Include -I../Drivers/CMSIS/Include -O0 -ffunction-sections -fdata-sections -Wall -fstack-usage -fcyclomatic-complexity -MMD -MP -MF"Core/Src/btnControll.d" -MT"Core/Src/btnControll.o" --specs=nano.specs -mfpu=fpv4-sp-d16 -mfloat-abi=hard -mthumb -o "Core/Src/btnControll.o"
arm-none-eabi-gcc "../Core/Src/main.c" -mcpu=cortex-m4 -std=gnu11 -g3 -DDEBUG -DUSE_HAL_DRIVER -DSTM32F407xx -c -I../Core/Inc -I../Drivers/STM32F4xx_HAL_Driver/Inc -I../Drivers/STM32F4xx_HAL_Driver/Inc/Legacy -I../Drivers/CMSIS/Device/ST/STM32F4xx/Include -I../Drivers/CMSIS/Include -O0 -ffunction-sections -fdata-sections -Wall -fstack-usage -fcyclomatic-complexity -MMD -MP -MF"Core/Src/main.d" -MT"Core/Src/main.o" --specs=nano.specs -mfpu=fpv4-sp-d16 -mfloat-abi=hard -mthumb -o "Core/Src/main.o"
arm-none-eabi-gcc "../Core/Src/stm32f4xx_hal_msp.c" -mcpu=cortex-m4 -std=gnu11 -g3 -DDEBUG -DUSE_HAL_DRIVER -DSTM32F407xx -c -I../Core/Inc -I../Drivers/STM32F4xx_HAL_Driver/Inc -I../Drivers/STM32F4xx_HAL_Driver/Inc/Legacy -I../Drivers/CMSIS/Device/ST/STM32F4xx/Include -I../Drivers/CMSIS/Include -O0 -ffunction-sections -fdata-sections -Wall -fstack-usage -fcyclomatic-complexity -MMD -MP -MF"Core/Src/stm32f4xx_hal_msp.d" -MT"Core/Src/stm32f4xx_hal_msp.o" --specs=nano.specs -mfpu=fpv4-sp-d16 -mfloat-abi=hard -mthumb -o "Core/Src/stm32f4xx_hal_msp.o"
arm-none-eabi-gcc "../Core/Src/stm32f4xx_it.c" -mcpu=cortex-m4 -std=gnu11 -g3 -DDEBUG -DUSE_HAL_DRIVER -DSTM32F407xx -c -I../Core/Inc -I../Drivers/STM32F4xx_HAL_Driver/Inc -I../Drivers/STM32F4xx_HAL_Driver/Inc/Legacy -I../Drivers/CMSIS/Device/ST/STM32F4xx/Include -I../Drivers/CMSIS/Include -O0 -ffunction-sections -fdata-sections -Wall -fstack-usage -fcyclomatic-complexity -MMD -MP -MF"Core/Src/stm32f4xx_it.d" -MT"Core/Src/stm32f4xx_it.o" --specs=nano.specs -mfpu=fpv4-sp-d16 -mfloat-abi=hard -mthumb -o "Core/Src/stm32f4xx_it.o"
arm-none-eabi-gcc "../Core/Src/syscalls.c" -mcpu=cortex-m4 -std=gnu11 -g3 -DDEBUG -DUSE_HAL_DRIVER -DSTM32F407xx -c -I../Core/Inc -I../Drivers/STM32F4xx_HAL_Driver/Inc -I../Drivers/STM32F4xx_HAL_Driver/Inc/Legacy -I../Drivers/CMSIS/Device/ST/STM32F4xx/Include -I../Drivers/CMSIS/Include -O0 -ffunction-sections -fdata-sections -Wall -fstack-usage -fcyclomatic-complexity -MMD -MP -MF"Core/Src/syscalls.d" -MT"Core/Src/syscalls.o" --specs=nano.specs -mfpu=fpv4-sp-d16 -mfloat-abi=hard -mthumb -o "Core/Src/syscalls.o"
arm-none-eabi-gcc "../Core/Src/sysmem.c" -mcpu=cortex-m4 -std=gnu11 -g3 -DDEBUG -DUSE_HAL_DRIVER -DSTM32F407xx -c -I../Core/Inc -I../Drivers/STM32F4xx_HAL_Driver/Inc -I../Drivers/STM32F4xx_HAL_Driver/Inc/Legacy -I../Drivers/CMSIS/Device/ST/STM32F4xx/Include -I../Drivers/CMSIS/Include -O0 -ffunction-sections -fdata-sections -Wall -fstack-usage -fcyclomatic-complexity -MMD -MP -MF"Core/Src/sysmem.d" -MT"Core/Src/sysmem.o" --specs=nano.specs -mfpu=fpv4-sp-d16 -mfloat-abi=hard -mthumb -o "Core/Src/sysmem.o"
arm-none-eabi-gcc "../Core/Src/system_stm32f4xx.c" -mcpu=cortex-m4 -std=gnu11 -g3 -DDEBUG -DUSE_HAL_DRIVER -DSTM32F407xx -c -I../Core/Inc -I../Drivers/STM32F4xx_HAL_Driver/Inc -I../Drivers/STM32F4xx_HAL_Driver/Inc/Legacy -I../Drivers/CMSIS/Device/ST/STM32F4xx/Include -I../Drivers/CMSIS/Include -O0 -ffunction-sections -fdata-sections -Wall -fstack-usage -fcyclomatic-complexity -MMD -MP -MF"Core/Src/system_stm32f4xx.d" -MT"Core/Src/system_stm32f4xx.o" --specs=nano.specs -mfpu=fpv4-sp-d16 -mfloat-abi=hard -mthumb -o "Core/Src/system_stm32f4xx.o"
../Core/Src/btnControll.c:9:8: error: unknown type name 'uint8_t'
    9 | static uint8_t sw1_flag = 0;
      |        ^~~~~~~
../Core/Src/btnControll.c:10:8: error: unknown type name 'uint8_t'
   10 | static uint8_t sw2_flag = 0;
      |        ^~~~~~~
../Core/Src/btnControll.c:11:8: error: unknown type name 'uint8_t'
   11 | static uint8_t sw3_flag = 0;
      |        ^~~~~~~
../Core/Src/btnControll.c: In function 'btn1RedLEDControll':
../Core/Src/btnControll.c:15:13: warning: implicit declaration of function 'HAL_GPIO_ReadPin' [-Wimplicit-function-declaration]
   15 |         if (HAL_GPIO_ReadPin(GPIOE, GPIO_PIN_3)) {
      |             ^~~~~~~~~~~~~~~~
../Core/Src/btnControll.c:15:30: error: 'GPIOE' undeclared (first use in this function)
   15 |         if (HAL_GPIO_ReadPin(GPIOE, GPIO_PIN_3)) {
      |                              ^~~~~
../Core/Src/btnControll.c:15:30: note: each undeclared identifier is reported only once for each function it appears in
../Core/Src/btnControll.c:15:37: error: 'GPIO_PIN_3' undeclared (first use in this function)
   15 |         if (HAL_GPIO_ReadPin(GPIOE, GPIO_PIN_3)) {
      |                                     ^~~~~~~~~~
../Core/Src/btnControll.c:18:46: error: 'GPIOD' undeclared (first use in this function)
   18 |                         if (HAL_GPIO_ReadPin(GPIOD, GPIO_PIN_12)) {
      |                                              ^~~~~
../Core/Src/btnControll.c:18:53: error: 'GPIO_PIN_12' undeclared (first use in this function)
   18 |                         if (HAL_GPIO_ReadPin(GPIOD, GPIO_PIN_12)) {
      |                                                     ^~~~~~~~~~~
../Core/Src/btnControll.c:19:33: warning: implicit declaration of function 'HAL_GPIO_WritePin' [-Wimplicit-function-declaration]
   19 |                                 HAL_GPIO_WritePin(GPIOD, GPIO_PIN_12, 0);
      |                                 ^~~~~~~~~~~~~~~~~
../Core/Src/btnControll.c:27:46: error: 'GPIOC' undeclared (first use in this function)
   27 |                         if (HAL_GPIO_ReadPin(GPIOC, GPIO_PIN_6)) {
      |                                              ^~~~~
../Core/Src/btnControll.c:27:53: error: 'GPIO_PIN_6' undeclared (first use in this function)
   27 |                         if (HAL_GPIO_ReadPin(GPIOC, GPIO_PIN_6)) {
      |                                                     ^~~~~~~~~~
../Core/Src/btnControll.c: In function 'btn2GreedLEDControll':
../Core/Src/btnControll.c:39:30: error: 'GPIOC' undeclared (first use in this function)
   39 |         if (HAL_GPIO_ReadPin(GPIOC, GPIO_PIN_15)) {
      |                              ^~~~~
../Core/Src/btnControll.c:39:37: error: 'GPIO_PIN_15' undeclared (first use in this function)
   39 |         if (HAL_GPIO_ReadPin(GPIOC, GPIO_PIN_15)) {
      |                                     ^~~~~~~~~~~
../Core/Src/btnControll.c:42:46: error: 'GPIOD' undeclared (first use in this function)
   42 |                         if (HAL_GPIO_ReadPin(GPIOD, GPIO_PIN_13)) {
      |                                              ^~~~~
../Core/Src/btnControll.c:42:53: error: 'GPIO_PIN_13' undeclared (first use in this function)
   42 |                         if (HAL_GPIO_ReadPin(GPIOD, GPIO_PIN_13)) {
      |                                                     ^~~~~~~~~~~
../Core/Src/btnControll.c:51:46: error: 'GPIOB' undeclared (first use in this function)
   51 |                         if (HAL_GPIO_ReadPin(GPIOB, GPIO_PIN_5)) {
      |                                              ^~~~~
../Core/Src/btnControll.c:51:53: error: 'GPIO_PIN_5' undeclared (first use in this function)
   51 |                         if (HAL_GPIO_ReadPin(GPIOB, GPIO_PIN_5)) {
      |                                                     ^~~~~~~~~~
../Core/Src/btnControll.c: In function 'btn3BlueLEDControll':
../Core/Src/btnControll.c:63:30: error: 'GPIOD' undeclared (first use in this function)
   63 |         if (HAL_GPIO_ReadPin(GPIOD, GPIO_PIN_4)) {
      |                              ^~~~~
../Core/Src/btnControll.c:63:37: error: 'GPIO_PIN_4' undeclared (first use in this function)
   63 |         if (HAL_GPIO_ReadPin(GPIOD, GPIO_PIN_4)) {
      |                                     ^~~~~~~~~~
../Core/Src/btnControll.c:66:53: error: 'GPIO_PIN_14' undeclared (first use in this function)
   66 |                         if (HAL_GPIO_ReadPin(GPIOD, GPIO_PIN_14)) {
      |                                                     ^~~~~~~~~~~
../Core/Src/btnControll.c:75:46: error: 'GPIOB' undeclared (first use in this function)
   75 |                         if (HAL_GPIO_ReadPin(GPIOB, GPIO_PIN_0)) {
      |                                              ^~~~~
../Core/Src/btnControll.c:75:53: error: 'GPIO_PIN_0' undeclared (first use in this function)
   75 |                         if (HAL_GPIO_ReadPin(GPIOB, GPIO_PIN_0)) {
      |                                                     ^~~~~~~~~~
make: *** [Core/Src/subdir.mk:37: Core/Src/btnControll.o] Error 1
make: *** Waiting for unfinished jobs....
"make -j12 all" terminated with exit code 2. Build might be incomplete.
10:02:16 **** Incremental Build of configuration Debug for project DigitalAlramProject ****
make -j12 all 
arm-none-eabi-gcc "../Core/Src/btnControll.c" -mcpu=cortex-m4 -std=gnu11 -g3 -DDEBUG -DUSE_HAL_DRIVER -DSTM32F407xx -c -I../Core/Inc -I../Drivers/STM32F4xx_HAL_Driver/Inc -I../Drivers/STM32F4xx_HAL_Driver/Inc/Legacy -I../Drivers/CMSIS/Device/ST/STM32F4xx/Include -I../Drivers/CMSIS/Include -O0 -ffunction-sections -fdata-sections -Wall -fstack-usage -fcyclomatic-complexity -MMD -MP -MF"Core/Src/btnControll.d" -MT"Core/Src/btnControll.o" --specs=nano.specs -mfpu=fpv4-sp-d16 -mfloat-abi=hard -mthumb -o "Core/Src/btnControll.o"
../Core/Src/btnControll.c:9:8: error: unknown type name 'uint8_t'
    9 | static uint8_t sw1_flag = 0;
      |        ^~~~~~~
../Core/Src/btnControll.c:10:8: error: unknown type name 'uint8_t'
   10 | static uint8_t sw2_flag = 0;
      |        ^~~~~~~
../Core/Src/btnControll.c:11:8: error: unknown type name 'uint8_t'
   11 | static uint8_t sw3_flag = 0;
      |        ^~~~~~~
../Core/Src/btnControll.c: In function 'btn1RedLEDControll':
../Core/Src/btnControll.c:15:13: warning: implicit declaration of function 'HAL_GPIO_ReadPin' [-Wimplicit-function-declaration]
   15 |         if (HAL_GPIO_ReadPin(GPIOE, GPIO_PIN_3)) {
      |             ^~~~~~~~~~~~~~~~
../Core/Src/btnControll.c:15:30: error: 'GPIOE' undeclared (first use in this function)
   15 |         if (HAL_GPIO_ReadPin(GPIOE, GPIO_PIN_3)) {
      |                              ^~~~~
../Core/Src/btnControll.c:15:30: note: each undeclared identifier is reported only once for each function it appears in
../Core/Src/btnControll.c:15:37: error: 'GPIO_PIN_3' undeclared (first use in this function)
   15 |         if (HAL_GPIO_ReadPin(GPIOE, GPIO_PIN_3)) {
      |                                     ^~~~~~~~~~
../Core/Src/btnControll.c:18:46: error: 'GPIOD' undeclared (first use in this function)
   18 |                         if (HAL_GPIO_ReadPin(GPIOD, GPIO_PIN_12)) {
      |                                              ^~~~~
../Core/Src/btnControll.c:18:53: error: 'GPIO_PIN_12' undeclared (first use in this function)
   18 |                         if (HAL_GPIO_ReadPin(GPIOD, GPIO_PIN_12)) {
      |                                                     ^~~~~~~~~~~
../Core/Src/btnControll.c:19:33: warning: implicit declaration of function 'HAL_GPIO_WritePin' [-Wimplicit-function-declaration]
   19 |                                 HAL_GPIO_WritePin(GPIOD, GPIO_PIN_12, 0);
      |                                 ^~~~~~~~~~~~~~~~~
../Core/Src/btnControll.c:27:46: error: 'GPIOC' undeclared (first use in this function)
   27 |                         if (HAL_GPIO_ReadPin(GPIOC, GPIO_PIN_6)) {
      |                                              ^~~~~
../Core/Src/btnControll.c:27:53: error: 'GPIO_PIN_6' undeclared (first use in this function)
   27 |                         if (HAL_GPIO_ReadPin(GPIOC, GPIO_PIN_6)) {
      |                                                     ^~~~~~~~~~
../Core/Src/btnControll.c: In function 'btn2GreedLEDControll':
../Core/Src/btnControll.c:39:30: error: 'GPIOC' undeclared (first use in this function)
   39 |         if (HAL_GPIO_ReadPin(GPIOC, GPIO_PIN_15)) {
      |                              ^~~~~
../Core/Src/btnControll.c:39:37: error: 'GPIO_PIN_15' undeclared (first use in this function)
   39 |         if (HAL_GPIO_ReadPin(GPIOC, GPIO_PIN_15)) {
      |                                     ^~~~~~~~~~~
../Core/Src/btnControll.c:42:46: error: 'GPIOD' undeclared (first use in this function)
   42 |                         if (HAL_GPIO_ReadPin(GPIOD, GPIO_PIN_13)) {
      |                                              ^~~~~
../Core/Src/btnControll.c:42:53: error: 'GPIO_PIN_13' undeclared (first use in this function)
   42 |                         if (HAL_GPIO_ReadPin(GPIOD, GPIO_PIN_13)) {
      |                                                     ^~~~~~~~~~~
../Core/Src/btnControll.c:51:46: error: 'GPIOB' undeclared (first use in this function)
   51 |                         if (HAL_GPIO_ReadPin(GPIOB, GPIO_PIN_5)) {
      |                                              ^~~~~
../Core/Src/btnControll.c:51:53: error: 'GPIO_PIN_5' undeclared (first use in this function)
   51 |                         if (HAL_GPIO_ReadPin(GPIOB, GPIO_PIN_5)) {
      |                                                     ^~~~~~~~~~
../Core/Src/btnControll.c: In function 'btn3BlueLEDControll':
../Core/Src/btnControll.c:63:30: error: 'GPIOD' undeclared (first use in this function)
   63 |         if (HAL_GPIO_ReadPin(GPIOD, GPIO_PIN_4)) {
      |                              ^~~~~
../Core/Src/btnControll.c:63:37: error: 'GPIO_PIN_4' undeclared (first use in this function)
   63 |         if (HAL_GPIO_ReadPin(GPIOD, GPIO_PIN_4)) {
      |                                     ^~~~~~~~~~
../Core/Src/btnControll.c:66:53: error: 'GPIO_PIN_14' undeclared (first use in this function)
   66 |                         if (HAL_GPIO_ReadPin(GPIOD, GPIO_PIN_14)) {
      |                                                     ^~~~~~~~~~~
../Core/Src/btnControll.c:75:46: error: 'GPIOB' undeclared (first use in this function)
   75 |                         if (HAL_GPIO_ReadPin(GPIOB, GPIO_PIN_0)) {
      |                                              ^~~~~
../Core/Src/btnControll.c:75:53: error: 'GPIO_PIN_0' undeclared (first use in this function)
   75 |                         if (HAL_GPIO_ReadPin(GPIOB, GPIO_PIN_0)) {
      |                                                     ^~~~~~~~~~
make: *** [Core/Src/subdir.mk:37: Core/Src/btnControll.o] Error 1
"make -j12 all" terminated with exit code 2. Build might be incomplete.
10:03:21 **** Incremental Build of configuration Debug for project DigitalAlramProject ****
make -j12 all 
arm-none-eabi-gcc "../Core/Src/btnControll.c" -mcpu=cortex-m4 -std=gnu11 -g3 -DDEBUG -DUSE_HAL_DRIVER -DSTM32F407xx -c -I../Core/Inc -I../Drivers/STM32F4xx_HAL_Driver/Inc -I../Drivers/STM32F4xx_HAL_Driver/Inc/Legacy -I../Drivers/CMSIS/Device/ST/STM32F4xx/Include -I../Drivers/CMSIS/Include -O0 -ffunction-sections -fdata-sections -Wall -fstack-usage -fcyclomatic-complexity -MMD -MP -MF"Core/Src/btnControll.d" -MT"Core/Src/btnControll.o" --specs=nano.specs -mfpu=fpv4-sp-d16 -mfloat-abi=hard -mthumb -o "Core/Src/btnControll.o"
arm-none-eabi-gcc "../Core/Src/main.c" -mcpu=cortex-m4 -std=gnu11 -g3 -DDEBUG -DUSE_HAL_DRIVER -DSTM32F407xx -c -I../Core/Inc -I../Drivers/STM32F4xx_HAL_Driver/Inc -I../Drivers/STM32F4xx_HAL_Driver/Inc/Legacy -I../Drivers/CMSIS/Device/ST/STM32F4xx/Include -I../Drivers/CMSIS/Include -O0 -ffunction-sections -fdata-sections -Wall -fstack-usage -fcyclomatic-complexity -MMD -MP -MF"Core/Src/main.d" -MT"Core/Src/main.o" --specs=nano.specs -mfpu=fpv4-sp-d16 -mfloat-abi=hard -mthumb -o "Core/Src/main.o"
arm-none-eabi-gcc -o "DigitalAlramProject.elf" @"objects.list"   -mcpu=cortex-m4 -T"C:\Users\ckckc\Desktop\digitalAlarmProject\DigitalAlramProject\STM32F407VETX_FLASH.ld" --specs=nosys.specs -Wl,-Map="DigitalAlramProject.map" -Wl,--gc-sections -static --specs=nano.specs -mfpu=fpv4-sp-d16 -mfloat-abi=hard -mthumb -Wl,--start-group -lc -lm -Wl,--end-group
Finished building target: DigitalAlramProject.elf
 
arm-none-eabi-size  DigitalAlramProject.elf 
arm-none-eabi-objdump -h -S DigitalAlramProject.elf  > "DigitalAlramProject.list"
   text	   data	    bss	    dec	    hex	filename
   6448	     12	   1572	   8032	   1f60	DigitalAlramProject.elf
Finished building: default.size.stdout
 
Finished building: DigitalAlramProject.list
 
10:25:12 **** Incremental Build of configuration Debug for project DigitalAlramProject ****
make -j12 all 
arm-none-eabi-gcc "../Core/Src/btnControll.c" -mcpu=cortex-m4 -std=gnu11 -g3 -DDEBUG -DUSE_HAL_DRIVER -DSTM32F407xx -c -I../Core/Inc -I../Drivers/STM32F4xx_HAL_Driver/Inc -I../Drivers/STM32F4xx_HAL_Driver/Inc/Legacy -I../Drivers/CMSIS/Device/ST/STM32F4xx/Include -I../Drivers/CMSIS/Include -O0 -ffunction-sections -fdata-sections -Wall -fstack-usage -fcyclomatic-complexity -MMD -MP -MF"Core/Src/btnControll.d" -MT"Core/Src/btnControll.o" --specs=nano.specs -mfpu=fpv4-sp-d16 -mfloat-abi=hard -mthumb -o "Core/Src/btnControll.o"
arm-none-eabi-gcc "../Core/Src/main.c" -mcpu=cortex-m4 -std=gnu11 -g3 -DDEBUG -DUSE_HAL_DRIVER -DSTM32F407xx -c -I../Core/Inc -I../Drivers/STM32F4xx_HAL_Driver/Inc -I../Drivers/STM32F4xx_HAL_Driver/Inc/Legacy -I../Drivers/CMSIS/Device/ST/STM32F4xx/Include -I../Drivers/CMSIS/Include -O0 -ffunction-sections -fdata-sections -Wall -fstack-usage -fcyclomatic-complexity -MMD -MP -MF"Core/Src/main.d" -MT"Core/Src/main.o" --specs=nano.specs -mfpu=fpv4-sp-d16 -mfloat-abi=hard -mthumb -o "Core/Src/main.o"
arm-none-eabi-gcc -o "DigitalAlramProject.elf" @"objects.list"   -mcpu=cortex-m4 -T"C:\Users\ckckc\Desktop\digitalAlarmProject\DigitalAlramProject\STM32F407VETX_FLASH.ld" --specs=nosys.specs -Wl,-Map="DigitalAlramProject.map" -Wl,--gc-sections -static --specs=nano.specs -mfpu=fpv4-sp-d16 -mfloat-abi=hard -mthumb -Wl,--start-group -lc -lm -Wl,--end-group
Finished building target: DigitalAlramProject.elf
 
arm-none-eabi-size  DigitalAlramProject.elf 
arm-none-eabi-objdump -h -S DigitalAlramProject.elf  > "DigitalAlramProject.list"
   text	   data	    bss	    dec	    hex	filename
   5948	     12	   1572	   7532	   1d6c	DigitalAlramProject.elf
Finished building: default.size.stdout
 
Finished building: DigitalAlramProject.list
 
10:29:30 **** Incremental Build of configuration Debug for project DigitalAlramProject ****
make -j12 all 
arm-none-eabi-gcc "../Core/Src/btnControll.c" -mcpu=cortex-m4 -std=gnu11 -g3 -DDEBUG -DUSE_HAL_DRIVER -DSTM32F407xx -c -I../Core/Inc -I../Drivers/STM32F4xx_HAL_Driver/Inc -I../Drivers/STM32F4xx_HAL_Driver/Inc/Legacy -I../Drivers/CMSIS/Device/ST/STM32F4xx/Include -I../Drivers/CMSIS/Include -O0 -ffunction-sections -fdata-sections -Wall -fstack-usage -fcyclomatic-complexity -MMD -MP -MF"Core/Src/btnControll.d" -MT"Core/Src/btnControll.o" --specs=nano.specs -mfpu=fpv4-sp-d16 -mfloat-abi=hard -mthumb -o "Core/Src/btnControll.o"
arm-none-eabi-gcc "../Core/Src/main.c" -mcpu=cortex-m4 -std=gnu11 -g3 -DDEBUG -DUSE_HAL_DRIVER -DSTM32F407xx -c -I../Core/Inc -I../Drivers/STM32F4xx_HAL_Driver/Inc -I../Drivers/STM32F4xx_HAL_Driver/Inc/Legacy -I../Drivers/CMSIS/Device/ST/STM32F4xx/Include -I../Drivers/CMSIS/Include -O0 -ffunction-sections -fdata-sections -Wall -fstack-usage -fcyclomatic-complexity -MMD -MP -MF"Core/Src/main.d" -MT"Core/Src/main.o" --specs=nano.specs -mfpu=fpv4-sp-d16 -mfloat-abi=hard -mthumb -o "Core/Src/main.o"
arm-none-eabi-gcc -o "DigitalAlramProject.elf" @"objects.list"   -mcpu=cortex-m4 -T"C:\Users\ckckc\Desktop\digitalAlarmProject\DigitalAlramProject\STM32F407VETX_FLASH.ld" --specs=nosys.specs -Wl,-Map="DigitalAlramProject.map" -Wl,--gc-sections -static --specs=nano.specs -mfpu=fpv4-sp-d16 -mfloat-abi=hard -mthumb -Wl,--start-group -lc -lm -Wl,--end-group
Finished building target: DigitalAlramProject.elf
 
arm-none-eabi-size  DigitalAlramProject.elf 
arm-none-eabi-objdump -h -S DigitalAlramProject.elf  > "DigitalAlramProject.list"
   text	   data	    bss	    dec	    hex	filename
   5948	     12	   1572	   7532	   1d6c	DigitalAlramProject.elf
Finished building: default.size.stdout
 
Finished building: DigitalAlramProject.list
 
10:30:45 **** Incremental Build of configuration Debug for project DigitalAlramProject ****
make -j12 all 
arm-none-eabi-gcc "../Core/Src/btnControll.c" -mcpu=cortex-m4 -std=gnu11 -g3 -DDEBUG -DUSE_HAL_DRIVER -DSTM32F407xx -c -I../Core/Inc -I../Drivers/STM32F4xx_HAL_Driver/Inc -I../Drivers/STM32F4xx_HAL_Driver/Inc/Legacy -I../Drivers/CMSIS/Device/ST/STM32F4xx/Include -I../Drivers/CMSIS/Include -O0 -ffunction-sections -fdata-sections -Wall -fstack-usage -fcyclomatic-complexity -MMD -MP -MF"Core/Src/btnControll.d" -MT"Core/Src/btnControll.o" --specs=nano.specs -mfpu=fpv4-sp-d16 -mfloat-abi=hard -mthumb -o "Core/Src/btnControll.o"
arm-none-eabi-gcc -o "DigitalAlramProject.elf" @"objects.list"   -mcpu=cortex-m4 -T"C:\Users\ckckc\Desktop\digitalAlarmProject\DigitalAlramProject\STM32F407VETX_FLASH.ld" --specs=nosys.specs -Wl,-Map="DigitalAlramProject.map" -Wl,--gc-sections -static --specs=nano.specs -mfpu=fpv4-sp-d16 -mfloat-abi=hard -mthumb -Wl,--start-group -lc -lm -Wl,--end-group
Finished building target: DigitalAlramProject.elf
 
arm-none-eabi-size  DigitalAlramProject.elf 
arm-none-eabi-objdump -h -S DigitalAlramProject.elf  > "DigitalAlramProject.list"
   text	   data	    bss	    dec	    hex	filename
   5948	     12	   1572	   7532	   1d6c	DigitalAlramProject.elf
Finished building: default.size.stdout
 
Finished building: DigitalAlramProject.list
 
10:31:13 **** Incremental Build of configuration Debug for project DigitalAlramProject ****
make -j12 all 
arm-none-eabi-gcc "../Core/Src/main.c" -mcpu=cortex-m4 -std=gnu11 -g3 -DDEBUG -DUSE_HAL_DRIVER -DSTM32F407xx -c -I../Core/Inc -I../Drivers/STM32F4xx_HAL_Driver/Inc -I../Drivers/STM32F4xx_HAL_Driver/Inc/Legacy -I../Drivers/CMSIS/Device/ST/STM32F4xx/Include -I../Drivers/CMSIS/Include -O0 -ffunction-sections -fdata-sections -Wall -fstack-usage -fcyclomatic-complexity -MMD -MP -MF"Core/Src/main.d" -MT"Core/Src/main.o" --specs=nano.specs -mfpu=fpv4-sp-d16 -mfloat-abi=hard -mthumb -o "Core/Src/main.o"
arm-none-eabi-gcc -o "DigitalAlramProject.elf" @"objects.list"   -mcpu=cortex-m4 -T"C:\Users\ckckc\Desktop\digitalAlarmProject\DigitalAlramProject\STM32F407VETX_FLASH.ld" --specs=nosys.specs -Wl,-Map="DigitalAlramProject.map" -Wl,--gc-sections -static --specs=nano.specs -mfpu=fpv4-sp-d16 -mfloat-abi=hard -mthumb -Wl,--start-group -lc -lm -Wl,--end-group
Finished building target: DigitalAlramProject.elf
 
arm-none-eabi-size  DigitalAlramProject.elf 
arm-none-eabi-objdump -h -S DigitalAlramProject.elf  > "DigitalAlramProject.list"
   text	   data	    bss	    dec	    hex	filename
   6248	     12	   1572	   7832	   1e98	DigitalAlramProject.elf
Finished building: default.size.stdout
 
Finished building: DigitalAlramProject.list
 
10:32:26 **** Incremental Build of configuration Debug for project DigitalAlramProject ****
make -j12 all 
arm-none-eabi-gcc "../Core/Src/btnControll.c" -mcpu=cortex-m4 -std=gnu11 -g3 -DDEBUG -DUSE_HAL_DRIVER -DSTM32F407xx -c -I../Core/Inc -I../Drivers/STM32F4xx_HAL_Driver/Inc -I../Drivers/STM32F4xx_HAL_Driver/Inc/Legacy -I../Drivers/CMSIS/Device/ST/STM32F4xx/Include -I../Drivers/CMSIS/Include -O0 -ffunction-sections -fdata-sections -Wall -fstack-usage -fcyclomatic-complexity -MMD -MP -MF"Core/Src/btnControll.d" -MT"Core/Src/btnControll.o" --specs=nano.specs -mfpu=fpv4-sp-d16 -mfloat-abi=hard -mthumb -o "Core/Src/btnControll.o"
arm-none-eabi-gcc -o "DigitalAlramProject.elf" @"objects.list"   -mcpu=cortex-m4 -T"C:\Users\ckckc\Desktop\digitalAlarmProject\DigitalAlramProject\STM32F407VETX_FLASH.ld" --specs=nosys.specs -Wl,-Map="DigitalAlramProject.map" -Wl,--gc-sections -static --specs=nano.specs -mfpu=fpv4-sp-d16 -mfloat-abi=hard -mthumb -Wl,--start-group -lc -lm -Wl,--end-group
Finished building target: DigitalAlramProject.elf
 
arm-none-eabi-size  DigitalAlramProject.elf 
arm-none-eabi-objdump -h -S DigitalAlramProject.elf  > "DigitalAlramProject.list"
   text	   data	    bss	    dec	    hex	filename
   6280	     12	   1572	   7864	   1eb8	DigitalAlramProject.elf
Finished building: default.size.stdout
 
Finished building: DigitalAlramProject.list
 
10:34:04 **** Incremental Build of configuration Debug for project DigitalAlramProject ****
make -j12 all 
arm-none-eabi-gcc "../Core/Src/btnControll.c" -mcpu=cortex-m4 -std=gnu11 -g3 -DDEBUG -DUSE_HAL_DRIVER -DSTM32F407xx -c -I../Core/Inc -I../Drivers/STM32F4xx_HAL_Driver/Inc -I../Drivers/STM32F4xx_HAL_Driver/Inc/Legacy -I../Drivers/CMSIS/Device/ST/STM32F4xx/Include -I../Drivers/CMSIS/Include -O0 -ffunction-sections -fdata-sections -Wall -fstack-usage -fcyclomatic-complexity -MMD -MP -MF"Core/Src/btnControll.d" -MT"Core/Src/btnControll.o" --specs=nano.specs -mfpu=fpv4-sp-d16 -mfloat-abi=hard -mthumb -o "Core/Src/btnControll.o"
arm-none-eabi-gcc "../Core/Src/main.c" -mcpu=cortex-m4 -std=gnu11 -g3 -DDEBUG -DUSE_HAL_DRIVER -DSTM32F407xx -c -I../Core/Inc -I../Drivers/STM32F4xx_HAL_Driver/Inc -I../Drivers/STM32F4xx_HAL_Driver/Inc/Legacy -I../Drivers/CMSIS/Device/ST/STM32F4xx/Include -I../Drivers/CMSIS/Include -O0 -ffunction-sections -fdata-sections -Wall -fstack-usage -fcyclomatic-complexity -MMD -MP -MF"Core/Src/main.d" -MT"Core/Src/main.o" --specs=nano.specs -mfpu=fpv4-sp-d16 -mfloat-abi=hard -mthumb -o "Core/Src/main.o"
arm-none-eabi-gcc -o "DigitalAlramProject.elf" @"objects.list"   -mcpu=cortex-m4 -T"C:\Users\ckckc\Desktop\digitalAlarmProject\DigitalAlramProject\STM32F407VETX_FLASH.ld" --specs=nosys.specs -Wl,-Map="DigitalAlramProject.map" -Wl,--gc-sections -static --specs=nano.specs -mfpu=fpv4-sp-d16 -mfloat-abi=hard -mthumb -Wl,--start-group -lc -lm -Wl,--end-group
Finished building target: DigitalAlramProject.elf
 
arm-none-eabi-size  DigitalAlramProject.elf 
arm-none-eabi-objdump -h -S DigitalAlramProject.elf  > "DigitalAlramProject.list"
   text	   data	    bss	    dec	    hex	filename
   6320	     12	   1572	   7904	   1ee0	DigitalAlramProject.elf
Finished building: default.size.stdout
 
Finished building: DigitalAlramProject.list
 
10:34:31 **** Incremental Build of configuration Debug for project DigitalAlramProject ****
make -j12 all 
arm-none-eabi-gcc "../Core/Src/btnControll.c" -mcpu=cortex-m4 -std=gnu11 -g3 -DDEBUG -DUSE_HAL_DRIVER -DSTM32F407xx -c -I../Core/Inc -I../Drivers/STM32F4xx_HAL_Driver/Inc -I../Drivers/STM32F4xx_HAL_Driver/Inc/Legacy -I../Drivers/CMSIS/Device/ST/STM32F4xx/Include -I../Drivers/CMSIS/Include -O0 -ffunction-sections -fdata-sections -Wall -fstack-usage -fcyclomatic-complexity -MMD -MP -MF"Core/Src/btnControll.d" -MT"Core/Src/btnControll.o" --specs=nano.specs -mfpu=fpv4-sp-d16 -mfloat-abi=hard -mthumb -o "Core/Src/btnControll.o"
arm-none-eabi-gcc -o "DigitalAlramProject.elf" @"objects.list"   -mcpu=cortex-m4 -T"C:\Users\ckckc\Desktop\digitalAlarmProject\DigitalAlramProject\STM32F407VETX_FLASH.ld" --specs=nosys.specs -Wl,-Map="DigitalAlramProject.map" -Wl,--gc-sections -static --specs=nano.specs -mfpu=fpv4-sp-d16 -mfloat-abi=hard -mthumb -Wl,--start-group -lc -lm -Wl,--end-group
Finished building target: DigitalAlramProject.elf
 
arm-none-eabi-size  DigitalAlramProject.elf 
arm-none-eabi-objdump -h -S DigitalAlramProject.elf  > "DigitalAlramProject.list"
   text	   data	    bss	    dec	    hex	filename
   6320	     12	   1572	   7904	   1ee0	DigitalAlramProject.elf
Finished building: default.size.stdout
 
Finished building: DigitalAlramProject.list
 
10:34:42 **** Incremental Build of configuration Debug for project DigitalAlramProject ****
make -j12 all 
arm-none-eabi-size  DigitalAlramProject.elf 
   text	   data	    bss	    dec	    hex	filename
   6320	     12	   1572	   7904	   1ee0	DigitalAlramProject.elf
Finished building: default.size.stdout
 
10:36:04 **** Incremental Build of configuration Debug for project DigitalAlramProject ****
make -j12 all 
arm-none-eabi-gcc "../Core/Src/btnControll.c" -mcpu=cortex-m4 -std=gnu11 -g3 -DDEBUG -DUSE_HAL_DRIVER -DSTM32F407xx -c -I../Core/Inc -I../Drivers/STM32F4xx_HAL_Driver/Inc -I../Drivers/STM32F4xx_HAL_Driver/Inc/Legacy -I../Drivers/CMSIS/Device/ST/STM32F4xx/Include -I../Drivers/CMSIS/Include -O0 -ffunction-sections -fdata-sections -Wall -fstack-usage -fcyclomatic-complexity -MMD -MP -MF"Core/Src/btnControll.d" -MT"Core/Src/btnControll.o" --specs=nano.specs -mfpu=fpv4-sp-d16 -mfloat-abi=hard -mthumb -o "Core/Src/btnControll.o"
arm-none-eabi-gcc -o "DigitalAlramProject.elf" @"objects.list"   -mcpu=cortex-m4 -T"C:\Users\ckckc\Desktop\digitalAlarmProject\DigitalAlramProject\STM32F407VETX_FLASH.ld" --specs=nosys.specs -Wl,-Map="DigitalAlramProject.map" -Wl,--gc-sections -static --specs=nano.specs -mfpu=fpv4-sp-d16 -mfloat-abi=hard -mthumb -Wl,--start-group -lc -lm -Wl,--end-group
Finished building target: DigitalAlramProject.elf
 
arm-none-eabi-size  DigitalAlramProject.elf 
arm-none-eabi-objdump -h -S DigitalAlramProject.elf  > "DigitalAlramProject.list"
   text	   data	    bss	    dec	    hex	filename
   6320	     12	   1572	   7904	   1ee0	DigitalAlramProject.elf
Finished building: default.size.stdout
 
Finished building: DigitalAlramProject.list
 
10:36:16 **** Incremental Build of configuration Debug for project DigitalAlramProject ****
make -j12 all 
arm-none-eabi-size  DigitalAlramProject.elf 
   text	   data	    bss	    dec	    hex	filename
   6320	     12	   1572	   7904	   1ee0	DigitalAlramProject.elf
Finished building: default.size.stdout
 
10:38:39 **** Incremental Build of configuration Debug for project DigitalAlramProject ****
make -j12 all 
arm-none-eabi-gcc "../Core/Src/btnControll.c" -mcpu=cortex-m4 -std=gnu11 -g3 -DDEBUG -DUSE_HAL_DRIVER -DSTM32F407xx -c -I../Core/Inc -I../Drivers/STM32F4xx_HAL_Driver/Inc -I../Drivers/STM32F4xx_HAL_Driver/Inc/Legacy -I../Drivers/CMSIS/Device/ST/STM32F4xx/Include -I../Drivers/CMSIS/Include -O0 -ffunction-sections -fdata-sections -Wall -fstack-usage -fcyclomatic-complexity -MMD -MP -MF"Core/Src/btnControll.d" -MT"Core/Src/btnControll.o" --specs=nano.specs -mfpu=fpv4-sp-d16 -mfloat-abi=hard -mthumb -o "Core/Src/btnControll.o"
arm-none-eabi-gcc -o "DigitalAlramProject.elf" @"objects.list"   -mcpu=cortex-m4 -T"C:\Users\ckckc\Desktop\digitalAlarmProject\DigitalAlramProject\STM32F407VETX_FLASH.ld" --specs=nosys.specs -Wl,-Map="DigitalAlramProject.map" -Wl,--gc-sections -static --specs=nano.specs -mfpu=fpv4-sp-d16 -mfloat-abi=hard -mthumb -Wl,--start-group -lc -lm -Wl,--end-group
Finished building target: DigitalAlramProject.elf
 
arm-none-eabi-size  DigitalAlramProject.elf 
arm-none-eabi-objdump -h -S DigitalAlramProject.elf  > "DigitalAlramProject.list"
   text	   data	    bss	    dec	    hex	filename
   6320	     12	   1572	   7904	   1ee0	DigitalAlramProject.elf
Finished building: default.size.stdout
 
Finished building: DigitalAlramProject.list
 
10:46:43 **** Incremental Build of configuration Debug for project DigitalAlramProject ****
[...]
      |                  ^
../Core/Src/swControll.c:35:41: warning: pointer targets in passing argument 3 of 'CLCD_Puts' differ in signedness [-Wpointer-sign]
   35 |                         CLCD_Puts(0, 1, "SHORT RELEASE");
      |                                         ^~~~~~~~~~~~~~~
      |                                         |
      |                                         char *
In file included from ../Core/Inc/swControll.h:14:
../Core/Inc/CLCD.h:57:65: note: expected 'unsigned char *' but argument is of type 'char *'
   57 | void CLCD_Puts(unsigned char x, unsigned char y, unsigned char *str);
      |                                                  ~~~~~~~~~~~~~~~^~~
../Core/Src/swControll.c:38:41: warning: pointer targets in passing argument 3 of 'CLCD_Puts' differ in signedness [-Wpointer-sign]
   38 |                         CLCD_Puts(0, 1, "MID RELEASE");
      |                                         ^~~~~~~~~~~~~
      |                                         |
      |                                         char *
../Core/Inc/CLCD.h:57:65: note: expected 'unsigned char *' but argument is of type 'char *'
   57 | void CLCD_Puts(unsigned char x, unsigned char y, unsigned char *str);
      |                                                  ~~~~~~~~~~~~~~~^~~
../Core/Src/swControll.c:41:41: warning: pointer targets in passing argument 3 of 'CLCD_Puts' differ in signedness [-Wpointer-sign]
   41 |                         CLCD_Puts(0, 1, "LONG RELEASE");
      |                                         ^~~~~~~~~~~~~~
      |                                         |
      |                                         char *
../Core/Inc/CLCD.h:57:65: note: expected 'unsigned char *' but argument is of type 'char *'
   57 | void CLCD_Puts(unsigned char x, unsigned char y, unsigned char *str);
      |                                                  ~~~~~~~~~~~~~~~^~~
arm-none-eabi-gcc -o "DigitalAlramProject.elf" @"objects.list"   -mcpu=cortex-m4 -T"C:\Users\ckckc\Desktop\digitalAlarmProject\DigitalAlramProject\STM32F407VETX_FLASH.ld" --specs=nosys.specs -Wl,-Map="DigitalAlramProject.map" -Wl,--gc-sections -static --specs=nano.specs -mfpu=fpv4-sp-d16 -mfloat-abi=hard -mthumb -Wl,--start-group -lc -lm -Wl,--end-group
Finished building target: DigitalAlramProject.elf
 
arm-none-eabi-size  DigitalAlramProject.elf 
arm-none-eabi-objdump -h -S DigitalAlramProject.elf  > "DigitalAlramProject.list"
   text	   data	    bss	    dec	    hex	filename
  21544	    280	   2104	  23928	   5d78	DigitalAlramProject.elf
Finished building: default.size.stdout
 
Finished building: DigitalAlramProject.list
 
22:24:51 **** Incremental Build of configuration Debug for project DigitalAlramProject ****
make -j12 all 
arm-none-eabi-gcc "../Core/Src/swControll.c" -mcpu=cortex-m4 -std=gnu11 -g3 -DDEBUG -DUSE_HAL_DRIVER -DSTM32F407xx -c -I../Core/Inc -I../Drivers/STM32F4xx_HAL_Driver/Inc -I../Drivers/STM32F4xx_HAL_Driver/Inc/Legacy -I../Drivers/CMSIS/Device/ST/STM32F4xx/Include -I../Drivers/CMSIS/Include -O0 -ffunction-sections -fdata-sections -Wall -fstack-usage -fcyclomatic-complexity -MMD -MP -MF"Core/Src/swControll.d" -MT"Core/Src/swControll.o" --specs=nano.specs -mfpu=fpv4-sp-d16 -mfloat-abi=hard -mthumb -o "Core/Src/swControll.o"
../Core/Src/swControll.c: In function 'sw1Controll':
../Core/Src/swControll.c:29:28: warning: pointer targets in passing argument 1 of 'sprintf' differ in signedness [-Wpointer-sign]
   29 |                 sprintf(pe3.buffer, "% -d   %d  %d", pe3.pressCnt, MID_PRESS, LONG_PRESS);
      |                         ~~~^~~~~~~
      |                            |
      |                            uint8_t * {aka unsigned char *}
In file included from ../Core/Inc/swControll.h:11,
                 from ../Core/Src/swControll.c:7:
D:\ST\STM32CubeIDE_1.15.1\STM32CubeIDE\plugins\com.st.stm32cube.ide.mcu.externaltools.gnu-tools-for-stm32.12.3.rel1.win32_1.0.100.202403111256\tools\bin/../lib/gcc/arm-none-eabi/12.3.1/../../../../arm-none-eabi/include/stdio.h:250:18: note: expected 'char * restrict' but argument is of type 'uint8_t *' {aka 'unsigned char *'}
  250 | int     sprintf (char *__restrict, const char *__restrict, ...)
      |                  ^
../Core/Src/swControll.c:35:41: warning: pointer targets in passing argument 3 of 'CLCD_Puts' differ in signedness [-Wpointer-sign]
   35 |                         CLCD_Puts(0, 1, "SHORT RELEASE");
      |                                         ^~~~~~~~~~~~~~~
      |                                         |
      |                                         char *
In file included from ../Core/Inc/swControll.h:14:
../Core/Inc/CLCD.h:57:65: note: expected 'unsigned char *' but argument is of type 'char *'
   57 | void CLCD_Puts(unsigned char x, unsigned char y, unsigned char *str);
      |                                                  ~~~~~~~~~~~~~~~^~~
../Core/Src/swControll.c:38:41: warning: pointer targets in passing argument 3 of 'CLCD_Puts' differ in signedness [-Wpointer-sign]
   38 |                         CLCD_Puts(0, 1, "MID RELEASE");
      |                                         ^~~~~~~~~~~~~
      |                                         |
      |                                         char *
../Core/Inc/CLCD.h:57:65: note: expected 'unsigned char *' but argument is of type 'char *'
   57 | void CLCD_Puts(unsigned char x, unsigned char y, unsigned char *str);
      |                                                  ~~~~~~~~~~~~~~~^~~
../Core/Src/swControll.c:41:41: warning: pointer targets in passing argument 3 of 'CLCD_Puts' differ in signedness [-Wpointer-sign]
   41 |                         CLCD_Puts(0, 1, "LONG RELEASE");
      |                                         ^~~~~~~~~~~~~~
      |                                         |
      |                                         char *
../Core/Inc/CLCD.h:57:65: note: expected 'unsigned char *' but argument is of type 'char *'
   57 | void CLCD_Puts(unsigned char x, unsigned char y, unsigned char *str);
      |                                                  ~~~~~~~~~~~~~~~^~~
arm-none-eabi-gcc -o "DigitalAlramProject.elf" @"objects.list"   -mcpu=cortex-m4 -T"C:\Users\ckckc\Desktop\digitalAlarmProject\DigitalAlramProject\STM32F407VETX_FLASH.ld" --specs=nosys.specs -Wl,-Map="DigitalAlramProject.map" -Wl,--gc-sections -static --specs=nano.specs -mfpu=fpv4-sp-d16 -mfloat-abi=hard -mthumb -Wl,--start-group -lc -lm -Wl,--end-group
Finished building target: DigitalAlramProject.elf
 
arm-none-eabi-size  DigitalAlramProject.elf 
arm-none-eabi-objdump -h -S DigitalAlramProject.elf  > "DigitalAlramProject.list"
   text	   data	    bss	    dec	    hex	filename
  21544	    280	   2104	  23928	   5d78	DigitalAlramProject.elf
Finished building: default.size.stdout
 
Finished building: DigitalAlramProject.list
 
22:25:25 **** Incremental Build of configuration Debug for project DigitalAlramProject ****
make -j12 all 
arm-none-eabi-gcc "../Core/Src/swControll.c" -mcpu=cortex-m4 -std=gnu11 -g3 -DDEBUG -DUSE_HAL_DRIVER -DSTM32F407xx -c -I../Core/Inc -I../Drivers/STM32F4xx_HAL_Driver/Inc -I../Drivers/STM32F4xx_HAL_Driver/Inc/Legacy -I../Drivers/CMSIS/Device/ST/STM32F4xx/Include -I../Drivers/CMSIS/Include -O0 -ffunction-sections -fdata-sections -Wall -fstack-usage -fcyclomatic-complexity -MMD -MP -MF"Core/Src/swControll.d" -MT"Core/Src/swControll.o" --specs=nano.specs -mfpu=fpv4-sp-d16 -mfloat-abi=hard -mthumb -o "Core/Src/swControll.o"
../Core/Src/swControll.c: In function 'sw1Controll':
../Core/Src/swControll.c:29:28: warning: pointer targets in passing argument 1 of 'sprintf' differ in signedness [-Wpointer-sign]
   29 |                 sprintf(pe3.buffer, "%4d   %d  %d", pe3.pressCnt, MID_PRESS, LONG_PRESS);
      |                         ~~~^~~~~~~
      |                            |
      |                            uint8_t * {aka unsigned char *}
In file included from ../Core/Inc/swControll.h:11,
                 from ../Core/Src/swControll.c:7:
D:\ST\STM32CubeIDE_1.15.1\STM32CubeIDE\plugins\com.st.stm32cube.ide.mcu.externaltools.gnu-tools-for-stm32.12.3.rel1.win32_1.0.100.202403111256\tools\bin/../lib/gcc/arm-none-eabi/12.3.1/../../../../arm-none-eabi/include/stdio.h:250:18: note: expected 'char * restrict' but argument is of type 'uint8_t *' {aka 'unsigned char *'}
  250 | int     sprintf (char *__restrict, const char *__restrict, ...)
      |                  ^
../Core/Src/swControll.c:35:41: warning: pointer targets in passing argument 3 of 'CLCD_Puts' differ in signedness [-Wpointer-sign]
   35 |                         CLCD_Puts(0, 1, "SHORT RELEASE");
      |                                         ^~~~~~~~~~~~~~~
      |                                         |
      |                                         char *
In file included from ../Core/Inc/swControll.h:14:
../Core/Inc/CLCD.h:57:65: note: expected 'unsigned char *' but argument is of type 'char *'
   57 | void CLCD_Puts(unsigned char x, unsigned char y, unsigned char *str);
      |                                                  ~~~~~~~~~~~~~~~^~~
../Core/Src/swControll.c:38:41: warning: pointer targets in passing argument 3 of 'CLCD_Puts' differ in signedness [-Wpointer-sign]
   38 |                         CLCD_Puts(0, 1, "MID RELEASE");
      |                                         ^~~~~~~~~~~~~
      |                                         |
      |                                         char *
../Core/Inc/CLCD.h:57:65: note: expected 'unsigned char *' but argument is of type 'char *'
   57 | void CLCD_Puts(unsigned char x, unsigned char y, unsigned char *str);
      |                                                  ~~~~~~~~~~~~~~~^~~
../Core/Src/swControll.c:41:41: warning: pointer targets in passing argument 3 of 'CLCD_Puts' differ in signedness [-Wpointer-sign]
   41 |                         CLCD_Puts(0, 1, "LONG RELEASE");
      |                                         ^~~~~~~~~~~~~~
      |                                         |
      |                                         char *
../Core/Inc/CLCD.h:57:65: note: expected 'unsigned char *' but argument is of type 'char *'
   57 | void CLCD_Puts(unsigned char x, unsigned char y, unsigned char *str);
      |                                                  ~~~~~~~~~~~~~~~^~~
arm-none-eabi-gcc -o "DigitalAlramProject.elf" @"objects.list"   -mcpu=cortex-m4 -T"C:\Users\ckckc\Desktop\digitalAlarmProject\DigitalAlramProject\STM32F407VETX_FLASH.ld" --specs=nosys.specs -Wl,-Map="DigitalAlramProject.map" -Wl,--gc-sections -static --specs=nano.specs -mfpu=fpv4-sp-d16 -mfloat-abi=hard -mthumb -Wl,--start-group -lc -lm -Wl,--end-group
Finished building target: DigitalAlramProject.elf
 
arm-none-eabi-size  DigitalAlramProject.elf 
arm-none-eabi-objdump -h -S DigitalAlramProject.elf  > "DigitalAlramProject.list"
   text	   data	    bss	    dec	    hex	filename
  21544	    280	   2104	  23928	   5d78	DigitalAlramProject.elf
Finished building: default.size.stdout
 
Finished building: DigitalAlramProject.list
 
22:26:40 **** Incremental Build of configuration Debug for project DigitalAlramProject ****
make -j12 all 
arm-none-eabi-gcc "../Core/Src/swControll.c" -mcpu=cortex-m4 -std=gnu11 -g3 -DDEBUG -DUSE_HAL_DRIVER -DSTM32F407xx -c -I../Core/Inc -I../Drivers/STM32F4xx_HAL_Driver/Inc -I../Drivers/STM32F4xx_HAL_Driver/Inc/Legacy -I../Drivers/CMSIS/Device/ST/STM32F4xx/Include -I../Drivers/CMSIS/Include -O0 -ffunction-sections -fdata-sections -Wall -fstack-usage -fcyclomatic-complexity -MMD -MP -MF"Core/Src/swControll.d" -MT"Core/Src/swControll.o" --specs=nano.specs -mfpu=fpv4-sp-d16 -mfloat-abi=hard -mthumb -o "Core/Src/swControll.o"
../Core/Src/swControll.c: In function 'sw1Controll':
../Core/Src/swControll.c:29:28: warning: pointer targets in passing argument 1 of 'sprintf' differ in signedness [-Wpointer-sign]
   29 |                 sprintf(pe3.buffer, "%4d   %d  %d", pe3.pressCnt, MID_PRESS, LONG_PRESS);
      |                         ~~~^~~~~~~
      |                            |
      |                            uint8_t * {aka unsigned char *}
In file included from ../Core/Inc/swControll.h:11,
                 from ../Core/Src/swControll.c:7:
D:\ST\STM32CubeIDE_1.15.1\STM32CubeIDE\plugins\com.st.stm32cube.ide.mcu.externaltools.gnu-tools-for-stm32.12.3.rel1.win32_1.0.100.202403111256\tools\bin/../lib/gcc/arm-none-eabi/12.3.1/../../../../arm-none-eabi/include/stdio.h:250:18: note: expected 'char * restrict' but argument is of type 'uint8_t *' {aka 'unsigned char *'}
  250 | int     sprintf (char *__restrict, const char *__restrict, ...)
      |                  ^
../Core/Src/swControll.c:35:41: warning: pointer targets in passing argument 3 of 'CLCD_Puts' differ in signedness [-Wpointer-sign]
   35 |                         CLCD_Puts(0, 1, "SHORT RELEASE");
      |                                         ^~~~~~~~~~~~~~~
      |                                         |
      |                                         char *
In file included from ../Core/Inc/swControll.h:14:
../Core/Inc/CLCD.h:57:65: note: expected 'unsigned char *' but argument is of type 'char *'
   57 | void CLCD_Puts(unsigned char x, unsigned char y, unsigned char *str);
      |                                                  ~~~~~~~~~~~~~~~^~~
../Core/Src/swControll.c:38:41: warning: pointer targets in passing argument 3 of 'CLCD_Puts' differ in signedness [-Wpointer-sign]
   38 |                         CLCD_Puts(0, 1, "MID RELEASE");
      |                                         ^~~~~~~~~~~~~
      |                                         |
      |                                         char *
../Core/Inc/CLCD.h:57:65: note: expected 'unsigned char *' but argument is of type 'char *'
   57 | void CLCD_Puts(unsigned char x, unsigned char y, unsigned char *str);
      |                                                  ~~~~~~~~~~~~~~~^~~
../Core/Src/swControll.c:41:41: warning: pointer targets in passing argument 3 of 'CLCD_Puts' differ in signedness [-Wpointer-sign]
   41 |                         CLCD_Puts(0, 1, "LONG RELEASE");
      |                                         ^~~~~~~~~~~~~~
      |                                         |
      |                                         char *
../Core/Inc/CLCD.h:57:65: note: expected 'unsigned char *' but argument is of type 'char *'
   57 | void CLCD_Puts(unsigned char x, unsigned char y, unsigned char *str);
      |                                                  ~~~~~~~~~~~~~~~^~~
arm-none-eabi-gcc -o "DigitalAlramProject.elf" @"objects.list"   -mcpu=cortex-m4 -T"C:\Users\ckckc\Desktop\digitalAlarmProject\DigitalAlramProject\STM32F407VETX_FLASH.ld" --specs=nosys.specs -Wl,-Map="DigitalAlramProject.map" -Wl,--gc-sections -static --specs=nano.specs -mfpu=fpv4-sp-d16 -mfloat-abi=hard -mthumb -Wl,--start-group -lc -lm -Wl,--end-group
Finished building target: DigitalAlramProject.elf
 
arm-none-eabi-size  DigitalAlramProject.elf 
arm-none-eabi-objdump -h -S DigitalAlramProject.elf  > "DigitalAlramProject.list"
   text	   data	    bss	    dec	    hex	filename
  21544	    280	   2104	  23928	   5d78	DigitalAlramProject.elf
Finished building: default.size.stdout
 
Finished building: DigitalAlramProject.list
 
22:29:27 **** Incremental Build of configuration Debug for project DigitalAlramProject ****
make -j12 all 
arm-none-eabi-gcc "../Core/Src/main.c" -mcpu=cortex-m4 -std=gnu11 -g3 -DDEBUG -DUSE_HAL_DRIVER -DSTM32F407xx -c -I../Core/Inc -I../Drivers/STM32F4xx_HAL_Driver/Inc -I../Drivers/STM32F4xx_HAL_Driver/Inc/Legacy -I../Drivers/CMSIS/Device/ST/STM32F4xx/Include -I../Drivers/CMSIS/Include -O0 -ffunction-sections -fdata-sections -Wall -fstack-usage -fcyclomatic-complexity -MMD -MP -MF"Core/Src/main.d" -MT"Core/Src/main.o" --specs=nano.specs -mfpu=fpv4-sp-d16 -mfloat-abi=hard -mthumb -o "Core/Src/main.o"
arm-none-eabi-gcc "../Core/Src/swControll.c" -mcpu=cortex-m4 -std=gnu11 -g3 -DDEBUG -DUSE_HAL_DRIVER -DSTM32F407xx -c -I../Core/Inc -I../Drivers/STM32F4xx_HAL_Driver/Inc -I../Drivers/STM32F4xx_HAL_Driver/Inc/Legacy -I../Drivers/CMSIS/Device/ST/STM32F4xx/Include -I../Drivers/CMSIS/Include -O0 -ffunction-sections -fdata-sections -Wall -fstack-usage -fcyclomatic-complexity -MMD -MP -MF"Core/Src/swControll.d" -MT"Core/Src/swControll.o" --specs=nano.specs -mfpu=fpv4-sp-d16 -mfloat-abi=hard -mthumb -o "Core/Src/swControll.o"
../Core/Src/swControll.c: In function 'sw1Controll':
../Core/Src/swControll.c:29:28: warning: pointer targets in passing argument 1 of 'sprintf' differ in signedness [-Wpointer-sign]
   29 |                 sprintf(pe3.buffer, "%4d   %d  %d", pe3.pressCnt, MID_PRESS, LONG_PRESS);
      |                         ~~~^~~~~~~
      |                            |
      |                            uint8_t * {aka unsigned char *}
In file included from ../Core/Inc/swControll.h:11,
                 from ../Core/Src/swControll.c:7:
D:\ST\STM32CubeIDE_1.15.1\STM32CubeIDE\plugins\com.st.stm32cube.ide.mcu.externaltools.gnu-tools-for-stm32.12.3.rel1.win32_1.0.100.202403111256\tools\bin/../lib/gcc/arm-none-eabi/12.3.1/../../../../arm-none-eabi/include/stdio.h:250:18: note: expected 'char * restrict' but argument is of type 'uint8_t *' {aka 'unsigned char *'}
  250 | int     sprintf (char *__restrict, const char *__restrict, ...)
      |                  ^
../Core/Src/swControll.c:35:41: warning: pointer targets in passing argument 3 of 'CLCD_Puts' differ in signedness [-Wpointer-sign]
   35 |                         CLCD_Puts(0, 1, "SHORT RELEASE");
      |                                         ^~~~~~~~~~~~~~~
      |                                         |
      |                                         char *
In file included from ../Core/Inc/swControll.h:14:
../Core/Inc/CLCD.h:57:65: note: expected 'unsigned char *' but argument is of type 'char *'
   57 | void CLCD_Puts(unsigned char x, unsigned char y, unsigned char *str);
      |                                                  ~~~~~~~~~~~~~~~^~~
../Core/Src/swControll.c:39:41: warning: pointer targets in passing argument 3 of 'CLCD_Puts' differ in signedness [-Wpointer-sign]
   39 |                         CLCD_Puts(0, 1, "MID RELEASE");
      |                                         ^~~~~~~~~~~~~
      |                                         |
      |                                         char *
../Core/Inc/CLCD.h:57:65: note: expected 'unsigned char *' but argument is of type 'char *'
   57 | void CLCD_Puts(unsigned char x, unsigned char y, unsigned char *str);
      |                                                  ~~~~~~~~~~~~~~~^~~
../Core/Src/swControll.c:43:41: warning: pointer targets in passing argument 3 of 'CLCD_Puts' differ in signedness [-Wpointer-sign]
   43 |                         CLCD_Puts(0, 1, "LONG RELEASE");
      |                                         ^~~~~~~~~~~~~~
      |                                         |
      |                                         char *
../Core/Inc/CLCD.h:57:65: note: expected 'unsigned char *' but argument is of type 'char *'
   57 | void CLCD_Puts(unsigned char x, unsigned char y, unsigned char *str);
      |                                                  ~~~~~~~~~~~~~~~^~~
arm-none-eabi-gcc -o "DigitalAlramProject.elf" @"objects.list"   -mcpu=cortex-m4 -T"C:\Users\ckckc\Desktop\digitalAlarmProject\DigitalAlramProject\STM32F407VETX_FLASH.ld" --specs=nosys.specs -Wl,-Map="DigitalAlramProject.map" -Wl,--gc-sections -static --specs=nano.specs -mfpu=fpv4-sp-d16 -mfloat-abi=hard -mthumb -Wl,--start-group -lc -lm -Wl,--end-group
Finished building target: DigitalAlramProject.elf
 
arm-none-eabi-size  DigitalAlramProject.elf 
arm-none-eabi-objdump -h -S DigitalAlramProject.elf  > "DigitalAlramProject.list"
   text	   data	    bss	    dec	    hex	filename
  21516	    280	   2104	  23900	   5d5c	DigitalAlramProject.elf
Finished building: default.size.stdout
 
Finished building: DigitalAlramProject.list
 
